../Core/Src/main.c:94:5:main	40	static
../Core/Src/main.c:157:6:SystemClock_Config	120	static
../Core/Src/main.c:216:13:MX_DCMI_Init	8	static
../Core/Src/main.c:253:13:MX_I2C2_Init	8	static
../Core/Src/main.c:301:13:MX_SDMMC1_SD_Init	8	static
../Core/Src/main.c:332:13:MX_SPI2_Init	8	static
../Core/Src/main.c:380:13:MX_TIM1_Init	96	static
../Core/Src/main.c:449:13:MX_TIM2_Init	48	static
../Core/Src/main.c:506:13:MX_TIM3_Init	48	static
../Core/Src/main.c:559:13:MX_TIM4_Init	48	static
../Core/Src/main.c:612:13:MX_TIM14_Init	40	static
../Core/Src/main.c:658:13:MX_USART1_UART_Init	8	static
../Core/Src/main.c:706:13:MX_USB_OTG_FS_PCD_Init	8	static
../Core/Src/main.c:742:13:MX_GPIO_Init	56	static
../Core/Src/main.c:794:6:MPU_Config	24	static
../Core/Src/main.c:825:6:Error_Handler	4	static,ignoring_inline_asm
