../Drivers/CMSIS/Include/core_cm7.h:2156:34:__NVIC_SystemReset	4	static,ignoring_inline_asm
../Core/Src/main.c:216:5:main	16	static
../Core/Src/main.c:415:6:SystemClock_Config	120	static
../Core/Src/main.c:474:13:MX_DCMI_Init	8	static
../Core/Src/main.c:511:13:MX_I2C2_Init	8	static
../Core/Src/main.c:559:13:MX_JPEG_Init	8	static
../Core/Src/main.c:585:13:MX_SPI2_Init	8	static
../Core/Src/main.c:633:13:MX_TIM1_Init	96	static
../Core/Src/main.c:702:13:MX_TIM2_Init	48	static
../Core/Src/main.c:759:13:MX_TIM3_Init	48	static
../Core/Src/main.c:812:13:MX_TIM4_Init	48	static
../Core/Src/main.c:865:13:MX_TIM5_Init	40	static
../Core/Src/main.c:910:13:MX_TIM14_Init	40	static
../Core/Src/main.c:956:13:MX_USART1_UART_Init	8	static
../Core/Src/main.c:1003:13:MX_DMA_Init	16	static
../Core/Src/main.c:1023:13:MX_MDMA_Init	16	static
../Core/Src/main.c:1042:13:MX_GPIO_Init	56	static
../Core/Src/main.c:1101:6:NetworkTimeout	4	static
../Core/Src/main.c:1125:6:SCH_XBeeRX	24	static
../Core/Src/main.c:1202:6:SCH_XBeeTX	16	static
../Core/Src/main.c:1254:6:SCH_CTRL	24	static
../Core/Src/main.c:1308:6:SCH_PowerMon	8	static
../Core/Src/main.c:1326:6:SCH_Camera	16	static
../Core/Src/main.c:1341:6:SCH_JPEG	16	static
../Core/Src/main.c:1357:6:SCH_DEBUG	40	static
../Core/Src/main.c:1392:6:HAL_DCMI_VsyncEventCallback	16	static
../Core/Src/main.c:1408:6:HAL_UART_RxCpltCallback	16	static
../Core/Src/main.c:1413:6:HAL_JPEG_GetDataCallback	16	static
../Core/Src/main.c:1432:6:HAL_JPEG_DataReadyCallback	24	static
../Core/Src/main.c:1439:6:HAL_JPEG_EncodeCpltCallback	16	static
../Core/Src/main.c:1447:6:HAL_JPEG_ErrorCallback	16	static
../Core/Src/main.c:1455:10:DeltaTime	24	static
../Core/Src/main.c:1466:6:WriteDebug	16	static
../Core/Src/main.c:1470:19:CAM_GetRegister	128	static
../Core/Src/main.c:1503:19:CAM_SetRegister	136	static
../Core/Src/main.c:1553:9:GenerateJPEGMCUBlock	32	static
../Core/Src/main.c:1581:6:MPU_Config	24	static
../Core/Src/main.c:1612:6:Error_Handler	4	static,ignoring_inline_asm
