../Core/Src/main.c:99:5:main	153728	static
../Core/Src/main.c:235:6:SystemClock_Config	120	static
../Core/Src/main.c:294:13:MX_DCMI_Init	8	static
../Core/Src/main.c:331:13:MX_I2C2_Init	8	static
../Core/Src/main.c:379:13:MX_SPI2_Init	8	static
../Core/Src/main.c:427:13:MX_TIM1_Init	96	static
../Core/Src/main.c:496:13:MX_TIM2_Init	48	static
../Core/Src/main.c:553:13:MX_TIM3_Init	48	static
../Core/Src/main.c:606:13:MX_TIM4_Init	48	static
../Core/Src/main.c:659:13:MX_TIM14_Init	40	static
../Core/Src/main.c:705:13:MX_USART1_UART_Init	8	static
../Core/Src/main.c:751:13:MX_DMA_Init	16	static
../Core/Src/main.c:769:13:MX_GPIO_Init	56	static
../Core/Src/main.c:827:19:CAM_GetRegister	128	static
../Core/Src/main.c:860:19:CAM_SetRegister	136	static
../Core/Src/main.c:913:6:MPU_Config	24	static
../Core/Src/main.c:944:6:Error_Handler	4	static,ignoring_inline_asm
