../Core/Src/main.c:99:5:main	8	static
../Core/Src/main.c:241:6:SystemClock_Config	120	static
../Core/Src/main.c:300:13:MX_DCMI_Init	8	static
../Core/Src/main.c:337:13:MX_I2C2_Init	8	static
../Core/Src/main.c:385:13:MX_SPI2_Init	8	static
../Core/Src/main.c:433:13:MX_TIM1_Init	96	static
../Core/Src/main.c:502:13:MX_TIM2_Init	48	static
../Core/Src/main.c:559:13:MX_TIM3_Init	48	static
../Core/Src/main.c:612:13:MX_TIM4_Init	48	static
../Core/Src/main.c:665:13:MX_TIM14_Init	40	static
../Core/Src/main.c:711:13:MX_USART1_UART_Init	8	static
../Core/Src/main.c:757:13:MX_DMA_Init	16	static
../Core/Src/main.c:775:13:MX_GPIO_Init	56	static
../Core/Src/main.c:833:19:CAM_GetRegister	128	static
../Core/Src/main.c:866:19:CAM_SetRegister	136	static
../Core/Src/main.c:919:6:MPU_Config	24	static
../Core/Src/main.c:950:6:Error_Handler	4	static,ignoring_inline_asm
