../Drivers/CMSIS/Include/core_cm7.h:2156:34:__NVIC_SystemReset	4	static,ignoring_inline_asm
../Core/Src/main.c:209:5:main	8	static
../Core/Src/main.c:410:6:SystemClock_Config	120	static
../Core/Src/main.c:469:13:MX_DCMI_Init	8	static
../Core/Src/main.c:506:13:MX_I2C2_Init	8	static
../Core/Src/main.c:554:13:MX_JPEG_Init	8	static
../Core/Src/main.c:580:13:MX_SPI2_Init	8	static
../Core/Src/main.c:628:13:MX_TIM1_Init	96	static
../Core/Src/main.c:697:13:MX_TIM2_Init	48	static
../Core/Src/main.c:754:13:MX_TIM3_Init	48	static
../Core/Src/main.c:807:13:MX_TIM4_Init	48	static
../Core/Src/main.c:860:13:MX_TIM5_Init	40	static
../Core/Src/main.c:905:13:MX_TIM14_Init	40	static
../Core/Src/main.c:951:13:MX_USART1_UART_Init	8	static
../Core/Src/main.c:998:13:MX_DMA_Init	16	static
../Core/Src/main.c:1018:13:MX_MDMA_Init	16	static
../Core/Src/main.c:1037:13:MX_GPIO_Init	56	static
../Core/Src/main.c:1096:6:NetworkTimeout	4	static
../Core/Src/main.c:1120:6:SCH_XBeeRX	24	static
../Core/Src/main.c:1178:6:SCH_XBeeTX	16	static
../Core/Src/main.c:1230:6:SCH_CTRL	24	static
../Core/Src/main.c:1284:6:SCH_Camera	16	static
../Core/Src/main.c:1299:6:SCH_JPEG	16	static
../Core/Src/main.c:1315:6:SCH_DEBUG	24	static
../Core/Src/main.c:1341:6:HAL_DCMI_VsyncEventCallback	16	static
../Core/Src/main.c:1357:6:HAL_UART_RxCpltCallback	16	static
../Core/Src/main.c:1362:6:HAL_JPEG_GetDataCallback	16	static
../Core/Src/main.c:1381:6:HAL_JPEG_DataReadyCallback	24	static
../Core/Src/main.c:1388:6:HAL_JPEG_EncodeCpltCallback	16	static
../Core/Src/main.c:1396:6:HAL_JPEG_ErrorCallback	16	static
../Core/Src/main.c:1404:10:DeltaTime	24	static
../Core/Src/main.c:1415:6:WriteDebug	16	static
../Core/Src/main.c:1419:19:CAM_GetRegister	128	static
../Core/Src/main.c:1452:19:CAM_SetRegister	136	static
../Core/Src/main.c:1502:9:GenerateJPEGMCUBlock	32	static
../Core/Src/main.c:1530:6:MPU_Config	24	static
../Core/Src/main.c:1561:6:Error_Handler	4	static,ignoring_inline_asm
