../Core/Src/main.c:88:5:main	153728	static
../Core/Src/main.c:198:6:SystemClock_Config	120	static
../Core/Src/main.c:257:13:MX_DCMI_Init	8	static
../Core/Src/main.c:294:13:MX_I2C2_Init	8	static
../Core/Src/main.c:342:13:MX_TIM14_Init	40	static
../Core/Src/main.c:388:13:MX_USART1_UART_Init	8	static
../Core/Src/main.c:434:13:MX_DMA_Init	16	static
../Core/Src/main.c:455:13:MX_GPIO_Init	32	static
../Core/Src/main.c:476:19:CAM_GetRegister	128	static
../Core/Src/main.c:509:19:CAM_SetRegister	136	static
../Core/Src/main.c:562:6:MPU_Config	24	static
../Core/Src/main.c:593:6:Error_Handler	4	static,ignoring_inline_asm
