../Core/Src/main.c:145:5:main	32	static
../Core/Src/main.c:367:6:SystemClock_Config	120	static
../Core/Src/main.c:426:13:MX_DCMI_Init	8	static
../Core/Src/main.c:463:13:MX_I2C2_Init	8	static
../Core/Src/main.c:511:13:MX_JPEG_Init	8	static
../Core/Src/main.c:537:13:MX_SPI2_Init	8	static
../Core/Src/main.c:585:13:MX_TIM1_Init	96	static
../Core/Src/main.c:654:13:MX_TIM2_Init	48	static
../Core/Src/main.c:711:13:MX_TIM3_Init	48	static
../Core/Src/main.c:764:13:MX_TIM4_Init	48	static
../Core/Src/main.c:817:13:MX_TIM14_Init	40	static
../Core/Src/main.c:863:13:MX_USART1_UART_Init	8	static
../Core/Src/main.c:909:13:MX_DMA_Init	16	static
../Core/Src/main.c:925:13:MX_MDMA_Init	16	static
../Core/Src/main.c:944:13:MX_GPIO_Init	56	static
../Core/Src/main.c:1004:6:HAL_DCMI_VsyncEventCallback	16	static
../Core/Src/main.c:1020:6:HAL_JPEG_GetDataCallback	16	static
../Core/Src/main.c:1042:6:HAL_JPEG_DataReadyCallback	24	static
../Core/Src/main.c:1052:6:HAL_JPEG_EncodeCpltCallback	16	static
../Core/Src/main.c:1063:6:WriteDebug	16	static
../Core/Src/main.c:1067:19:CAM_GetRegister	128	static
../Core/Src/main.c:1100:19:CAM_SetRegister	136	static
../Core/Src/main.c:1150:9:GenerateJPEGMCUBlock	32	static
../Core/Src/main.c:1173:6:MPU_Config	24	static
../Core/Src/main.c:1204:6:Error_Handler	4	static,ignoring_inline_asm
