../Drivers/CMSIS/Include/core_cm7.h:2156:34:__NVIC_SystemReset	4	static,ignoring_inline_asm
../Core/Src/main.c:189:5:main	16	static
../Core/Src/main.c:375:6:SystemClock_Config	120	static
../Core/Src/main.c:434:13:MX_DCMI_Init	8	static
../Core/Src/main.c:471:13:MX_I2C2_Init	8	static
../Core/Src/main.c:519:13:MX_JPEG_Init	8	static
../Core/Src/main.c:545:13:MX_SPI2_Init	8	static
../Core/Src/main.c:593:13:MX_TIM1_Init	96	static
../Core/Src/main.c:662:13:MX_TIM2_Init	48	static
../Core/Src/main.c:719:13:MX_TIM3_Init	48	static
../Core/Src/main.c:772:13:MX_TIM4_Init	48	static
../Core/Src/main.c:825:13:MX_TIM5_Init	40	static
../Core/Src/main.c:870:13:MX_TIM14_Init	40	static
../Core/Src/main.c:916:13:MX_USART1_UART_Init	8	static
../Core/Src/main.c:963:13:MX_DMA_Init	16	static
../Core/Src/main.c:983:13:MX_MDMA_Init	16	static
../Core/Src/main.c:1002:13:MX_GPIO_Init	56	static
../Core/Src/main.c:1061:6:NetworkTimeout	8	static
../Core/Src/main.c:1082:6:SCH_XBeeRX	24	static
../Core/Src/main.c:1147:6:SCH_XBeeTX	16	static
../Core/Src/main.c:1199:6:SCH_Camera	16	static
../Core/Src/main.c:1214:6:SCH_JPEG	16	static
../Core/Src/main.c:1232:6:HAL_DCMI_VsyncEventCallback	16	static
../Core/Src/main.c:1248:6:HAL_UART_RxCpltCallback	16	static
../Core/Src/main.c:1253:6:HAL_JPEG_GetDataCallback	16	static
../Core/Src/main.c:1272:6:HAL_JPEG_DataReadyCallback	24	static
../Core/Src/main.c:1279:6:HAL_JPEG_EncodeCpltCallback	16	static
../Core/Src/main.c:1287:6:HAL_JPEG_ErrorCallback	16	static
../Core/Src/main.c:1295:10:DeltaTime	24	static
../Core/Src/main.c:1306:6:WriteDebug	16	static
../Core/Src/main.c:1310:19:CAM_GetRegister	128	static
../Core/Src/main.c:1343:19:CAM_SetRegister	136	static
../Core/Src/main.c:1393:9:GenerateJPEGMCUBlock	32	static
../Core/Src/main.c:1421:6:MPU_Config	24	static
../Core/Src/main.c:1452:6:Error_Handler	4	static,ignoring_inline_asm
