../Drivers/CMSIS/Include/core_cm7.h:2156:34:__NVIC_SystemReset	4	static,ignoring_inline_asm
../Core/Src/main.c:220:5:main	16	static
../Core/Src/main.c:419:6:SystemClock_Config	120	static
../Core/Src/main.c:476:13:MX_DCMI_Init	8	static
../Core/Src/main.c:511:13:MX_I2C2_Init	8	static
../Core/Src/main.c:556:13:MX_JPEG_Init	8	static
../Core/Src/main.c:580:13:MX_SPI2_Init	8	static
../Core/Src/main.c:628:13:MX_TIM1_Init	96	static
../Core/Src/main.c:695:13:MX_TIM2_Init	48	static
../Core/Src/main.c:750:13:MX_TIM3_Init	48	static
../Core/Src/main.c:801:13:MX_TIM4_Init	48	static
../Core/Src/main.c:852:13:MX_TIM5_Init	40	static
../Core/Src/main.c:894:13:MX_TIM14_Init	40	static
../Core/Src/main.c:937:13:MX_USART1_UART_Init	8	static
../Core/Src/main.c:982:13:MX_DMA_Init	16	static
../Core/Src/main.c:1001:13:MX_MDMA_Init	16	static
../Core/Src/main.c:1019:13:MX_GPIO_Init	56	static
../Core/Src/main.c:1077:6:NetworkTimeout	4	static
../Core/Src/main.c:1101:6:SCH_XBeeRX	24	static
../Core/Src/main.c:1159:6:SCH_XBeeTX	16	static
../Core/Src/main.c:1215:6:SCH_CTRL	32	static
../Core/Src/main.c:1283:6:SCH_PowerMon	8	static
../Core/Src/main.c:1295:6:SCH_Camera	16	static
../Core/Src/main.c:1313:6:SCH_JPEG	16	static
../Core/Src/main.c:1332:6:SCH_DEBUG	40	static
../Core/Src/main.c:1375:6:HAL_DCMI_VsyncEventCallback	16	static
../Core/Src/main.c:1392:6:HAL_UART_RxCpltCallback	16	static
../Core/Src/main.c:1397:6:HAL_JPEG_GetDataCallback	16	static
../Core/Src/main.c:1415:6:HAL_JPEG_DataReadyCallback	24	static
../Core/Src/main.c:1423:6:HAL_JPEG_EncodeCpltCallback	16	static
../Core/Src/main.c:1431:6:HAL_JPEG_ErrorCallback	16	static
../Core/Src/main.c:1439:10:DeltaTime	24	static
../Core/Src/main.c:1450:6:WriteDebug	16	static
../Core/Src/main.c:1454:19:CAM_GetRegister	128	static
../Core/Src/main.c:1491:19:CAM_SetRegister	136	static
../Core/Src/main.c:1548:9:GenerateJPEGMCUBlock	32	static
../Core/Src/main.c:1580:6:MPU_Config	24	static
../Core/Src/main.c:1610:6:Error_Handler	4	static,ignoring_inline_asm
