../Core/Src/main.c:110:5:main	16	static
../Core/Src/main.c:230:6:SystemClock_Config	120	static
../Core/Src/main.c:288:6:PeriphCommonClock_Config	200	static
../Core/Src/main.c:315:13:MX_ADC1_Init	48	static
../Core/Src/main.c:393:13:MX_I2C1_Init	8	static
../Core/Src/main.c:441:13:MX_I2C2_Init	8	static
../Core/Src/main.c:489:13:MX_JPEG_Init	8	static
../Core/Src/main.c:515:13:MX_SPI4_Init	8	static
../Core/Src/main.c:563:13:MX_TIM14_Init	8	static
../Core/Src/main.c:594:13:MX_USART1_UART_Init	8	static
../Core/Src/main.c:640:13:MX_DMA_Init	16	static
../Core/Src/main.c:662:13:MX_MDMA_Init	16	static
../Core/Src/main.c:681:13:MX_GPIO_Init	48	static
../Core/Src/main.c:715:6:HAL_ADC_ConvCpltCallback	24	static
../Core/Src/main.c:734:6:MPU_Config	24	static
../Core/Src/main.c:765:6:Error_Handler	4	static,ignoring_inline_asm
