Archive member included to satisfy reference by file (symbol)

C:/ST/STM32CubeIDE_1.18.0/STM32CubeIDE/plugins/com.st.stm32cube.ide.mcu.externaltools.gnu-tools-for-stm32.13.3.rel1.win32_1.0.0.202411081344/tools/bin/../lib/gcc/arm-none-eabi/13.3.1/../../../../arm-none-eabi/lib/thumb/v7e-m+dp/hard\libc_nano.a(libc_a-exit.o)
                              C:/ST/STM32CubeIDE_1.18.0/STM32CubeIDE/plugins/com.st.stm32cube.ide.mcu.externaltools.gnu-tools-for-stm32.13.3.rel1.win32_1.0.0.202411081344/tools/bin/../lib/gcc/arm-none-eabi/13.3.1/../../../../arm-none-eabi/lib/thumb/v7e-m+dp/hard/crt0.o (exit)
C:/ST/STM32CubeIDE_1.18.0/STM32CubeIDE/plugins/com.st.stm32cube.ide.mcu.externaltools.gnu-tools-for-stm32.13.3.rel1.win32_1.0.0.202411081344/tools/bin/../lib/gcc/arm-none-eabi/13.3.1/../../../../arm-none-eabi/lib/thumb/v7e-m+dp/hard\libc_nano.a(libc_a-findfp.o)
                              C:/ST/STM32CubeIDE_1.18.0/STM32CubeIDE/plugins/com.st.stm32cube.ide.mcu.externaltools.gnu-tools-for-stm32.13.3.rel1.win32_1.0.0.202411081344/tools/bin/../lib/gcc/arm-none-eabi/13.3.1/../../../../arm-none-eabi/lib/thumb/v7e-m+dp/hard\libc_nano.a(libc_a-exit.o) (__stdio_exit_handler)
C:/ST/STM32CubeIDE_1.18.0/STM32CubeIDE/plugins/com.st.stm32cube.ide.mcu.externaltools.gnu-tools-for-stm32.13.3.rel1.win32_1.0.0.202411081344/tools/bin/../lib/gcc/arm-none-eabi/13.3.1/../../../../arm-none-eabi/lib/thumb/v7e-m+dp/hard\libc_nano.a(libc_a-fwalk.o)
                              C:/ST/STM32CubeIDE_1.18.0/STM32CubeIDE/plugins/com.st.stm32cube.ide.mcu.externaltools.gnu-tools-for-stm32.13.3.rel1.win32_1.0.0.202411081344/tools/bin/../lib/gcc/arm-none-eabi/13.3.1/../../../../arm-none-eabi/lib/thumb/v7e-m+dp/hard\libc_nano.a(libc_a-findfp.o) (_fwalk_sglue)
C:/ST/STM32CubeIDE_1.18.0/STM32CubeIDE/plugins/com.st.stm32cube.ide.mcu.externaltools.gnu-tools-for-stm32.13.3.rel1.win32_1.0.0.202411081344/tools/bin/../lib/gcc/arm-none-eabi/13.3.1/../../../../arm-none-eabi/lib/thumb/v7e-m+dp/hard\libc_nano.a(libc_a-sprintf.o)
                              ./Core/Src/main.o (sprintf)
C:/ST/STM32CubeIDE_1.18.0/STM32CubeIDE/plugins/com.st.stm32cube.ide.mcu.externaltools.gnu-tools-for-stm32.13.3.rel1.win32_1.0.0.202411081344/tools/bin/../lib/gcc/arm-none-eabi/13.3.1/../../../../arm-none-eabi/lib/thumb/v7e-m+dp/hard\libc_nano.a(libc_a-stdio.o)
                              C:/ST/STM32CubeIDE_1.18.0/STM32CubeIDE/plugins/com.st.stm32cube.ide.mcu.externaltools.gnu-tools-for-stm32.13.3.rel1.win32_1.0.0.202411081344/tools/bin/../lib/gcc/arm-none-eabi/13.3.1/../../../../arm-none-eabi/lib/thumb/v7e-m+dp/hard\libc_nano.a(libc_a-findfp.o) (__sread)
C:/ST/STM32CubeIDE_1.18.0/STM32CubeIDE/plugins/com.st.stm32cube.ide.mcu.externaltools.gnu-tools-for-stm32.13.3.rel1.win32_1.0.0.202411081344/tools/bin/../lib/gcc/arm-none-eabi/13.3.1/../../../../arm-none-eabi/lib/thumb/v7e-m+dp/hard\libc_nano.a(libc_a-memset.o)
                              C:/ST/STM32CubeIDE_1.18.0/STM32CubeIDE/plugins/com.st.stm32cube.ide.mcu.externaltools.gnu-tools-for-stm32.13.3.rel1.win32_1.0.0.202411081344/tools/bin/../lib/gcc/arm-none-eabi/13.3.1/../../../../arm-none-eabi/lib/thumb/v7e-m+dp/hard/crt0.o (memset)
C:/ST/STM32CubeIDE_1.18.0/STM32CubeIDE/plugins/com.st.stm32cube.ide.mcu.externaltools.gnu-tools-for-stm32.13.3.rel1.win32_1.0.0.202411081344/tools/bin/../lib/gcc/arm-none-eabi/13.3.1/../../../../arm-none-eabi/lib/thumb/v7e-m+dp/hard\libc_nano.a(libc_a-closer.o)
                              C:/ST/STM32CubeIDE_1.18.0/STM32CubeIDE/plugins/com.st.stm32cube.ide.mcu.externaltools.gnu-tools-for-stm32.13.3.rel1.win32_1.0.0.202411081344/tools/bin/../lib/gcc/arm-none-eabi/13.3.1/../../../../arm-none-eabi/lib/thumb/v7e-m+dp/hard\libc_nano.a(libc_a-stdio.o) (_close_r)
C:/ST/STM32CubeIDE_1.18.0/STM32CubeIDE/plugins/com.st.stm32cube.ide.mcu.externaltools.gnu-tools-for-stm32.13.3.rel1.win32_1.0.0.202411081344/tools/bin/../lib/gcc/arm-none-eabi/13.3.1/../../../../arm-none-eabi/lib/thumb/v7e-m+dp/hard\libc_nano.a(libc_a-reent.o)
                              C:/ST/STM32CubeIDE_1.18.0/STM32CubeIDE/plugins/com.st.stm32cube.ide.mcu.externaltools.gnu-tools-for-stm32.13.3.rel1.win32_1.0.0.202411081344/tools/bin/../lib/gcc/arm-none-eabi/13.3.1/../../../../arm-none-eabi/lib/thumb/v7e-m+dp/hard\libc_nano.a(libc_a-closer.o) (errno)
C:/ST/STM32CubeIDE_1.18.0/STM32CubeIDE/plugins/com.st.stm32cube.ide.mcu.externaltools.gnu-tools-for-stm32.13.3.rel1.win32_1.0.0.202411081344/tools/bin/../lib/gcc/arm-none-eabi/13.3.1/../../../../arm-none-eabi/lib/thumb/v7e-m+dp/hard\libc_nano.a(libc_a-impure.o)
                              C:/ST/STM32CubeIDE_1.18.0/STM32CubeIDE/plugins/com.st.stm32cube.ide.mcu.externaltools.gnu-tools-for-stm32.13.3.rel1.win32_1.0.0.202411081344/tools/bin/../lib/gcc/arm-none-eabi/13.3.1/../../../../arm-none-eabi/lib/thumb/v7e-m+dp/hard\libc_nano.a(libc_a-sprintf.o) (_impure_ptr)
[...]
Memory Configuration

Name             Origin             Length             Attributes
FLASH            0x08000000         0x00080000         xr
FLASH2           0x08100000         0x00080000         xr
DTCMRAM          0x20000000         0x00020000         xrw
RAM_D1           0x24000000         0x00080000         xrw
RAM_D2           0x30000000         0x00048000         xrw
RAM_D3           0x38000000         0x00010000         xrw
ITCMRAM          0x00000000         0x00010000         xrw
*default*        0x00000000         0xffffffff

Linker script and memory map

LOAD C:/ST/STM32CubeIDE_1.18.0/STM32CubeIDE/plugins/com.st.stm32cube.ide.mcu.externaltools.gnu-tools-for-stm32.13.3.rel1.win32_1.0.0.202411081344/tools/bin/../lib/gcc/arm-none-eabi/13.3.1/thumb/v7e-m+dp/hard/crti.o
LOAD C:/ST/STM32CubeIDE_1.18.0/STM32CubeIDE/plugins/com.st.stm32cube.ide.mcu.externaltools.gnu-tools-for-stm32.13.3.rel1.win32_1.0.0.202411081344/tools/bin/../lib/gcc/arm-none-eabi/13.3.1/thumb/v7e-m+dp/hard/crtbegin.o
LOAD C:/ST/STM32CubeIDE_1.18.0/STM32CubeIDE/plugins/com.st.stm32cube.ide.mcu.externaltools.gnu-tools-for-stm32.13.3.rel1.win32_1.0.0.202411081344/tools/bin/../lib/gcc/arm-none-eabi/13.3.1/../../../../arm-none-eabi/lib/thumb/v7e-m+dp/hard/crt0.o
LOAD ./Core/Src/main.o
LOAD ./Core/Src/stm32h7xx_hal_msp.o
LOAD ./Core/Src/stm32h7xx_it.o
LOAD ./Core/Src/syscalls.o
LOAD ./Core/Src/sysmem.o
LOAD ./Core/Src/system_stm32h7xx.o
LOAD ./Core/Startup/startup_stm32h743vgtx.o
LOAD ./Drivers/SSD1306_Driver/Src/SSD1306.o
LOAD ./Drivers/STM32H7xx_HAL_Driver/Src/stm32h7xx_hal.o
LOAD ./Drivers/STM32H7xx_HAL_Driver/Src/stm32h7xx_hal_adc.o
LOAD ./Drivers/STM32H7xx_HAL_Driver/Src/stm32h7xx_hal_adc_ex.o
LOAD ./Drivers/STM32H7xx_HAL_Driver/Src/stm32h7xx_hal_cortex.o
LOAD ./Drivers/STM32H7xx_HAL_Driver/Src/stm32h7xx_hal_dma.o
LOAD ./Drivers/STM32H7xx_HAL_Driver/Src/stm32h7xx_hal_dma_ex.o
LOAD ./Drivers/STM32H7xx_HAL_Driver/Src/stm32h7xx_hal_exti.o
LOAD ./Drivers/STM32H7xx_HAL_Driver/Src/stm32h7xx_hal_flash.o
LOAD ./Drivers/STM32H7xx_HAL_Driver/Src/stm32h7xx_hal_flash_ex.o
LOAD ./Drivers/STM32H7xx_HAL_Driver/Src/stm32h7xx_hal_gpio.o
LOAD ./Drivers/STM32H7xx_HAL_Driver/Src/stm32h7xx_hal_hsem.o
LOAD ./Drivers/STM32H7xx_HAL_Driver/Src/stm32h7xx_hal_i2c.o
LOAD ./Drivers/STM32H7xx_HAL_Driver/Src/stm32h7xx_hal_i2c_ex.o
LOAD ./Drivers/STM32H7xx_HAL_Driver/Src/stm32h7xx_hal_jpeg.o
LOAD ./Drivers/STM32H7xx_HAL_Driver/Src/stm32h7xx_hal_mdma.o
LOAD ./Drivers/STM32H7xx_HAL_Driver/Src/stm32h7xx_hal_pcd.o
LOAD ./Drivers/STM32H7xx_HAL_Driver/Src/stm32h7xx_hal_pcd_ex.o
LOAD ./Drivers/STM32H7xx_HAL_Driver/Src/stm32h7xx_hal_pwr.o
LOAD ./Drivers/STM32H7xx_HAL_Driver/Src/stm32h7xx_hal_pwr_ex.o
LOAD ./Drivers/STM32H7xx_HAL_Driver/Src/stm32h7xx_hal_rcc.o
LOAD ./Drivers/STM32H7xx_HAL_Driver/Src/stm32h7xx_hal_rcc_ex.o
LOAD ./Drivers/STM32H7xx_HAL_Driver/Src/stm32h7xx_hal_spi.o
LOAD ./Drivers/STM32H7xx_HAL_Driver/Src/stm32h7xx_hal_spi_ex.o
LOAD ./Drivers/STM32H7xx_HAL_Driver/Src/stm32h7xx_hal_tim.o
LOAD ./Drivers/STM32H7xx_HAL_Driver/Src/stm32h7xx_hal_tim_ex.o
LOAD ./Drivers/STM32H7xx_HAL_Driver/Src/stm32h7xx_hal_uart.o
LOAD ./Drivers/STM32H7xx_HAL_Driver/Src/stm32h7xx_hal_uart_ex.o
LOAD ./Drivers/STM32H7xx_HAL_Driver/Src/stm32h7xx_ll_usb.o
LOAD ./Middlewares/ST/STM32_USB_Device_Library/Class/CDC/Src/usbd_cdc.o
LOAD ./Middlewares/ST/STM32_USB_Device_Library/Core/Src/usbd_core.o
LOAD ./Middlewares/ST/STM32_USB_Device_Library/Core/Src/usbd_ctlreq.o
LOAD ./Middlewares/ST/STM32_USB_Device_Library/Core/Src/usbd_ioreq.o
LOAD ./USB_DEVICE/App/usb_device.o
LOAD ./USB_DEVICE/App/usbd_cdc_if.o
LOAD ./USB_DEVICE/App/usbd_desc.o
LOAD ./USB_DEVICE/Target/usbd_conf.o
LOAD ./Utilities/JPEG/jpeg_utils.o
START GROUP
LOAD C:/ST/STM32CubeIDE_1.18.0/STM32CubeIDE/plugins/com.st.stm32cube.ide.mcu.externaltools.gnu-tools-for-stm32.13.3.rel1.win32_1.0.0.202411081344/tools/bin/../lib/gcc/arm-none-eabi/13.3.1/../../../../arm-none-eabi/lib/thumb/v7e-m+dp/hard\libc_nano.a
LOAD C:/ST/STM32CubeIDE_1.18.0/STM32CubeIDE/plugins/com.st.stm32cube.ide.mcu.externaltools.gnu-tools-for-stm32.13.3.rel1.win32_1.0.0.202411081344/tools/bin/../lib/gcc/arm-none-eabi/13.3.1/../../../../arm-none-eabi/lib/thumb/v7e-m+dp/hard\libm.a
END GROUP
START GROUP
LOAD C:/ST/STM32CubeIDE_1.18.0/STM32CubeIDE/plugins/com.st.stm32cube.ide.mcu.externaltools.gnu-tools-for-stm32.13.3.rel1.win32_1.0.0.202411081344/tools/bin/../lib/gcc/arm-none-eabi/13.3.1/thumb/v7e-m+dp/hard\libgcc.a
LOAD C:/ST/STM32CubeIDE_1.18.0/STM32CubeIDE/plugins/com.st.stm32cube.ide.mcu.externaltools.gnu-tools-for-stm32.13.3.rel1.win32_1.0.0.202411081344/tools/bin/../lib/gcc/arm-none-eabi/13.3.1/../../../../arm-none-eabi/lib/thumb/v7e-m+dp/hard\libc_nano.a
END GROUP
START GROUP
LOAD C:/ST/STM32CubeIDE_1.18.0/STM32CubeIDE/plugins/com.st.stm32cube.ide.mcu.externaltools.gnu-tools-for-stm32.13.3.rel1.win32_1.0.0.202411081344/tools/bin/../lib/gcc/arm-none-eabi/13.3.1/thumb/v7e-m+dp/hard\libgcc.a
LOAD C:/ST/STM32CubeIDE_1.18.0/STM32CubeIDE/plugins/com.st.stm32cube.ide.mcu.externaltools.gnu-tools-for-stm32.13.3.rel1.win32_1.0.0.202411081344/tools/bin/../lib/gcc/arm-none-eabi/13.3.1/../../../../arm-none-eabi/lib/thumb/v7e-m+dp/hard\libc_nano.a
LOAD C:/ST/STM32CubeIDE_1.18.0/STM32CubeIDE/plugins/com.st.stm32cube.ide.mcu.externaltools.gnu-tools-for-stm32.13.3.rel1.win32_1.0.0.202411081344/tools/bin/../lib/gcc/arm-none-eabi/13.3.1/../../../../arm-none-eabi/lib/thumb/v7e-m+dp/hard\libnosys.a
END GROUP
START GROUP
LOAD C:/ST/STM32CubeIDE_1.18.0/STM32CubeIDE/plugins/com.st.stm32cube.ide.mcu.externaltools.gnu-tools-for-stm32.13.3.rel1.win32_1.0.0.202411081344/tools/bin/../lib/gcc/arm-none-eabi/13.3.1/thumb/v7e-m+dp/hard\libgcc.a
LOAD C:/ST/STM32CubeIDE_1.18.0/STM32CubeIDE/plugins/com.st.stm32cube.ide.mcu.externaltools.gnu-tools-for-stm32.13.3.rel1.win32_1.0.0.202411081344/tools/bin/../lib/gcc/arm-none-eabi/13.3.1/../../../../arm-none-eabi/lib/thumb/v7e-m+dp/hard\libc_nano.a
LOAD C:/ST/STM32CubeIDE_1.18.0/STM32CubeIDE/plugins/com.st.stm32cube.ide.mcu.externaltools.gnu-tools-for-stm32.13.3.rel1.win32_1.0.0.202411081344/tools/bin/../lib/gcc/arm-none-eabi/13.3.1/../../../../arm-none-eabi/lib/thumb/v7e-m+dp/hard\libnosys.a
END GROUP
LOAD C:/ST/STM32CubeIDE_1.18.0/STM32CubeIDE/plugins/com.st.stm32cube.ide.mcu.externaltools.gnu-tools-for-stm32.13.3.rel1.win32_1.0.0.202411081344/tools/bin/../lib/gcc/arm-none-eabi/13.3.1/thumb/v7e-m+dp/hard/crtend.o
LOAD C:/ST/STM32CubeIDE_1.18.0/STM32CubeIDE/plugins/com.st.stm32cube.ide.mcu.externaltools.gnu-tools-for-stm32.13.3.rel1.win32_1.0.0.202411081344/tools/bin/../lib/gcc/arm-none-eabi/13.3.1/thumb/v7e-m+dp/hard/crtn.o
                0x24080000                        _estack = (ORIGIN (RAM_D1) + LENGTH (RAM_D1))
                0x00000200                        _Min_Heap_Size = 0x200
                0x00000400                        _Min_Stack_Size = 0x400

.isr_vector     0x08000000      0x298
                0x08000000                        . = ALIGN (0x4)
 *(.isr_vector)
 .isr_vector    0x08000000      0x298 ./Core/Startup/startup_stm32h743vgtx.o
                0x08000000                g_pfnVectors
                0x08000298                        . = ALIGN (0x4)

.text           0x080002a0    0x156dc
                0x080002a0                        . = ALIGN (0x4)
 *(.text)
 .text          0x080002a0       0x40 C:/ST/STM32CubeIDE_1.18.0/STM32CubeIDE/plugins/com.st.stm32cube.ide.mcu.externaltools.gnu-tools-for-stm32.13.3.rel1.win32_1.0.0.202411081344/tools/bin/../lib/gcc/arm-none-eabi/13.3.1/thumb/v7e-m+dp/hard/crtbegin.o
 .text          0x080002e0       0x10 C:/ST/STM32CubeIDE_1.18.0/STM32CubeIDE/plugins/com.st.stm32cube.ide.mcu.externaltools.gnu-tools-for-stm32.13.3.rel1.win32_1.0.0.202411081344/tools/bin/../lib/gcc/arm-none-eabi/13.3.1/../../../../arm-none-eabi/lib/thumb/v7e-m+dp/hard\libc_nano.a(libc_a-strlen.o)
                0x080002e0                strlen
 .text          0x080002f0       0xa0 C:/ST/STM32CubeIDE_1.18.0/STM32CubeIDE/plugins/com.st.stm32cube.ide.mcu.externaltools.gnu-tools-for-stm32.13.3.rel1.win32_1.0.0.202411081344/tools/bin/../lib/gcc/arm-none-eabi/13.3.1/../../../../arm-none-eabi/lib/thumb/v7e-m+dp/hard\libc_nano.a(libc_a-memchr.o)
                0x080002f0                memchr
 .text          0x08000390       0x30 C:/ST/STM32CubeIDE_1.18.0/STM32CubeIDE/plugins/com.st.stm32cube.ide.mcu.externaltools.gnu-tools-for-stm32.13.3.rel1.win32_1.0.0.202411081344/tools/bin/../lib/gcc/arm-none-eabi/13.3.1/thumb/v7e-m+dp/hard\libgcc.a(_aeabi_uldivmod.o)
                0x08000390                __aeabi_uldivmod
 .text          0x080003c0      0x2f8 C:/ST/STM32CubeIDE_1.18.0/STM32CubeIDE/plugins/com.st.stm32cube.ide.mcu.externaltools.gnu-tools-for-stm32.13.3.rel1.win32_1.0.0.202411081344/tools/bin/../lib/gcc/arm-none-eabi/13.3.1/thumb/v7e-m+dp/hard\libgcc.a(_udivmoddi4.o)
                0x080003c0                __udivmoddi4
 .text          0x080006b8        0x4 C:/ST/STM32CubeIDE_1.18.0/STM32CubeIDE/plugins/com.st.stm32cube.ide.mcu.externaltools.gnu-tools-for-stm32.13.3.rel1.win32_1.0.0.202411081344/tools/bin/../lib/gcc/arm-none-eabi/13.3.1/thumb/v7e-m+dp/hard\libgcc.a(_dvmd_tls.o)
                0x080006b8                __aeabi_idiv0
                0x080006b8                __aeabi_ldiv0
 *(.text*)
 .text.main     0x080006bc      0x1fc ./Core/Src/main.o
                0x080006bc                main
 .text.SystemClock_Config
                0x080008b8       0xf4 ./Core/Src/main.o
                0x080008b8                SystemClock_Config
 .text.PeriphCommonClock_Config
                0x080009ac       0x64 ./Core/Src/main.o
                0x080009ac                PeriphCommonClock_Config
 .text.MX_ADC1_Init
                0x08000a10      0x118 ./Core/Src/main.o
 .text.MX_I2C1_Init
                0x08000b28       0x80 ./Core/Src/main.o
 .text.MX_I2C2_Init
                0x08000ba8       0x80 ./Core/Src/main.o
 .text.MX_JPEG_Init
                0x08000c28       0x28 ./Core/Src/main.o
 .text.MX_SPI4_Init
                0x08000c50       0xac ./Core/Src/main.o
 .text.MX_TIM14_Init
                0x08000cfc       0x44 ./Core/Src/main.o
 .text.MX_USART1_UART_Init
                0x08000d40       0x98 ./Core/Src/main.o
 .text.MX_DMA_Init
                0x08000dd8       0x60 ./Core/Src/main.o
 .text.MX_MDMA_Init
                0x08000e38       0x40 ./Core/Src/main.o
 .text.MX_GPIO_Init
                0x08000e78       0xf0 ./Core/Src/main.o
 .text.HAL_ADC_ConvCpltCallback
                0x08000f68       0x70 ./Core/Src/main.o
                0x08000f68                HAL_ADC_ConvCpltCallback
 .text.MPU_Config
                0x08000fd8       0x58 ./Core/Src/main.o
 .text.Error_Handler
                0x08001030        0xc ./Core/Src/main.o
                0x08001030                Error_Handler
 .text.HAL_MspInit
                0x0800103c       0x34 ./Core/Src/stm32h7xx_hal_msp.o
                0x0800103c                HAL_MspInit
 .text.HAL_ADC_MspInit
                0x08001070      0x190 ./Core/Src/stm32h7xx_hal_msp.o
                0x08001070                HAL_ADC_MspInit
 .text.HAL_I2C_MspInit
                0x08001200      0x1ec ./Core/Src/stm32h7xx_hal_msp.o
                0x08001200                HAL_I2C_MspInit
 .text.HAL_JPEG_MspInit
                0x080013ec      0x17c ./Core/Src/stm32h7xx_hal_msp.o
                0x080013ec                HAL_JPEG_MspInit
 .text.HAL_SPI_MspInit
                0x08001568       0xd0 ./Core/Src/stm32h7xx_hal_msp.o
                0x08001568                HAL_SPI_MspInit
 .text.HAL_TIM_Base_MspInit
                0x08001638       0x50 ./Core/Src/stm32h7xx_hal_msp.o
                0x08001638                HAL_TIM_Base_MspInit
 .text.HAL_UART_MspInit
                0x08001688       0xd4 ./Core/Src/stm32h7xx_hal_msp.o
                0x08001688                HAL_UART_MspInit
 .text.NMI_Handler
                0x0800175c        0x8 ./Core/Src/stm32h7xx_it.o
                0x0800175c                NMI_Handler
 .text.HardFault_Handler
                0x08001764        0x8 ./Core/Src/stm32h7xx_it.o
                0x08001764                HardFault_Handler
 .text.MemManage_Handler
                0x0800176c        0x8 ./Core/Src/stm32h7xx_it.o
                0x0800176c                MemManage_Handler
 .text.BusFault_Handler
                0x08001774        0x8 ./Core/Src/stm32h7xx_it.o
                0x08001774                BusFault_Handler
 .text.UsageFault_Handler
                0x0800177c        0x8 ./Core/Src/stm32h7xx_it.o
                0x0800177c                UsageFault_Handler
 .text.SVC_Handler
                0x08001784        0xe ./Core/Src/stm32h7xx_it.o
                0x08001784                SVC_Handler
 .text.DebugMon_Handler
                0x08001792        0xe ./Core/Src/stm32h7xx_it.o
                0x08001792                DebugMon_Handler
 .text.PendSV_Handler
                0x080017a0        0xe ./Core/Src/stm32h7xx_it.o
                0x080017a0                PendSV_Handler
 .text.SysTick_Handler
                0x080017ae        0xc ./Core/Src/stm32h7xx_it.o
                0x080017ae                SysTick_Handler
 *fill*         0x080017ba        0x2 
 .text.DMA1_Stream0_IRQHandler
                0x080017bc       0x14 ./Core/Src/stm32h7xx_it.o
                0x080017bc                DMA1_Stream0_IRQHandler
 .text.DMA1_Stream1_IRQHandler
                0x080017d0       0x14 ./Core/Src/stm32h7xx_it.o
                0x080017d0                DMA1_Stream1_IRQHandler
 .text.DMA1_Stream2_IRQHandler
                0x080017e4       0x14 ./Core/Src/stm32h7xx_it.o
                0x080017e4                DMA1_Stream2_IRQHandler
 .text.I2C2_EV_IRQHandler
                0x080017f8       0x14 ./Core/Src/stm32h7xx_it.o
                0x080017f8                I2C2_EV_IRQHandler
 .text.I2C2_ER_IRQHandler
                0x0800180c       0x14 ./Core/Src/stm32h7xx_it.o
                0x0800180c                I2C2_ER_IRQHandler
 .text.TIM8_TRG_COM_TIM14_IRQHandler
                0x08001820       0x14 ./Core/Src/stm32h7xx_it.o
                0x08001820                TIM8_TRG_COM_TIM14_IRQHandler
 .text.OTG_FS_IRQHandler
                0x08001834       0x14 ./Core/Src/stm32h7xx_it.o
                0x08001834                OTG_FS_IRQHandler
 .text.JPEG_IRQHandler
                0x08001848       0x14 ./Core/Src/stm32h7xx_it.o
                0x08001848                JPEG_IRQHandler
 .text.MDMA_IRQHandler
                0x0800185c       0x1c ./Core/Src/stm32h7xx_it.o
                0x0800185c                MDMA_IRQHandler
 .text._sbrk    0x08001878       0x6c ./Core/Src/sysmem.o
                0x08001878                _sbrk
 .text.SystemInit
                0x080018e4      0x140 ./Core/Src/system_stm32h7xx.o
                0x080018e4                SystemInit
 .text.ExitRun0Mode
                0x08001a24       0x30 ./Core/Src/system_stm32h7xx.o
                0x08001a24                ExitRun0Mode
 .text.Reset_Handler
                0x08001a54       0x54 ./Core/Startup/startup_stm32h743vgtx.o
                0x08001a54                Reset_Handler
 .text.Default_Handler
                0x08001aa8        0x2 ./Core/Startup/startup_stm32h743vgtx.o
                0x08001aa8                RTC_Alarm_IRQHandler
                0x08001aa8                EXTI2_IRQHandler
                0x08001aa8                TIM8_CC_IRQHandler
                0x08001aa8                HRTIM1_Master_IRQHandler
                0x08001aa8                UART8_IRQHandler
                0x08001aa8                SPI4_IRQHandler
                0x08001aa8                TIM1_CC_IRQHandler
                0x08001aa8                BDMA_Channel6_IRQHandler
                0x08001aa8                DMA2_Stream5_IRQHandler
                0x08001aa8                HRTIM1_FLT_IRQHandler
                0x08001aa8                DMA1_Stream5_IRQHandler
                0x08001aa8                BDMA_Channel1_IRQHandler
                0x08001aa8                HRTIM1_TIMD_IRQHandler
                0x08001aa8                TAMP_STAMP_IRQHandler
                0x08001aa8                EXTI3_IRQHandler
                0x08001aa8                LPTIM4_IRQHandler
                0x08001aa8                LPTIM2_IRQHandler
                0x08001aa8                DFSDM1_FLT1_IRQHandler
                0x08001aa8                DMAMUX2_OVR_IRQHandler
                0x08001aa8                TIM8_UP_TIM13_IRQHandler
                0x08001aa8                I2C3_ER_IRQHandler
                0x08001aa8                DFSDM1_FLT2_IRQHandler
                0x08001aa8                LPTIM3_IRQHandler
                0x08001aa8                HSEM1_IRQHandler
                0x08001aa8                EXTI0_IRQHandler
                0x08001aa8                FPU_IRQHandler
                0x08001aa8                OTG_HS_WKUP_IRQHandler
                0x08001aa8                FDCAN1_IT1_IRQHandler
                0x08001aa8                LTDC_ER_IRQHandler
                0x08001aa8                DMA2_Stream2_IRQHandler
                0x08001aa8                HRTIM1_TIME_IRQHandler
                0x08001aa8                SPI1_IRQHandler
                0x08001aa8                TIM6_DAC_IRQHandler
                0x08001aa8                DCMI_IRQHandler
                0x08001aa8                HRTIM1_TIMC_IRQHandler
                0x08001aa8                DMA2_Stream3_IRQHandler
                0x08001aa8                SAI2_IRQHandler
                0x08001aa8                DFSDM1_FLT3_IRQHandler
                0x08001aa8                USART6_IRQHandler
                0x08001aa8                TIM17_IRQHandler
                0x08001aa8                USART3_IRQHandler
                0x08001aa8                BDMA_Channel7_IRQHandler
                0x08001aa8                LPTIM5_IRQHandler
                0x08001aa8                UART5_IRQHandler
                0x08001aa8                ADC3_IRQHandler
                0x08001aa8                DMA2_Stream0_IRQHandler
                0x08001aa8                TIM4_IRQHandler
                0x08001aa8                BDMA_Channel2_IRQHandler
                0x08001aa8                QUADSPI_IRQHandler
                0x08001aa8                I2C1_EV_IRQHandler
                0x08001aa8                DMA1_Stream6_IRQHandler
                0x08001aa8                DMAMUX1_OVR_IRQHandler
                0x08001aa8                TIM16_IRQHandler
                0x08001aa8                UART4_IRQHandler
                0x08001aa8                BDMA_Channel5_IRQHandler
                0x08001aa8                TIM3_IRQHandler
                0x08001aa8                RCC_IRQHandler
                0x08001aa8                TIM8_BRK_TIM12_IRQHandler
                0x08001aa8                TIM1_TRG_COM_IRQHandler
                0x08001aa8                Default_Handler
                0x08001aa8                ECC_IRQHandler
                0x08001aa8                CEC_IRQHandler
                0x08001aa8                EXTI15_10_IRQHandler
                0x08001aa8                BDMA_Channel0_IRQHandler
                0x08001aa8                ADC_IRQHandler
                0x08001aa8                DMA1_Stream7_IRQHandler
                0x08001aa8                HRTIM1_TIMA_IRQHandler
                0x08001aa8                SPI5_IRQHandler
                0x08001aa8                TIM7_IRQHandler
                0x08001aa8                SDMMC1_IRQHandler
                0x08001aa8                TIM5_IRQHandler
                0x08001aa8                DMA2_Stream7_IRQHandler
                0x08001aa8                TIM15_IRQHandler
                0x08001aa8                PVD_AVD_IRQHandler
                0x08001aa8                I2C3_EV_IRQHandler
                0x08001aa8                EXTI9_5_IRQHandler
                0x08001aa8                RTC_WKUP_IRQHandler
                0x08001aa8                LTDC_IRQHandler
                0x08001aa8                SAI3_IRQHandler
                0x08001aa8                ETH_WKUP_IRQHandler
                0x08001aa8                SPDIF_RX_IRQHandler
                0x08001aa8                SPI2_IRQHandler
                0x08001aa8                OTG_HS_EP1_IN_IRQHandler
                0x08001aa8                CRS_IRQHandler
                0x08001aa8                EXTI4_IRQHandler
                0x08001aa8                RNG_IRQHandler
                0x08001aa8                HRTIM1_TIMB_IRQHandler
                0x08001aa8                FDCAN2_IT1_IRQHandler
                0x08001aa8                ETH_IRQHandler
                0x08001aa8                TIM1_UP_IRQHandler
                0x08001aa8                BDMA_Channel4_IRQHandler
                0x08001aa8                OTG_HS_EP1_OUT_IRQHandler
                0x08001aa8                WWDG_IRQHandler
                0x08001aa8                SPI6_IRQHandler
                0x08001aa8                MDIOS_IRQHandler
                0x08001aa8                I2C4_EV_IRQHandler
                0x08001aa8                FDCAN2_IT0_IRQHandler
                0x08001aa8                LPUART1_IRQHandler
                0x08001aa8                FDCAN1_IT0_IRQHandler
                0x08001aa8                TIM2_IRQHandler
                0x08001aa8                OTG_FS_WKUP_IRQHandler
                0x08001aa8                OTG_HS_IRQHandler
                0x08001aa8                DMA2D_IRQHandler
                0x08001aa8                TIM1_BRK_IRQHandler
                0x08001aa8                EXTI1_IRQHandler
                0x08001aa8                SDMMC2_IRQHandler
                0x08001aa8                OTG_FS_EP1_OUT_IRQHandler
                0x08001aa8                BDMA_Channel3_IRQHandler
                0x08001aa8                UART7_IRQHandler
                0x08001aa8                MDIOS_WKUP_IRQHandler
                0x08001aa8                USART2_IRQHandler
                0x08001aa8                DFSDM1_FLT0_IRQHandler
                0x08001aa8                SAI4_IRQHandler
                0x08001aa8                DMA2_Stream1_IRQHandler
                0x08001aa8                FLASH_IRQHandler
                0x08001aa8                DMA2_Stream4_IRQHandler
                0x08001aa8                USART1_IRQHandler
                0x08001aa8                SPI3_IRQHandler
                0x08001aa8                WAKEUP_PIN_IRQHandler
                0x08001aa8                DMA1_Stream4_IRQHandler
                0x08001aa8                OTG_FS_EP1_IN_IRQHandler
                0x08001aa8                I2C1_ER_IRQHandler
                0x08001aa8                FMC_IRQHandler
                0x08001aa8                FDCAN_CAL_IRQHandler
                0x08001aa8                SWPMI1_IRQHandler
                0x08001aa8                COMP1_IRQHandler
                0x08001aa8                LPTIM1_IRQHandler
                0x08001aa8                I2C4_ER_IRQHandler
                0x08001aa8                DMA2_Stream6_IRQHandler
                0x08001aa8                SAI1_IRQHandler
                0x08001aa8                DMA1_Stream3_IRQHandler
 .text.SSD1306_SendCommand
                0x08001aaa       0x42 ./Drivers/SSD1306_Driver/Src/SSD1306.o
                0x08001aaa                SSD1306_SendCommand
 .text.SSD1306_Init
                0x08001aec       0x84 ./Drivers/SSD1306_Driver/Src/SSD1306.o
                0x08001aec                SSD1306_Init
 .text.SSD1306_Clear
                0x08001b70       0x28 ./Drivers/SSD1306_Driver/Src/SSD1306.o
                0x08001b70                SSD1306_Clear
 .text.SSD1306_Update
                0x08001b98       0x32 ./Drivers/SSD1306_Driver/Src/SSD1306.o
                0x08001b98                SSD1306_Update
 *fill*         0x08001bca        0x2 
 .text.HAL_Init
                0x08001bcc       0x78 ./Drivers/STM32H7xx_HAL_Driver/Src/stm32h7xx_hal.o
                0x08001bcc                HAL_Init
 .text.HAL_InitTick
                0x08001c44       0x6c ./Drivers/STM32H7xx_HAL_Driver/Src/stm32h7xx_hal.o
                0x08001c44                HAL_InitTick
 .text.HAL_IncTick
                0x08001cb0       0x28 ./Drivers/STM32H7xx_HAL_Driver/Src/stm32h7xx_hal.o
                0x08001cb0                HAL_IncTick
 .text.HAL_GetTick
                0x08001cd8       0x18 ./Drivers/STM32H7xx_HAL_Driver/Src/stm32h7xx_hal.o
                0x08001cd8                HAL_GetTick
 .text.HAL_Delay
                0x08001cf0       0x48 ./Drivers/STM32H7xx_HAL_Driver/Src/stm32h7xx_hal.o
                0x08001cf0                HAL_Delay
 .text.HAL_GetREVID
                0x08001d38       0x18 ./Drivers/STM32H7xx_HAL_Driver/Src/stm32h7xx_hal.o
                0x08001d38                HAL_GetREVID
 .text.LL_ADC_SetCommonClock
                0x08001d50       0x26 ./Drivers/STM32H7xx_HAL_Driver/Src/stm32h7xx_hal_adc.o
 .text.LL_ADC_SetCommonPathInternalCh
                0x08001d76       0x26 ./Drivers/STM32H7xx_HAL_Driver/Src/stm32h7xx_hal_adc.o
 .text.LL_ADC_GetCommonPathInternalCh
                0x08001d9c       0x1c ./Drivers/STM32H7xx_HAL_Driver/Src/stm32h7xx_hal_adc.o
 .text.LL_ADC_SetChannelPreselection
                0x08001db8       0x66 ./Drivers/STM32H7xx_HAL_Driver/Src/stm32h7xx_hal_adc.o
 .text.LL_ADC_SetOffset
                0x08001e1e       0x40 ./Drivers/STM32H7xx_HAL_Driver/Src/stm32h7xx_hal_adc.o
 .text.LL_ADC_SetDataRightShift
                0x08001e5e       0x32 ./Drivers/STM32H7xx_HAL_Driver/Src/stm32h7xx_hal_adc.o
 .text.LL_ADC_SetOffsetSignedSaturation
                0x08001e90       0x36 ./Drivers/STM32H7xx_HAL_Driver/Src/stm32h7xx_hal_adc.o
 .text.LL_ADC_REG_IsTriggerSourceSWStart
                0x08001ec6       0x26 ./Drivers/STM32H7xx_HAL_Driver/Src/stm32h7xx_hal_adc.o
 .text.LL_ADC_REG_SetSequencerRanks
                0x08001eec       0x58 ./Drivers/STM32H7xx_HAL_Driver/Src/stm32h7xx_hal_adc.o
 .text.LL_ADC_REG_SetDataTransferMode
                0x08001f44       0x26 ./Drivers/STM32H7xx_HAL_Driver/Src/stm32h7xx_hal_adc.o
 .text.LL_ADC_SetChannelSamplingTime
                0x08001f6a       0x56 ./Drivers/STM32H7xx_HAL_Driver/Src/stm32h7xx_hal_adc.o
 .text.LL_ADC_SetChannelSingleDiff
                0x08001fc0       0x48 ./Drivers/STM32H7xx_HAL_Driver/Src/stm32h7xx_hal_adc.o
 .text.LL_ADC_GetMultimode
                0x08002008       0x1c ./Drivers/STM32H7xx_HAL_Driver/Src/stm32h7xx_hal_adc.o
 .text.LL_ADC_DisableDeepPowerDown
                0x08002024       0x24 ./Drivers/STM32H7xx_HAL_Driver/Src/stm32h7xx_hal_adc.o
 .text.LL_ADC_IsDeepPowerDownEnabled
                0x08002048       0x28 ./Drivers/STM32H7xx_HAL_Driver/Src/stm32h7xx_hal_adc.o
 .text.LL_ADC_EnableInternalRegulator
                0x08002070       0x28 ./Drivers/STM32H7xx_HAL_Driver/Src/stm32h7xx_hal_adc.o
 .text.LL_ADC_IsInternalRegulatorEnabled
                0x08002098       0x28 ./Drivers/STM32H7xx_HAL_Driver/Src/stm32h7xx_hal_adc.o
 .text.LL_ADC_Enable
                0x080020c0       0x28 ./Drivers/STM32H7xx_HAL_Driver/Src/stm32h7xx_hal_adc.o
 .text.LL_ADC_IsEnabled
                0x080020e8       0x26 ./Drivers/STM32H7xx_HAL_Driver/Src/stm32h7xx_hal_adc.o
 *fill*         0x0800210e        0x2 
 .text.LL_ADC_REG_StartConversion
                0x08002110       0x28 ./Drivers/STM32H7xx_HAL_Driver/Src/stm32h7xx_hal_adc.o
 .text.LL_ADC_REG_IsConversionOngoing
                0x08002138       0x26 ./Drivers/STM32H7xx_HAL_Driver/Src/stm32h7xx_hal_adc.o
 .text.LL_ADC_INJ_IsConversionOngoing
                0x0800215e       0x26 ./Drivers/STM32H7xx_HAL_Driver/Src/stm32h7xx_hal_adc.o
 .text.HAL_ADC_Init
                0x08002184      0x344 ./Drivers/STM32H7xx_HAL_Driver/Src/stm32h7xx_hal_adc.o
                0x08002184                HAL_ADC_Init
 .text.HAL_ADC_Start_DMA
                0x080024c8      0x188 ./Drivers/STM32H7xx_HAL_Driver/Src/stm32h7xx_hal_adc.o
                0x080024c8                HAL_ADC_Start_DMA
 .text.HAL_ADC_ConvHalfCpltCallback
                0x08002650       0x14 ./Drivers/STM32H7xx_HAL_Driver/Src/stm32h7xx_hal_adc.o
                0x08002650                HAL_ADC_ConvHalfCpltCallback
 .text.HAL_ADC_ErrorCallback
                0x08002664       0x14 ./Drivers/STM32H7xx_HAL_Driver/Src/stm32h7xx_hal_adc.o
                0x08002664                HAL_ADC_ErrorCallback
 .text.HAL_ADC_ConfigChannel
                0x08002678      0x5e0 ./Drivers/STM32H7xx_HAL_Driver/Src/stm32h7xx_hal_adc.o
                0x08002678                HAL_ADC_ConfigChannel
 .text.ADC_Enable
                0x08002c58      0x114 ./Drivers/STM32H7xx_HAL_Driver/Src/stm32h7xx_hal_adc.o
                0x08002c58                ADC_Enable
 .text.ADC_DMAConvCplt
                0x08002d6c       0xd8 ./Drivers/STM32H7xx_HAL_Driver/Src/stm32h7xx_hal_adc.o
                0x08002d6c                ADC_DMAConvCplt
 .text.ADC_DMAHalfConvCplt
                0x08002e44       0x1c ./Drivers/STM32H7xx_HAL_Driver/Src/stm32h7xx_hal_adc.o
                0x08002e44                ADC_DMAHalfConvCplt
 .text.ADC_DMAError
                0x08002e60       0x34 ./Drivers/STM32H7xx_HAL_Driver/Src/stm32h7xx_hal_adc.o
                0x08002e60                ADC_DMAError
 .text.ADC_ConfigureBoostMode
                0x08002e94      0x218 ./Drivers/STM32H7xx_HAL_Driver/Src/stm32h7xx_hal_adc.o
                0x08002e94                ADC_ConfigureBoostMode
 .text.LL_ADC_IsEnabled
                0x080030ac       0x26 ./Drivers/STM32H7xx_HAL_Driver/Src/stm32h7xx_hal_adc_ex.o
 .text.LL_ADC_REG_IsConversionOngoing
                0x080030d2       0x26 ./Drivers/STM32H7xx_HAL_Driver/Src/stm32h7xx_hal_adc_ex.o
 .text.HAL_ADCEx_MultiModeConfigChannel
                0x080030f8      0x1bc ./Drivers/STM32H7xx_HAL_Driver/Src/stm32h7xx_hal_adc_ex.o
                0x080030f8                HAL_ADCEx_MultiModeConfigChannel
 .text.__NVIC_SetPriorityGrouping
                0x080032b4       0x48 ./Drivers/STM32H7xx_HAL_Driver/Src/stm32h7xx_hal_cortex.o
 .text.__NVIC_GetPriorityGrouping
                0x080032fc       0x1c ./Drivers/STM32H7xx_HAL_Driver/Src/stm32h7xx_hal_cortex.o
 .text.__NVIC_EnableIRQ
                0x08003318       0x3c ./Drivers/STM32H7xx_HAL_Driver/Src/stm32h7xx_hal_cortex.o
 .text.__NVIC_SetPriority
                0x08003354       0x54 ./Drivers/STM32H7xx_HAL_Driver/Src/stm32h7xx_hal_cortex.o
 .text.NVIC_EncodePriority
                0x080033a8       0x66 ./Drivers/STM32H7xx_HAL_Driver/Src/stm32h7xx_hal_cortex.o
 *fill*         0x0800340e        0x2 
 .text.SysTick_Config
                0x08003410       0x44 ./Drivers/STM32H7xx_HAL_Driver/Src/stm32h7xx_hal_cortex.o
 .text.HAL_NVIC_SetPriorityGrouping
                0x08003454       0x16 ./Drivers/STM32H7xx_HAL_Driver/Src/stm32h7xx_hal_cortex.o
                0x08003454                HAL_NVIC_SetPriorityGrouping
 .text.HAL_NVIC_SetPriority
                0x0800346a       0x34 ./Drivers/STM32H7xx_HAL_Driver/Src/stm32h7xx_hal_cortex.o
                0x0800346a                HAL_NVIC_SetPriority
 .text.HAL_NVIC_EnableIRQ
                0x0800349e       0x1c ./Drivers/STM32H7xx_HAL_Driver/Src/stm32h7xx_hal_cortex.o
                0x0800349e                HAL_NVIC_EnableIRQ
 .text.HAL_SYSTICK_Config
                0x080034ba       0x18 ./Drivers/STM32H7xx_HAL_Driver/Src/stm32h7xx_hal_cortex.o
                0x080034ba                HAL_SYSTICK_Config
 *fill*         0x080034d2        0x2 
 .text.HAL_MPU_Disable
                0x080034d4       0x30 ./Drivers/STM32H7xx_HAL_Driver/Src/stm32h7xx_hal_cortex.o
                0x080034d4                HAL_MPU_Disable
 .text.HAL_MPU_Enable
                0x08003504       0x40 ./Drivers/STM32H7xx_HAL_Driver/Src/stm32h7xx_hal_cortex.o
                0x08003504                HAL_MPU_Enable
 .text.HAL_MPU_ConfigRegion
                0x08003544       0x80 ./Drivers/STM32H7xx_HAL_Driver/Src/stm32h7xx_hal_cortex.o
                0x08003544                HAL_MPU_ConfigRegion
 .text.HAL_DMA_Init
                0x080035c4      0x6b8 ./Drivers/STM32H7xx_HAL_Driver/Src/stm32h7xx_hal_dma.o
                0x080035c4                HAL_DMA_Init
 .text.HAL_DMA_Start_IT
                0x08003c7c      0x4d4 ./Drivers/STM32H7xx_HAL_Driver/Src/stm32h7xx_hal_dma.o
                0x08003c7c                HAL_DMA_Start_IT
 .text.HAL_DMA_Abort_IT
                0x08004150      0x48c ./Drivers/STM32H7xx_HAL_Driver/Src/stm32h7xx_hal_dma.o
                0x08004150                HAL_DMA_Abort_IT
 .text.HAL_DMA_IRQHandler
                0x080045dc      0xe54 ./Drivers/STM32H7xx_HAL_Driver/Src/stm32h7xx_hal_dma.o
                0x080045dc                HAL_DMA_IRQHandler
 .text.HAL_DMA_GetState
                0x08005430       0x1c ./Drivers/STM32H7xx_HAL_Driver/Src/stm32h7xx_hal_dma.o
                0x08005430                HAL_DMA_GetState
 .text.HAL_DMA_GetError
                0x0800544c       0x18 ./Drivers/STM32H7xx_HAL_Driver/Src/stm32h7xx_hal_dma.o
                0x0800544c                HAL_DMA_GetError
 .text.DMA_SetConfig
                0x08005464      0x358 ./Drivers/STM32H7xx_HAL_Driver/Src/stm32h7xx_hal_dma.o
 .text.DMA_CalcBaseAndBitshift
                0x080057bc      0x164 ./Drivers/STM32H7xx_HAL_Driver/Src/stm32h7xx_hal_dma.o
 .text.DMA_CheckFifoParam
                0x08005920       0xf8 ./Drivers/STM32H7xx_HAL_Driver/Src/stm32h7xx_hal_dma.o
 .text.DMA_CalcDMAMUXChannelBaseAndMask
                0x08005a18      0x134 ./Drivers/STM32H7xx_HAL_Driver/Src/stm32h7xx_hal_dma.o
 .text.DMA_CalcDMAMUXRequestGenBaseAndMask
                0x08005b4c       0xe8 ./Drivers/STM32H7xx_HAL_Driver/Src/stm32h7xx_hal_dma.o
 .text.HAL_GPIO_Init
                0x08005c34      0x360 ./Drivers/STM32H7xx_HAL_Driver/Src/stm32h7xx_hal_gpio.o
                0x08005c34                HAL_GPIO_Init
 .text.HAL_I2C_Init
                0x08005f94      0x138 ./Drivers/STM32H7xx_HAL_Driver/Src/stm32h7xx_hal_i2c.o
                0x08005f94                HAL_I2C_Init
 .text.HAL_I2C_Master_Transmit
                0x080060cc      0x230 ./Drivers/STM32H7xx_HAL_Driver/Src/stm32h7xx_hal_i2c.o
                0x080060cc                HAL_I2C_Master_Transmit
 .text.HAL_I2C_Master_Transmit_DMA
                0x080062fc      0x228 ./Drivers/STM32H7xx_HAL_Driver/Src/stm32h7xx_hal_i2c.o
                0x080062fc                HAL_I2C_Master_Transmit_DMA
 .text.HAL_I2C_EV_IRQHandler
                0x08006524       0x34 ./Drivers/STM32H7xx_HAL_Driver/Src/stm32h7xx_hal_i2c.o
                0x08006524                HAL_I2C_EV_IRQHandler
 .text.HAL_I2C_ER_IRQHandler
                0x08006558       0xc2 ./Drivers/STM32H7xx_HAL_Driver/Src/stm32h7xx_hal_i2c.o
                0x08006558                HAL_I2C_ER_IRQHandler
 .text.HAL_I2C_MasterTxCpltCallback
                0x0800661a       0x14 ./Drivers/STM32H7xx_HAL_Driver/Src/stm32h7xx_hal_i2c.o
                0x0800661a                HAL_I2C_MasterTxCpltCallback
 .text.HAL_I2C_MasterRxCpltCallback
                0x0800662e       0x14 ./Drivers/STM32H7xx_HAL_Driver/Src/stm32h7xx_hal_i2c.o
                0x0800662e                HAL_I2C_MasterRxCpltCallback
 .text.HAL_I2C_SlaveTxCpltCallback
                0x08006642       0x14 ./Drivers/STM32H7xx_HAL_Driver/Src/stm32h7xx_hal_i2c.o
                0x08006642                HAL_I2C_SlaveTxCpltCallback
 .text.HAL_I2C_SlaveRxCpltCallback
                0x08006656       0x14 ./Drivers/STM32H7xx_HAL_Driver/Src/stm32h7xx_hal_i2c.o
                0x08006656                HAL_I2C_SlaveRxCpltCallback
 .text.HAL_I2C_AddrCallback
                0x0800666a       0x1c ./Drivers/STM32H7xx_HAL_Driver/Src/stm32h7xx_hal_i2c.o
                0x0800666a                HAL_I2C_AddrCallback
 .text.HAL_I2C_ListenCpltCallback
                0x08006686       0x14 ./Drivers/STM32H7xx_HAL_Driver/Src/stm32h7xx_hal_i2c.o
                0x08006686                HAL_I2C_ListenCpltCallback
 .text.HAL_I2C_MemTxCpltCallback
                0x0800669a       0x14 ./Drivers/STM32H7xx_HAL_Driver/Src/stm32h7xx_hal_i2c.o
                0x0800669a                HAL_I2C_MemTxCpltCallback
 .text.HAL_I2C_MemRxCpltCallback
                0x080066ae       0x14 ./Drivers/STM32H7xx_HAL_Driver/Src/stm32h7xx_hal_i2c.o
                0x080066ae                HAL_I2C_MemRxCpltCallback
 .text.HAL_I2C_ErrorCallback
                0x080066c2       0x14 ./Drivers/STM32H7xx_HAL_Driver/Src/stm32h7xx_hal_i2c.o
                0x080066c2                HAL_I2C_ErrorCallback
 .text.HAL_I2C_AbortCpltCallback
                0x080066d6       0x14 ./Drivers/STM32H7xx_HAL_Driver/Src/stm32h7xx_hal_i2c.o
                0x080066d6                HAL_I2C_AbortCpltCallback
 .text.I2C_Master_ISR_IT
                0x080066ea      0x268 ./Drivers/STM32H7xx_HAL_Driver/Src/stm32h7xx_hal_i2c.o
 .text.I2C_Slave_ISR_IT
                0x08006952      0x208 ./Drivers/STM32H7xx_HAL_Driver/Src/stm32h7xx_hal_i2c.o
 .text.I2C_Master_ISR_DMA
                0x08006b5a      0x1e6 ./Drivers/STM32H7xx_HAL_Driver/Src/stm32h7xx_hal_i2c.o
 .text.I2C_Mem_ISR_DMA
                0x08006d40      0x260 ./Drivers/STM32H7xx_HAL_Driver/Src/stm32h7xx_hal_i2c.o
 .text.I2C_Slave_ISR_DMA
                0x08006fa0      0x3c8 ./Drivers/STM32H7xx_HAL_Driver/Src/stm32h7xx_hal_i2c.o
 .text.I2C_ITAddrCplt
                0x08007368      0x108 ./Drivers/STM32H7xx_HAL_Driver/Src/stm32h7xx_hal_i2c.o
 .text.I2C_ITMasterSeqCplt
                0x08007470       0x7a ./Drivers/STM32H7xx_HAL_Driver/Src/stm32h7xx_hal_i2c.o
 .text.I2C_ITSlaveSeqCplt
                0x080074ea       0xbc ./Drivers/STM32H7xx_HAL_Driver/Src/stm32h7xx_hal_i2c.o
 *fill*         0x080075a6        0x2 
 .text.I2C_ITMasterCplt
                0x080075a8      0x194 ./Drivers/STM32H7xx_HAL_Driver/Src/stm32h7xx_hal_i2c.o
 .text.I2C_ITSlaveCplt
                0x0800773c      0x4b4 ./Drivers/STM32H7xx_HAL_Driver/Src/stm32h7xx_hal_i2c.o
 .text.I2C_ITListenCplt
                0x08007bf0       0xac ./Drivers/STM32H7xx_HAL_Driver/Src/stm32h7xx_hal_i2c.o
 .text.I2C_ITError
                0x08007c9c      0x1e0 ./Drivers/STM32H7xx_HAL_Driver/Src/stm32h7xx_hal_i2c.o
 .text.I2C_TreatErrorCallback
                0x08007e7c       0x4e ./Drivers/STM32H7xx_HAL_Driver/Src/stm32h7xx_hal_i2c.o
 .text.I2C_Flush_TXDR
                0x08007eca       0x48 ./Drivers/STM32H7xx_HAL_Driver/Src/stm32h7xx_hal_i2c.o
 .text.I2C_DMAMasterTransmitCplt
                0x08007f12       0x96 ./Drivers/STM32H7xx_HAL_Driver/Src/stm32h7xx_hal_i2c.o
 .text.I2C_DMAError
                0x08007fa8      0x274 ./Drivers/STM32H7xx_HAL_Driver/Src/stm32h7xx_hal_i2c.o
 .text.I2C_DMAAbort
                0x0800821c       0x3c ./Drivers/STM32H7xx_HAL_Driver/Src/stm32h7xx_hal_i2c.o
 .text.I2C_WaitOnFlagUntilTimeout
                0x08008258       0xb2 ./Drivers/STM32H7xx_HAL_Driver/Src/stm32h7xx_hal_i2c.o
 .text.I2C_WaitOnTXISFlagUntilTimeout
                0x0800830a       0x8e ./Drivers/STM32H7xx_HAL_Driver/Src/stm32h7xx_hal_i2c.o
 .text.I2C_WaitOnSTOPFlagUntilTimeout
                0x08008398       0x86 ./Drivers/STM32H7xx_HAL_Driver/Src/stm32h7xx_hal_i2c.o
 *fill*         0x0800841e        0x2 
 .text.I2C_IsErrorOccurred
                0x08008420      0x1c0 ./Drivers/STM32H7xx_HAL_Driver/Src/stm32h7xx_hal_i2c.o
 .text.I2C_TransferConfig
                0x080085e0       0x64 ./Drivers/STM32H7xx_HAL_Driver/Src/stm32h7xx_hal_i2c.o
 .text.I2C_Enable_IRQ
                0x08008644      0x108 ./Drivers/STM32H7xx_HAL_Driver/Src/stm32h7xx_hal_i2c.o
 .text.I2C_Disable_IRQ
                0x0800874c       0xbc ./Drivers/STM32H7xx_HAL_Driver/Src/stm32h7xx_hal_i2c.o
 .text.HAL_I2CEx_ConfigAnalogFilter
                0x08008808       0x96 ./Drivers/STM32H7xx_HAL_Driver/Src/stm32h7xx_hal_i2c_ex.o
                0x08008808                HAL_I2CEx_ConfigAnalogFilter
 .text.HAL_I2CEx_ConfigDigitalFilter
                0x0800889e       0x98 ./Drivers/STM32H7xx_HAL_Driver/Src/stm32h7xx_hal_i2c_ex.o
                0x0800889e                HAL_I2CEx_ConfigDigitalFilter
 *fill*         0x08008936        0x2 
 .text.HAL_JPEG_Init
                0x08008938      0x104 ./Drivers/STM32H7xx_HAL_Driver/Src/stm32h7xx_hal_jpeg.o
                0x08008938                HAL_JPEG_Init
 .text.HAL_JPEG_GetInfo
                0x08008a3c      0x12a ./Drivers/STM32H7xx_HAL_Driver/Src/stm32h7xx_hal_jpeg.o
                0x08008a3c                HAL_JPEG_GetInfo
 .text.HAL_JPEG_Pause
                0x08008b66       0xb0 ./Drivers/STM32H7xx_HAL_Driver/Src/stm32h7xx_hal_jpeg.o
                0x08008b66                HAL_JPEG_Pause
 .text.HAL_JPEG_InfoReadyCallback
                0x08008c16       0x16 ./Drivers/STM32H7xx_HAL_Driver/Src/stm32h7xx_hal_jpeg.o
                0x08008c16                HAL_JPEG_InfoReadyCallback
 .text.HAL_JPEG_EncodeCpltCallback
                0x08008c2c       0x14 ./Drivers/STM32H7xx_HAL_Driver/Src/stm32h7xx_hal_jpeg.o
                0x08008c2c                HAL_JPEG_EncodeCpltCallback
 .text.HAL_JPEG_DecodeCpltCallback
                0x08008c40       0x14 ./Drivers/STM32H7xx_HAL_Driver/Src/stm32h7xx_hal_jpeg.o
                0x08008c40                HAL_JPEG_DecodeCpltCallback
 .text.HAL_JPEG_GetDataCallback
                0x08008c54       0x16 ./Drivers/STM32H7xx_HAL_Driver/Src/stm32h7xx_hal_jpeg.o
                0x08008c54                HAL_JPEG_GetDataCallback
 .text.HAL_JPEG_DataReadyCallback
                0x08008c6a       0x18 ./Drivers/STM32H7xx_HAL_Driver/Src/stm32h7xx_hal_jpeg.o
                0x08008c6a                HAL_JPEG_DataReadyCallback
 .text.HAL_JPEG_IRQHandler
                0x08008c82       0x4c ./Drivers/STM32H7xx_HAL_Driver/Src/stm32h7xx_hal_jpeg.o
                0x08008c82                HAL_JPEG_IRQHandler
 .text.JPEG_Bits_To_SizeCodes
                0x08008cce       0xea ./Drivers/STM32H7xx_HAL_Driver/Src/stm32h7xx_hal_jpeg.o
 .text.JPEG_ACHuff_BitsVals_To_SizeCodes
                0x08008db8      0x140 ./Drivers/STM32H7xx_HAL_Driver/Src/stm32h7xx_hal_jpeg.o
 .text.JPEG_DCHuff_BitsVals_To_SizeCodes
                0x08008ef8       0xe6 ./Drivers/STM32H7xx_HAL_Driver/Src/stm32h7xx_hal_jpeg.o
 .text.JPEG_Set_HuffDC_Mem
                0x08008fde      0x104 ./Drivers/STM32H7xx_HAL_Driver/Src/stm32h7xx_hal_jpeg.o
 *fill*         0x080090e2        0x2 
 .text.JPEG_Set_HuffAC_Mem
                0x080090e4      0x208 ./Drivers/STM32H7xx_HAL_Driver/Src/stm32h7xx_hal_jpeg.o
 .text.JPEG_Set_HuffEnc_Mem
                0x080092ec       0xa8 ./Drivers/STM32H7xx_HAL_Driver/Src/stm32h7xx_hal_jpeg.o
 .text.JPEG_Set_Huff_DHTMem
                0x08009394      0x45c ./Drivers/STM32H7xx_HAL_Driver/Src/stm32h7xx_hal_jpeg.o
 .text.JPEG_Process
                0x080097f0      0x184 ./Drivers/STM32H7xx_HAL_Driver/Src/stm32h7xx_hal_jpeg.o
 .text.JPEG_StoreOutputData
                0x08009974      0x20e ./Drivers/STM32H7xx_HAL_Driver/Src/stm32h7xx_hal_jpeg.o
 .text.JPEG_ReadInputData
                0x08009b82      0x1cc ./Drivers/STM32H7xx_HAL_Driver/Src/stm32h7xx_hal_jpeg.o
 .text.JPEG_DMA_ContinueProcess
                0x08009d4e       0xea ./Drivers/STM32H7xx_HAL_Driver/Src/stm32h7xx_hal_jpeg.o
 .text.JPEG_DMA_EndProcess
                0x08009e38       0xd2 ./Drivers/STM32H7xx_HAL_Driver/Src/stm32h7xx_hal_jpeg.o
 .text.JPEG_DMA_PollResidualData
                0x08009f0a      0x142 ./Drivers/STM32H7xx_HAL_Driver/Src/stm32h7xx_hal_jpeg.o
 .text.JPEG_GetQuality
                0x0800a04c       0xbc ./Drivers/STM32H7xx_HAL_Driver/Src/stm32h7xx_hal_jpeg.o
 .text.HAL_MDMA_Init
                0x0800a108       0x98 ./Drivers/STM32H7xx_HAL_Driver/Src/stm32h7xx_hal_mdma.o
                0x0800a108                HAL_MDMA_Init
 .text.HAL_MDMA_ConfigPostRequestMask
                0x0800a1a0       0xa4 ./Drivers/STM32H7xx_HAL_Driver/Src/stm32h7xx_hal_mdma.o
                0x0800a1a0                HAL_MDMA_ConfigPostRequestMask
 .text.HAL_MDMA_Abort_IT
                0x0800a244       0x4e ./Drivers/STM32H7xx_HAL_Driver/Src/stm32h7xx_hal_mdma.o
                0x0800a244                HAL_MDMA_Abort_IT
 *fill*         0x0800a292        0x2 
 .text.HAL_MDMA_IRQHandler
                0x0800a294      0x2a8 ./Drivers/STM32H7xx_HAL_Driver/Src/stm32h7xx_hal_mdma.o
                0x0800a294                HAL_MDMA_IRQHandler
 .text.MDMA_Init
                0x0800a53c      0x130 ./Drivers/STM32H7xx_HAL_Driver/Src/stm32h7xx_hal_mdma.o
 .text.HAL_PCD_Init
                0x0800a66c      0x218 ./Drivers/STM32H7xx_HAL_Driver/Src/stm32h7xx_hal_pcd.o
                0x0800a66c                HAL_PCD_Init
 .text.HAL_PCD_Start
                0x0800a884       0x6a ./Drivers/STM32H7xx_HAL_Driver/Src/stm32h7xx_hal_pcd.o
                0x0800a884                HAL_PCD_Start
 .text.HAL_PCD_IRQHandler
                0x0800a8ee      0x99c ./Drivers/STM32H7xx_HAL_Driver/Src/stm32h7xx_hal_pcd.o
                0x0800a8ee                HAL_PCD_IRQHandler
 .text.HAL_PCD_SetAddress
                0x0800b28a       0x48 ./Drivers/STM32H7xx_HAL_Driver/Src/stm32h7xx_hal_pcd.o
                0x0800b28a                HAL_PCD_SetAddress
 .text.HAL_PCD_EP_Open
                0x0800b2d2       0xd4 ./Drivers/STM32H7xx_HAL_Driver/Src/stm32h7xx_hal_pcd.o
                0x0800b2d2                HAL_PCD_EP_Open
 .text.HAL_PCD_EP_Close
                0x0800b3a6       0x94 ./Drivers/STM32H7xx_HAL_Driver/Src/stm32h7xx_hal_pcd.o
                0x0800b3a6                HAL_PCD_EP_Close
 .text.HAL_PCD_EP_Receive
                0x0800b43a       0x76 ./Drivers/STM32H7xx_HAL_Driver/Src/stm32h7xx_hal_pcd.o
                0x0800b43a                HAL_PCD_EP_Receive
 .text.HAL_PCD_EP_GetRxCount
                0x0800b4b0       0x30 ./Drivers/STM32H7xx_HAL_Driver/Src/stm32h7xx_hal_pcd.o
                0x0800b4b0                HAL_PCD_EP_GetRxCount
 .text.HAL_PCD_EP_Transmit
                0x0800b4e0       0x74 ./Drivers/STM32H7xx_HAL_Driver/Src/stm32h7xx_hal_pcd.o
                0x0800b4e0                HAL_PCD_EP_Transmit
 .text.HAL_PCD_EP_SetStall
                0x0800b554       0xc6 ./Drivers/STM32H7xx_HAL_Driver/Src/stm32h7xx_hal_pcd.o
                0x0800b554                HAL_PCD_EP_SetStall
 .text.HAL_PCD_EP_ClrStall
                0x0800b61a       0xac ./Drivers/STM32H7xx_HAL_Driver/Src/stm32h7xx_hal_pcd.o
                0x0800b61a                HAL_PCD_EP_ClrStall
 .text.HAL_PCD_EP_Abort
                0x0800b6c6       0x62 ./Drivers/STM32H7xx_HAL_Driver/Src/stm32h7xx_hal_pcd.o
                0x0800b6c6                HAL_PCD_EP_Abort
 .text.PCD_WriteEmptyTxFifo
                0x0800b728      0x118 ./Drivers/STM32H7xx_HAL_Driver/Src/stm32h7xx_hal_pcd.o
 .text.PCD_EP_OutXfrComplete_int
                0x0800b840      0x1d0 ./Drivers/STM32H7xx_HAL_Driver/Src/stm32h7xx_hal_pcd.o
 .text.PCD_EP_OutSetupPacket_int
                0x0800ba10       0x8c ./Drivers/STM32H7xx_HAL_Driver/Src/stm32h7xx_hal_pcd.o
 .text.HAL_PCDEx_SetTxFiFo
                0x0800ba9c       0x8e ./Drivers/STM32H7xx_HAL_Driver/Src/stm32h7xx_hal_pcd_ex.o
                0x0800ba9c                HAL_PCDEx_SetTxFiFo
 .text.HAL_PCDEx_SetRxFiFo
                0x0800bb2a       0x22 ./Drivers/STM32H7xx_HAL_Driver/Src/stm32h7xx_hal_pcd_ex.o
                0x0800bb2a                HAL_PCDEx_SetRxFiFo
 .text.HAL_PCDEx_ActivateLPM
                0x0800bb4c       0x48 ./Drivers/STM32H7xx_HAL_Driver/Src/stm32h7xx_hal_pcd_ex.o
                0x0800bb4c                HAL_PCDEx_ActivateLPM
 .text.HAL_PCDEx_LPM_Callback
                0x0800bb94       0x18 ./Drivers/STM32H7xx_HAL_Driver/Src/stm32h7xx_hal_pcd_ex.o
                0x0800bb94                HAL_PCDEx_LPM_Callback
 .text.HAL_PWREx_ConfigSupply
                0x0800bbac       0x74 ./Drivers/STM32H7xx_HAL_Driver/Src/stm32h7xx_hal_pwr_ex.o
                0x0800bbac                HAL_PWREx_ConfigSupply
 .text.HAL_PWREx_EnableUSBVoltageDetector
                0x0800bc20       0x20 ./Drivers/STM32H7xx_HAL_Driver/Src/stm32h7xx_hal_pwr_ex.o
                0x0800bc20                HAL_PWREx_EnableUSBVoltageDetector
 .text.HAL_RCC_OscConfig
                0x0800bc40      0x8b4 ./Drivers/STM32H7xx_HAL_Driver/Src/stm32h7xx_hal_rcc.o
                0x0800bc40                HAL_RCC_OscConfig
 .text.HAL_RCC_ClockConfig
                0x0800c4f4      0x36c ./Drivers/STM32H7xx_HAL_Driver/Src/stm32h7xx_hal_rcc.o
                0x0800c4f4                HAL_RCC_ClockConfig
 .text.HAL_RCC_GetSysClockFreq
                0x0800c860      0x2f4 ./Drivers/STM32H7xx_HAL_Driver/Src/stm32h7xx_hal_rcc.o
                0x0800c860                HAL_RCC_GetSysClockFreq
 .text.HAL_RCC_GetHCLKFreq
                0x0800cb54       0x60 ./Drivers/STM32H7xx_HAL_Driver/Src/stm32h7xx_hal_rcc.o
                0x0800cb54                HAL_RCC_GetHCLKFreq
 .text.HAL_RCC_GetPCLK1Freq
                0x0800cbb4       0x2c ./Drivers/STM32H7xx_HAL_Driver/Src/stm32h7xx_hal_rcc.o
                0x0800cbb4                HAL_RCC_GetPCLK1Freq
 .text.HAL_RCC_GetPCLK2Freq
                0x0800cbe0       0x2c ./Drivers/STM32H7xx_HAL_Driver/Src/stm32h7xx_hal_rcc.o
                0x0800cbe0                HAL_RCC_GetPCLK2Freq
 .text.HAL_RCCEx_PeriphCLKConfig
                0x0800cc0c     0x1414 ./Drivers/STM32H7xx_HAL_Driver/Src/stm32h7xx_hal_rcc_ex.o
                0x0800cc0c                HAL_RCCEx_PeriphCLKConfig
 .text.HAL_RCCEx_GetPeriphCLKFreq
                0x0800e020      0xb00 ./Drivers/STM32H7xx_HAL_Driver/Src/stm32h7xx_hal_rcc_ex.o
                0x0800e020                HAL_RCCEx_GetPeriphCLKFreq
 .text.HAL_RCCEx_GetD3PCLK1Freq
                0x0800eb20       0x2c ./Drivers/STM32H7xx_HAL_Driver/Src/stm32h7xx_hal_rcc_ex.o
                0x0800eb20                HAL_RCCEx_GetD3PCLK1Freq
 .text.HAL_RCCEx_GetPLL2ClockFreq
                0x0800eb4c      0x2a8 ./Drivers/STM32H7xx_HAL_Driver/Src/stm32h7xx_hal_rcc_ex.o
                0x0800eb4c                HAL_RCCEx_GetPLL2ClockFreq
 .text.HAL_RCCEx_GetPLL3ClockFreq
                0x0800edf4      0x2a8 ./Drivers/STM32H7xx_HAL_Driver/Src/stm32h7xx_hal_rcc_ex.o
                0x0800edf4                HAL_RCCEx_GetPLL3ClockFreq
 .text.HAL_RCCEx_GetPLL1ClockFreq
                0x0800f09c      0x2a4 ./Drivers/STM32H7xx_HAL_Driver/Src/stm32h7xx_hal_rcc_ex.o
                0x0800f09c                HAL_RCCEx_GetPLL1ClockFreq
 .text.RCCEx_PLL2_Config
                0x0800f340      0x164 ./Drivers/STM32H7xx_HAL_Driver/Src/stm32h7xx_hal_rcc_ex.o
 .text.RCCEx_PLL3_Config
                0x0800f4a4      0x164 ./Drivers/STM32H7xx_HAL_Driver/Src/stm32h7xx_hal_rcc_ex.o
 .text.HAL_SPI_Init
                0x0800f608      0x248 ./Drivers/STM32H7xx_HAL_Driver/Src/stm32h7xx_hal_spi.o
                0x0800f608                HAL_SPI_Init
 .text.SPI_GetPacketSize
                0x0800f850       0x36 ./Drivers/STM32H7xx_HAL_Driver/Src/stm32h7xx_hal_spi.o
 .text.HAL_TIM_Base_Init
                0x0800f886       0xae ./Drivers/STM32H7xx_HAL_Driver/Src/stm32h7xx_hal_tim.o
                0x0800f886                HAL_TIM_Base_Init
 .text.HAL_TIM_IRQHandler
                0x0800f934      0x20e ./Drivers/STM32H7xx_HAL_Driver/Src/stm32h7xx_hal_tim.o
                0x0800f934                HAL_TIM_IRQHandler
 .text.HAL_TIM_PeriodElapsedCallback
                0x0800fb42       0x14 ./Drivers/STM32H7xx_HAL_Driver/Src/stm32h7xx_hal_tim.o
                0x0800fb42                HAL_TIM_PeriodElapsedCallback
 .text.HAL_TIM_OC_DelayElapsedCallback
                0x0800fb56       0x14 ./Drivers/STM32H7xx_HAL_Driver/Src/stm32h7xx_hal_tim.o
                0x0800fb56                HAL_TIM_OC_DelayElapsedCallback
 .text.HAL_TIM_IC_CaptureCallback
                0x0800fb6a       0x14 ./Drivers/STM32H7xx_HAL_Driver/Src/stm32h7xx_hal_tim.o
                0x0800fb6a                HAL_TIM_IC_CaptureCallback
 .text.HAL_TIM_PWM_PulseFinishedCallback
                0x0800fb7e       0x14 ./Drivers/STM32H7xx_HAL_Driver/Src/stm32h7xx_hal_tim.o
                0x0800fb7e                HAL_TIM_PWM_PulseFinishedCallback
 .text.HAL_TIM_TriggerCallback
                0x0800fb92       0x14 ./Drivers/STM32H7xx_HAL_Driver/Src/stm32h7xx_hal_tim.o
                0x0800fb92                HAL_TIM_TriggerCallback
 *fill*         0x0800fba6        0x2 
 .text.TIM_Base_SetConfig
                0x0800fba8      0x140 ./Drivers/STM32H7xx_HAL_Driver/Src/stm32h7xx_hal_tim.o
                0x0800fba8                TIM_Base_SetConfig
 .text.HAL_TIMEx_CommutCallback
                0x0800fce8       0x14 ./Drivers/STM32H7xx_HAL_Driver/Src/stm32h7xx_hal_tim_ex.o
                0x0800fce8                HAL_TIMEx_CommutCallback
 .text.HAL_TIMEx_BreakCallback
                0x0800fcfc       0x14 ./Drivers/STM32H7xx_HAL_Driver/Src/stm32h7xx_hal_tim_ex.o
                0x0800fcfc                HAL_TIMEx_BreakCallback
 .text.HAL_TIMEx_Break2Callback
                0x0800fd10       0x14 ./Drivers/STM32H7xx_HAL_Driver/Src/stm32h7xx_hal_tim_ex.o
                0x0800fd10                HAL_TIMEx_Break2Callback
 .text.HAL_UART_Init
                0x0800fd24       0xa0 ./Drivers/STM32H7xx_HAL_Driver/Src/stm32h7xx_hal_uart.o
                0x0800fd24                HAL_UART_Init
 .text.UART_SetConfig
                0x0800fdc4      0xad0 ./Drivers/STM32H7xx_HAL_Driver/Src/stm32h7xx_hal_uart.o
                0x0800fdc4                UART_SetConfig
 .text.UART_AdvFeatureConfig
                0x08010894      0x144 ./Drivers/STM32H7xx_HAL_Driver/Src/stm32h7xx_hal_uart.o
                0x08010894                UART_AdvFeatureConfig
 .text.UART_CheckIdleState
                0x080109d8      0x154 ./Drivers/STM32H7xx_HAL_Driver/Src/stm32h7xx_hal_uart.o
                0x080109d8                UART_CheckIdleState
 .text.UART_WaitOnFlagUntilTimeout
                0x08010b2c       0xda ./Drivers/STM32H7xx_HAL_Driver/Src/stm32h7xx_hal_uart.o
                0x08010b2c                UART_WaitOnFlagUntilTimeout
 *fill*         0x08010c06        0x2 
 .text.UART_EndRxTransfer
                0x08010c08       0xcc ./Drivers/STM32H7xx_HAL_Driver/Src/stm32h7xx_hal_uart.o
 .text.HAL_UARTEx_DisableFifoMode
                0x08010cd4       0x72 ./Drivers/STM32H7xx_HAL_Driver/Src/stm32h7xx_hal_uart_ex.o
                0x08010cd4                HAL_UARTEx_DisableFifoMode
 .text.HAL_UARTEx_SetTxFifoThreshold
                0x08010d46       0x7c ./Drivers/STM32H7xx_HAL_Driver/Src/stm32h7xx_hal_uart_ex.o
                0x08010d46                HAL_UARTEx_SetTxFifoThreshold
 .text.HAL_UARTEx_SetRxFifoThreshold
                0x08010dc2       0x7c ./Drivers/STM32H7xx_HAL_Driver/Src/stm32h7xx_hal_uart_ex.o
                0x08010dc2                HAL_UARTEx_SetRxFifoThreshold
 *fill*         0x08010e3e        0x2 
 .text.UARTEx_SetNbDataToProcess
                0x08010e40       0x9c ./Drivers/STM32H7xx_HAL_Driver/Src/stm32h7xx_hal_uart_ex.o
 .text.USB_CoreInit
                0x08010edc       0xe4 ./Drivers/STM32H7xx_HAL_Driver/Src/stm32h7xx_ll_usb.o
                0x08010edc                USB_CoreInit
 .text.USB_SetTurnaroundTime
                0x08010fc0      0x144 ./Drivers/STM32H7xx_HAL_Driver/Src/stm32h7xx_ll_usb.o
                0x08010fc0                USB_SetTurnaroundTime
 .text.USB_EnableGlobalInt
                0x08011104       0x22 ./Drivers/STM32H7xx_HAL_Driver/Src/stm32h7xx_ll_usb.o
                0x08011104                USB_EnableGlobalInt
 .text.USB_DisableGlobalInt
                0x08011126       0x22 ./Drivers/STM32H7xx_HAL_Driver/Src/stm32h7xx_ll_usb.o
                0x08011126                USB_DisableGlobalInt
 .text.USB_SetCurrentMode
                0x08011148       0x98 ./Drivers/STM32H7xx_HAL_Driver/Src/stm32h7xx_ll_usb.o
                0x08011148                USB_SetCurrentMode
 .text.USB_DevInit
                0x080111e0      0x2bc ./Drivers/STM32H7xx_HAL_Driver/Src/stm32h7xx_ll_usb.o
                0x080111e0                USB_DevInit
 .text.USB_FlushTxFifo
                0x0801149c       0x64 ./Drivers/STM32H7xx_HAL_Driver/Src/stm32h7xx_ll_usb.o
                0x0801149c                USB_FlushTxFifo
 .text.USB_FlushRxFifo
                0x08011500       0x5c ./Drivers/STM32H7xx_HAL_Driver/Src/stm32h7xx_ll_usb.o
                0x08011500                USB_FlushRxFifo
 .text.USB_SetDevSpeed
                0x0801155c       0x32 ./Drivers/STM32H7xx_HAL_Driver/Src/stm32h7xx_ll_usb.o
                0x0801155c                USB_SetDevSpeed
 .text.USB_GetDevSpeed
                0x0801158e       0x4a ./Drivers/STM32H7xx_HAL_Driver/Src/stm32h7xx_ll_usb.o
                0x0801158e                USB_GetDevSpeed
 .text.USB_ActivateEndpoint
                0x080115d8      0x110 ./Drivers/STM32H7xx_HAL_Driver/Src/stm32h7xx_ll_usb.o
                0x080115d8                USB_ActivateEndpoint
 .text.USB_DeactivateEndpoint
                0x080116e8      0x1b8 ./Drivers/STM32H7xx_HAL_Driver/Src/stm32h7xx_ll_usb.o
                0x080116e8                USB_DeactivateEndpoint
 .text.USB_EPStartXfer
                0x080118a0      0x548 ./Drivers/STM32H7xx_HAL_Driver/Src/stm32h7xx_ll_usb.o
                0x080118a0                USB_EPStartXfer
 .text.USB_EPStopXfer
                0x08011de8      0x154 ./Drivers/STM32H7xx_HAL_Driver/Src/stm32h7xx_ll_usb.o
                0x08011de8                USB_EPStopXfer
 .text.USB_WritePacket
                0x08011f3c       0x7c ./Drivers/STM32H7xx_HAL_Driver/Src/stm32h7xx_ll_usb.o
                0x08011f3c                USB_WritePacket
 .text.USB_ReadPacket
                0x08011fb8       0xb0 ./Drivers/STM32H7xx_HAL_Driver/Src/stm32h7xx_ll_usb.o
                0x08011fb8                USB_ReadPacket
 .text.USB_EPSetStall
                0x08012068       0xdc ./Drivers/STM32H7xx_HAL_Driver/Src/stm32h7xx_ll_usb.o
                0x08012068                USB_EPSetStall
 .text.USB_EPClearStall
                0x08012144       0xcc ./Drivers/STM32H7xx_HAL_Driver/Src/stm32h7xx_ll_usb.o
                0x08012144                USB_EPClearStall
 .text.USB_SetDevAddress
                0x08012210       0x4c ./Drivers/STM32H7xx_HAL_Driver/Src/stm32h7xx_ll_usb.o
                0x08012210                USB_SetDevAddress
 .text.USB_DevConnect
                0x0801225c       0x42 ./Drivers/STM32H7xx_HAL_Driver/Src/stm32h7xx_ll_usb.o
                0x0801225c                USB_DevConnect
 .text.USB_DevDisconnect
                0x0801229e       0x42 ./Drivers/STM32H7xx_HAL_Driver/Src/stm32h7xx_ll_usb.o
                0x0801229e                USB_DevDisconnect
 .text.USB_ReadInterrupts
                0x080122e0       0x26 ./Drivers/STM32H7xx_HAL_Driver/Src/stm32h7xx_ll_usb.o
                0x080122e0                USB_ReadInterrupts
 .text.USB_ReadDevAllOutEpInterrupt
                0x08012306       0x34 ./Drivers/STM32H7xx_HAL_Driver/Src/stm32h7xx_ll_usb.o
                0x08012306                USB_ReadDevAllOutEpInterrupt
 .text.USB_ReadDevAllInEpInterrupt
                0x0801233a       0x34 ./Drivers/STM32H7xx_HAL_Driver/Src/stm32h7xx_ll_usb.o
                0x0801233a                USB_ReadDevAllInEpInterrupt
 .text.USB_ReadDevOutEPInterrupt
                0x0801236e       0x3c ./Drivers/STM32H7xx_HAL_Driver/Src/stm32h7xx_ll_usb.o
                0x0801236e                USB_ReadDevOutEPInterrupt
 .text.USB_ReadDevInEPInterrupt
                0x080123aa       0x5c ./Drivers/STM32H7xx_HAL_Driver/Src/stm32h7xx_ll_usb.o
                0x080123aa                USB_ReadDevInEPInterrupt
 .text.USB_GetMode
                0x08012406       0x1c ./Drivers/STM32H7xx_HAL_Driver/Src/stm32h7xx_ll_usb.o
                0x08012406                USB_GetMode
 *fill*         0x08012422        0x2 
 .text.USB_ActivateSetup
                0x08012424       0x48 ./Drivers/STM32H7xx_HAL_Driver/Src/stm32h7xx_ll_usb.o
                0x08012424                USB_ActivateSetup
 .text.USB_EP0_OutStart
                0x0801246c       0xbc ./Drivers/STM32H7xx_HAL_Driver/Src/stm32h7xx_ll_usb.o
                0x0801246c                USB_EP0_OutStart
 .text.USB_CoreReset
                0x08012528       0x62 ./Drivers/STM32H7xx_HAL_Driver/Src/stm32h7xx_ll_usb.o
 *fill*         0x0801258a        0x2 
 .text.USBD_CDC_Init
                0x0801258c      0x1f0 ./Middlewares/ST/STM32_USB_Device_Library/Class/CDC/Src/usbd_cdc.o
 .text.USBD_CDC_DeInit
                0x0801277c      0x104 ./Middlewares/ST/STM32_USB_Device_Library/Class/CDC/Src/usbd_cdc.o
 .text.USBD_CDC_Setup
                0x08012880      0x1b8 ./Middlewares/ST/STM32_USB_Device_Library/Class/CDC/Src/usbd_cdc.o
 .text.USBD_CDC_DataIn
                0x08012a38       0xfe ./Middlewares/ST/STM32_USB_Device_Library/Class/CDC/Src/usbd_cdc.o
 .text.USBD_CDC_DataOut
                0x08012b36       0x70 ./Middlewares/ST/STM32_USB_Device_Library/Class/CDC/Src/usbd_cdc.o
 .text.USBD_CDC_EP0_RxReady
                0x08012ba6       0x74 ./Middlewares/ST/STM32_USB_Device_Library/Class/CDC/Src/usbd_cdc.o
 *fill*         0x08012c1a        0x2 
 .text.USBD_CDC_GetFSCfgDesc
                0x08012c1c       0x70 ./Middlewares/ST/STM32_USB_Device_Library/Class/CDC/Src/usbd_cdc.o
 .text.USBD_CDC_GetHSCfgDesc
                0x08012c8c       0x70 ./Middlewares/ST/STM32_USB_Device_Library/Class/CDC/Src/usbd_cdc.o
 .text.USBD_CDC_GetOtherSpeedCfgDesc
                0x08012cfc       0x70 ./Middlewares/ST/STM32_USB_Device_Library/Class/CDC/Src/usbd_cdc.o
 .text.USBD_CDC_GetDeviceQualifierDescriptor
                0x08012d6c       0x20 ./Middlewares/ST/STM32_USB_Device_Library/Class/CDC/Src/usbd_cdc.o
                0x08012d6c                USBD_CDC_GetDeviceQualifierDescriptor
 .text.USBD_CDC_RegisterInterface
                0x08012d8c       0x34 ./Middlewares/ST/STM32_USB_Device_Library/Class/CDC/Src/usbd_cdc.o
                0x08012d8c                USBD_CDC_RegisterInterface
 .text.USBD_CDC_SetTxBuffer
                0x08012dc0       0x44 ./Middlewares/ST/STM32_USB_Device_Library/Class/CDC/Src/usbd_cdc.o
                0x08012dc0                USBD_CDC_SetTxBuffer
 .text.USBD_CDC_SetRxBuffer
                0x08012e04       0x3a ./Middlewares/ST/STM32_USB_Device_Library/Class/CDC/Src/usbd_cdc.o
                0x08012e04                USBD_CDC_SetRxBuffer
 *fill*         0x08012e3e        0x2 
 .text.USBD_CDC_TransmitPacket
                0x08012e40       0x80 ./Middlewares/ST/STM32_USB_Device_Library/Class/CDC/Src/usbd_cdc.o
                0x08012e40                USBD_CDC_TransmitPacket
 .text.USBD_CDC_ReceivePacket
                0x08012ec0       0x6c ./Middlewares/ST/STM32_USB_Device_Library/Class/CDC/Src/usbd_cdc.o
                0x08012ec0                USBD_CDC_ReceivePacket
 .text.USBD_Init
                0x08012f2c       0x60 ./Middlewares/ST/STM32_USB_Device_Library/Core/Src/usbd_core.o
                0x08012f2c                USBD_Init
 .text.USBD_RegisterClass
                0x08012f8c       0x6c ./Middlewares/ST/STM32_USB_Device_Library/Core/Src/usbd_core.o
                0x08012f8c                USBD_RegisterClass
 .text.USBD_Start
                0x08012ff8       0x18 ./Middlewares/ST/STM32_USB_Device_Library/Core/Src/usbd_core.o
                0x08012ff8                USBD_Start
 .text.USBD_RunTestMode
                0x08013010       0x16 ./Middlewares/ST/STM32_USB_Device_Library/Core/Src/usbd_core.o
                0x08013010                USBD_RunTestMode
 .text.USBD_SetClassConfig
                0x08013026       0x38 ./Middlewares/ST/STM32_USB_Device_Library/Core/Src/usbd_core.o
                0x08013026                USBD_SetClassConfig
 .text.USBD_ClrClassConfig
                0x0801305e       0x34 ./Middlewares/ST/STM32_USB_Device_Library/Core/Src/usbd_core.o
                0x0801305e                USBD_ClrClassConfig
 .text.USBD_LL_SetupStage
                0x08013092       0xaa ./Middlewares/ST/STM32_USB_Device_Library/Core/Src/usbd_core.o
                0x08013092                USBD_LL_SetupStage
 .text.USBD_LL_DataOutStage
                0x0801313c      0x166 ./Middlewares/ST/STM32_USB_Device_Library/Core/Src/usbd_core.o
                0x0801313c                USBD_LL_DataOutStage
 .text.USBD_LL_DataInStage
                0x080132a2      0x164 ./Middlewares/ST/STM32_USB_Device_Library/Core/Src/usbd_core.o
                0x080132a2                USBD_LL_DataInStage
 .text.USBD_LL_Reset
                0x08013406       0xa4 ./Middlewares/ST/STM32_USB_Device_Library/Core/Src/usbd_core.o
                0x08013406                USBD_LL_Reset
 .text.USBD_LL_SetSpeed
                0x080134aa       0x20 ./Middlewares/ST/STM32_USB_Device_Library/Core/Src/usbd_core.o
                0x080134aa                USBD_LL_SetSpeed
 .text.USBD_LL_Suspend
                0x080134ca       0x38 ./Middlewares/ST/STM32_USB_Device_Library/Core/Src/usbd_core.o
                0x080134ca                USBD_LL_Suspend
 .text.USBD_LL_Resume
                0x08013502       0x30 ./Middlewares/ST/STM32_USB_Device_Library/Core/Src/usbd_core.o
                0x08013502                USBD_LL_Resume
 .text.USBD_LL_SOF
                0x08013532       0x40 ./Middlewares/ST/STM32_USB_Device_Library/Core/Src/usbd_core.o
                0x08013532                USBD_LL_SOF
 .text.USBD_LL_IsoINIncomplete
                0x08013572       0x64 ./Middlewares/ST/STM32_USB_Device_Library/Core/Src/usbd_core.o
                0x08013572                USBD_LL_IsoINIncomplete
 .text.USBD_LL_IsoOUTIncomplete
                0x080135d6       0x64 ./Middlewares/ST/STM32_USB_Device_Library/Core/Src/usbd_core.o
                0x080135d6                USBD_LL_IsoOUTIncomplete
 .text.USBD_LL_DevConnected
                0x0801363a       0x16 ./Middlewares/ST/STM32_USB_Device_Library/Core/Src/usbd_core.o
                0x0801363a                USBD_LL_DevConnected
 .text.USBD_LL_DevDisconnected
                0x08013650       0x46 ./Middlewares/ST/STM32_USB_Device_Library/Core/Src/usbd_core.o
                0x08013650                USBD_LL_DevDisconnected
 .text.USBD_CoreFindIF
                0x08013696       0x1a ./Middlewares/ST/STM32_USB_Device_Library/Core/Src/usbd_core.o
                0x08013696                USBD_CoreFindIF
 .text.USBD_CoreFindEP
                0x080136b0       0x1a ./Middlewares/ST/STM32_USB_Device_Library/Core/Src/usbd_core.o
                0x080136b0                USBD_CoreFindEP
 .text.USBD_GetEpDesc
                0x080136ca       0x70 ./Middlewares/ST/STM32_USB_Device_Library/Core/Src/usbd_core.o
                0x080136ca                USBD_GetEpDesc
 .text.USBD_GetNextDesc
                0x0801373a       0x38 ./Middlewares/ST/STM32_USB_Device_Library/Core/Src/usbd_core.o
                0x0801373a                USBD_GetNextDesc
 .text.SWAPBYTE
                0x08013772       0x3e ./Middlewares/ST/STM32_USB_Device_Library/Core/Src/usbd_ctlreq.o
 .text.USBD_StdDevReq
                0x080137b0       0xe4 ./Middlewares/ST/STM32_USB_Device_Library/Core/Src/usbd_ctlreq.o
                0x080137b0                USBD_StdDevReq
 .text.USBD_StdItfReq
                0x08013894       0xd8 ./Middlewares/ST/STM32_USB_Device_Library/Core/Src/usbd_ctlreq.o
                0x08013894                USBD_StdItfReq
 .text.USBD_StdEPReq
                0x0801396c      0x33a ./Middlewares/ST/STM32_USB_Device_Library/Core/Src/usbd_ctlreq.o
                0x0801396c                USBD_StdEPReq
 *fill*         0x08013ca6        0x2 
 .text.USBD_GetDescriptor
                0x08013ca8      0x328 ./Middlewares/ST/STM32_USB_Device_Library/Core/Src/usbd_ctlreq.o
 .text.USBD_SetAddress
                0x08013fd0       0x88 ./Middlewares/ST/STM32_USB_Device_Library/Core/Src/usbd_ctlreq.o
 .text.USBD_SetConfig
                0x08014058      0x154 ./Middlewares/ST/STM32_USB_Device_Library/Core/Src/usbd_ctlreq.o
 .text.USBD_GetConfig
                0x080141ac       0x6c ./Middlewares/ST/STM32_USB_Device_Library/Core/Src/usbd_ctlreq.o
 .text.USBD_GetStatus
                0x08014218       0x68 ./Middlewares/ST/STM32_USB_Device_Library/Core/Src/usbd_ctlreq.o
 .text.USBD_SetFeature
                0x08014280       0x52 ./Middlewares/ST/STM32_USB_Device_Library/Core/Src/usbd_ctlreq.o
 .text.USBD_ClrFeature
                0x080142d2       0x44 ./Middlewares/ST/STM32_USB_Device_Library/Core/Src/usbd_ctlreq.o
 .text.USBD_ParseSetupRequest
                0x08014316       0x74 ./Middlewares/ST/STM32_USB_Device_Library/Core/Src/usbd_ctlreq.o
                0x08014316                USBD_ParseSetupRequest
 .text.USBD_CtlError
                0x0801438a       0x22 ./Middlewares/ST/STM32_USB_Device_Library/Core/Src/usbd_ctlreq.o
                0x0801438a                USBD_CtlError
 .text.USBD_GetString
                0x080143ac       0xa4 ./Middlewares/ST/STM32_USB_Device_Library/Core/Src/usbd_ctlreq.o
                0x080143ac                USBD_GetString
 .text.USBD_GetLen
                0x08014450       0x34 ./Middlewares/ST/STM32_USB_Device_Library/Core/Src/usbd_ctlreq.o
 .text.USBD_CtlSendData
                0x08014484       0x36 ./Middlewares/ST/STM32_USB_Device_Library/Core/Src/usbd_ioreq.o
                0x08014484                USBD_CtlSendData
 .text.USBD_CtlContinueSendData
                0x080144ba       0x22 ./Middlewares/ST/STM32_USB_Device_Library/Core/Src/usbd_ioreq.o
                0x080144ba                USBD_CtlContinueSendData
 .text.USBD_CtlPrepareRx
                0x080144dc       0x3a ./Middlewares/ST/STM32_USB_Device_Library/Core/Src/usbd_ioreq.o
                0x080144dc                USBD_CtlPrepareRx
 .text.USBD_CtlContinueRx
                0x08014516       0x22 ./Middlewares/ST/STM32_USB_Device_Library/Core/Src/usbd_ioreq.o
                0x08014516                USBD_CtlContinueRx
 .text.USBD_CtlSendStatus
                0x08014538       0x26 ./Middlewares/ST/STM32_USB_Device_Library/Core/Src/usbd_ioreq.o
                0x08014538                USBD_CtlSendStatus
 .text.USBD_CtlReceiveStatus
                0x0801455e       0x26 ./Middlewares/ST/STM32_USB_Device_Library/Core/Src/usbd_ioreq.o
                0x0801455e                USBD_CtlReceiveStatus
 .text.MX_USB_DEVICE_Init
                0x08014584       0x7c ./USB_DEVICE/App/usb_device.o
                0x08014584                MX_USB_DEVICE_Init
 .text.CDC_Init_FS
                0x08014600       0x28 ./USB_DEVICE/App/usbd_cdc_if.o
 .text.CDC_DeInit_FS
                0x08014628       0x10 ./USB_DEVICE/App/usbd_cdc_if.o
 .text.CDC_Control_FS
                0x08014638       0xbc ./USB_DEVICE/App/usbd_cdc_if.o
 .text.CDC_Receive_FS
                0x080146f4       0x30 ./USB_DEVICE/App/usbd_cdc_if.o
 .text.CDC_Transmit_FS
                0x08014724       0x4c ./USB_DEVICE/App/usbd_cdc_if.o
                0x08014724                CDC_Transmit_FS
 .text.CDC_TransmitCplt_FS
                0x08014770       0x22 ./USB_DEVICE/App/usbd_cdc_if.o
 *fill*         0x08014792        0x2 
 .text.USBD_FS_DeviceDescriptor
                0x08014794       0x24 ./USB_DEVICE/App/usbd_desc.o
                0x08014794                USBD_FS_DeviceDescriptor
 .text.USBD_FS_LangIDStrDescriptor
                0x080147b8       0x24 ./USB_DEVICE/App/usbd_desc.o
                0x080147b8                USBD_FS_LangIDStrDescriptor
 .text.USBD_FS_ProductStrDescriptor
                0x080147dc       0x3c ./USB_DEVICE/App/usbd_desc.o
                0x080147dc                USBD_FS_ProductStrDescriptor
 .text.USBD_FS_ManufacturerStrDescriptor
                0x08014818       0x28 ./USB_DEVICE/App/usbd_desc.o
                0x08014818                USBD_FS_ManufacturerStrDescriptor
 .text.USBD_FS_SerialStrDescriptor
                0x08014840       0x24 ./USB_DEVICE/App/usbd_desc.o
                0x08014840                USBD_FS_SerialStrDescriptor
 .text.USBD_FS_ConfigStrDescriptor
                0x08014864       0x3c ./USB_DEVICE/App/usbd_desc.o
                0x08014864                USBD_FS_ConfigStrDescriptor
 .text.USBD_FS_InterfaceStrDescriptor
                0x080148a0       0x3c ./USB_DEVICE/App/usbd_desc.o
                0x080148a0                USBD_FS_InterfaceStrDescriptor
 .text.Get_SerialNum
                0x080148dc       0x58 ./USB_DEVICE/App/usbd_desc.o
 .text.IntToUnicode
                0x08014934       0x7e ./USB_DEVICE/App/usbd_desc.o
 *fill*         0x080149b2        0x2 
 .text.HAL_PCD_MspInit
                0x080149b4       0xe8 ./USB_DEVICE/Target/usbd_conf.o
                0x080149b4                HAL_PCD_MspInit
 .text.HAL_PCD_SetupStageCallback
                0x08014a9c       0x24 ./USB_DEVICE/Target/usbd_conf.o
                0x08014a9c                HAL_PCD_SetupStageCallback
 .text.HAL_PCD_DataOutStageCallback
                0x08014ac0       0x36 ./USB_DEVICE/Target/usbd_conf.o
                0x08014ac0                HAL_PCD_DataOutStageCallback
 .text.HAL_PCD_DataInStageCallback
                0x08014af6       0x34 ./USB_DEVICE/Target/usbd_conf.o
                0x08014af6                HAL_PCD_DataInStageCallback
 .text.HAL_PCD_SOFCallback
                0x08014b2a       0x1c ./USB_DEVICE/Target/usbd_conf.o
                0x08014b2a                HAL_PCD_SOFCallback
 .text.HAL_PCD_ResetCallback
                0x08014b46       0x50 ./USB_DEVICE/Target/usbd_conf.o
                0x08014b46                HAL_PCD_ResetCallback
 *fill*         0x08014b96        0x2 
 .text.HAL_PCD_SuspendCallback
                0x08014b98       0x4c ./USB_DEVICE/Target/usbd_conf.o
                0x08014b98                HAL_PCD_SuspendCallback
 .text.HAL_PCD_ResumeCallback
                0x08014be4       0x1c ./USB_DEVICE/Target/usbd_conf.o
                0x08014be4                HAL_PCD_ResumeCallback
 .text.HAL_PCD_ISOOUTIncompleteCallback
                0x08014c00       0x24 ./USB_DEVICE/Target/usbd_conf.o
                0x08014c00                HAL_PCD_ISOOUTIncompleteCallback
 .text.HAL_PCD_ISOINIncompleteCallback
                0x08014c24       0x24 ./USB_DEVICE/Target/usbd_conf.o
                0x08014c24                HAL_PCD_ISOINIncompleteCallback
 .text.HAL_PCD_ConnectCallback
                0x08014c48       0x1c ./USB_DEVICE/Target/usbd_conf.o
                0x08014c48                HAL_PCD_ConnectCallback
 .text.HAL_PCD_DisconnectCallback
                0x08014c64       0x1c ./USB_DEVICE/Target/usbd_conf.o
                0x08014c64                HAL_PCD_DisconnectCallback
 .text.USBD_LL_Init
                0x08014c80       0xa0 ./USB_DEVICE/Target/usbd_conf.o
                0x08014c80                USBD_LL_Init
 .text.USBD_LL_Start
                0x08014d20       0x36 ./USB_DEVICE/Target/usbd_conf.o
                0x08014d20                USBD_LL_Start
 .text.USBD_LL_OpenEP
                0x08014d56       0x4c ./USB_DEVICE/Target/usbd_conf.o
                0x08014d56                USBD_LL_OpenEP
 .text.USBD_LL_CloseEP
                0x08014da2       0x3e ./USB_DEVICE/Target/usbd_conf.o
                0x08014da2                USBD_LL_CloseEP
 .text.USBD_LL_StallEP
                0x08014de0       0x3e ./USB_DEVICE/Target/usbd_conf.o
                0x08014de0                USBD_LL_StallEP
 .text.USBD_LL_ClearStallEP
                0x08014e1e       0x3e ./USB_DEVICE/Target/usbd_conf.o
                0x08014e1e                USBD_LL_ClearStallEP
 .text.USBD_LL_IsStallEP
                0x08014e5c       0x58 ./USB_DEVICE/Target/usbd_conf.o
                0x08014e5c                USBD_LL_IsStallEP
 .text.USBD_LL_SetUSBAddress
                0x08014eb4       0x3e ./USB_DEVICE/Target/usbd_conf.o
                0x08014eb4                USBD_LL_SetUSBAddress
 .text.USBD_LL_Transmit
                0x08014ef2       0x42 ./USB_DEVICE/Target/usbd_conf.o
                0x08014ef2                USBD_LL_Transmit
 .text.USBD_LL_PrepareReceive
                0x08014f34       0x42 ./USB_DEVICE/Target/usbd_conf.o
                0x08014f34                USBD_LL_PrepareReceive
 .text.USBD_LL_GetRxDataSize
                0x08014f76       0x26 ./USB_DEVICE/Target/usbd_conf.o
                0x08014f76                USBD_LL_GetRxDataSize
 .text.USBD_static_malloc
                0x08014f9c       0x1c ./USB_DEVICE/Target/usbd_conf.o
                0x08014f9c                USBD_static_malloc
 .text.USBD_static_free
                0x08014fb8       0x14 ./USB_DEVICE/Target/usbd_conf.o
                0x08014fb8                USBD_static_free
 .text.USBD_Get_USB_Status
                0x08014fcc       0x58 ./USB_DEVICE/Target/usbd_conf.o
                0x08014fcc                USBD_Get_USB_Status
 .text.sprintf  0x08015024       0x44 C:/ST/STM32CubeIDE_1.18.0/STM32CubeIDE/plugins/com.st.stm32cube.ide.mcu.externaltools.gnu-tools-for-stm32.13.3.rel1.win32_1.0.0.202411081344/tools/bin/../lib/gcc/arm-none-eabi/13.3.1/../../../../arm-none-eabi/lib/thumb/v7e-m+dp/hard\libc_nano.a(libc_a-sprintf.o)
                0x08015024                siprintf
                0x08015024                sprintf
 .text.memset   0x08015068       0x10 C:/ST/STM32CubeIDE_1.18.0/STM32CubeIDE/plugins/com.st.stm32cube.ide.mcu.externaltools.gnu-tools-for-stm32.13.3.rel1.win32_1.0.0.202411081344/tools/bin/../lib/gcc/arm-none-eabi/13.3.1/../../../../arm-none-eabi/lib/thumb/v7e-m+dp/hard\libc_nano.a(libc_a-memset.o)
                0x08015068                memset
 .text.__errno  0x08015078        0xc C:/ST/STM32CubeIDE_1.18.0/STM32CubeIDE/plugins/com.st.stm32cube.ide.mcu.externaltools.gnu-tools-for-stm32.13.3.rel1.win32_1.0.0.202411081344/tools/bin/../lib/gcc/arm-none-eabi/13.3.1/../../../../arm-none-eabi/lib/thumb/v7e-m+dp/hard\libc_nano.a(libc_a-errno.o)
                0x08015078                __errno
 .text.__libc_init_array
                0x08015084       0x48 C:/ST/STM32CubeIDE_1.18.0/STM32CubeIDE/plugins/com.st.stm32cube.ide.mcu.externaltools.gnu-tools-for-stm32.13.3.rel1.win32_1.0.0.202411081344/tools/bin/../lib/gcc/arm-none-eabi/13.3.1/../../../../arm-none-eabi/lib/thumb/v7e-m+dp/hard\libc_nano.a(libc_a-init.o)
                0x08015084                __libc_init_array
 .text.__retarget_lock_acquire_recursive
                0x080150cc        0x2 C:/ST/STM32CubeIDE_1.18.0/STM32CubeIDE/plugins/com.st.stm32cube.ide.mcu.externaltools.gnu-tools-for-stm32.13.3.rel1.win32_1.0.0.202411081344/tools/bin/../lib/gcc/arm-none-eabi/13.3.1/../../../../arm-none-eabi/lib/thumb/v7e-m+dp/hard\libc_nano.a(libc_a-lock.o)
                0x080150cc                __retarget_lock_acquire_recursive
 .text.__retarget_lock_release_recursive
                0x080150ce        0x2 C:/ST/STM32CubeIDE_1.18.0/STM32CubeIDE/plugins/com.st.stm32cube.ide.mcu.externaltools.gnu-tools-for-stm32.13.3.rel1.win32_1.0.0.202411081344/tools/bin/../lib/gcc/arm-none-eabi/13.3.1/../../../../arm-none-eabi/lib/thumb/v7e-m+dp/hard\libc_nano.a(libc_a-lock.o)
                0x080150ce                __retarget_lock_release_recursive
 .text._free_r  0x080150d0       0x94 C:/ST/STM32CubeIDE_1.18.0/STM32CubeIDE/plugins/com.st.stm32cube.ide.mcu.externaltools.gnu-tools-for-stm32.13.3.rel1.win32_1.0.0.202411081344/tools/bin/../lib/gcc/arm-none-eabi/13.3.1/../../../../arm-none-eabi/lib/thumb/v7e-m+dp/hard\libc_nano.a(libc_a-freer.o)
                0x080150d0                _free_r
 .text.sbrk_aligned
                0x08015164       0x44 C:/ST/STM32CubeIDE_1.18.0/STM32CubeIDE/plugins/com.st.stm32cube.ide.mcu.externaltools.gnu-tools-for-stm32.13.3.rel1.win32_1.0.0.202411081344/tools/bin/../lib/gcc/arm-none-eabi/13.3.1/../../../../arm-none-eabi/lib/thumb/v7e-m+dp/hard\libc_nano.a(libc_a-mallocr.o)
 .text._malloc_r
                0x080151a8      0x100 C:/ST/STM32CubeIDE_1.18.0/STM32CubeIDE/plugins/com.st.stm32cube.ide.mcu.externaltools.gnu-tools-for-stm32.13.3.rel1.win32_1.0.0.202411081344/tools/bin/../lib/gcc/arm-none-eabi/13.3.1/../../../../arm-none-eabi/lib/thumb/v7e-m+dp/hard\libc_nano.a(libc_a-mallocr.o)
                0x080151a8                _malloc_r
 .text.__malloc_lock
                0x080152a8        0xc C:/ST/STM32CubeIDE_1.18.0/STM32CubeIDE/plugins/com.st.stm32cube.ide.mcu.externaltools.gnu-tools-for-stm32.13.3.rel1.win32_1.0.0.202411081344/tools/bin/../lib/gcc/arm-none-eabi/13.3.1/../../../../arm-none-eabi/lib/thumb/v7e-m+dp/hard\libc_nano.a(libc_a-mlock.o)
                0x080152a8                __malloc_lock
 .text.__malloc_unlock
                0x080152b4        0xc C:/ST/STM32CubeIDE_1.18.0/STM32CubeIDE/plugins/com.st.stm32cube.ide.mcu.externaltools.gnu-tools-for-stm32.13.3.rel1.win32_1.0.0.202411081344/tools/bin/../lib/gcc/arm-none-eabi/13.3.1/../../../../arm-none-eabi/lib/thumb/v7e-m+dp/hard\libc_nano.a(libc_a-mlock.o)
                0x080152b4                __malloc_unlock
 .text.__ssputs_r
                0x080152c0       0xb6 C:/ST/STM32CubeIDE_1.18.0/STM32CubeIDE/plugins/com.st.stm32cube.ide.mcu.externaltools.gnu-tools-for-stm32.13.3.rel1.win32_1.0.0.202411081344/tools/bin/../lib/gcc/arm-none-eabi/13.3.1/../../../../arm-none-eabi/lib/thumb/v7e-m+dp/hard\libc_nano.a(libc_a-nano-svfprintf.o)
                0x080152c0                __ssputs_r
 *fill*         0x08015376        0x2 
 .text._svfprintf_r
                0x08015378      0x1f8 C:/ST/STM32CubeIDE_1.18.0/STM32CubeIDE/plugins/com.st.stm32cube.ide.mcu.externaltools.gnu-tools-for-stm32.13.3.rel1.win32_1.0.0.202411081344/tools/bin/../lib/gcc/arm-none-eabi/13.3.1/../../../../arm-none-eabi/lib/thumb/v7e-m+dp/hard\libc_nano.a(libc_a-nano-svfprintf.o)
                0x08015378                _svfiprintf_r
                0x08015378                _svfprintf_r
 .text._printf_common
                0x08015570       0xda C:/ST/STM32CubeIDE_1.18.0/STM32CubeIDE/plugins/com.st.stm32cube.ide.mcu.externaltools.gnu-tools-for-stm32.13.3.rel1.win32_1.0.0.202411081344/tools/bin/../lib/gcc/arm-none-eabi/13.3.1/../../../../arm-none-eabi/lib/thumb/v7e-m+dp/hard\libc_nano.a(libc_a-nano-vfprintf_i.o)
                0x08015570                _printf_common
 *fill*         0x0801564a        0x2 
 .text._printf_i
                0x0801564c      0x23c C:/ST/STM32CubeIDE_1.18.0/STM32CubeIDE/plugins/com.st.stm32cube.ide.mcu.externaltools.gnu-tools-for-stm32.13.3.rel1.win32_1.0.0.202411081344/tools/bin/../lib/gcc/arm-none-eabi/13.3.1/../../../../arm-none-eabi/lib/thumb/v7e-m+dp/hard\libc_nano.a(libc_a-nano-vfprintf_i.o)
                0x0801564c                _printf_i
 .text.memmove  0x08015888       0x34 C:/ST/STM32CubeIDE_1.18.0/STM32CubeIDE/plugins/com.st.stm32cube.ide.mcu.externaltools.gnu-tools-for-stm32.13.3.rel1.win32_1.0.0.202411081344/tools/bin/../lib/gcc/arm-none-eabi/13.3.1/../../../../arm-none-eabi/lib/thumb/v7e-m+dp/hard\libc_nano.a(libc_a-memmove.o)
                0x08015888                memmove
 .text._sbrk_r  0x080158bc       0x20 C:/ST/STM32CubeIDE_1.18.0/STM32CubeIDE/plugins/com.st.stm32cube.ide.mcu.externaltools.gnu-tools-for-stm32.13.3.rel1.win32_1.0.0.202411081344/tools/bin/../lib/gcc/arm-none-eabi/13.3.1/../../../../arm-none-eabi/lib/thumb/v7e-m+dp/hard\libc_nano.a(libc_a-sbrkr.o)
                0x080158bc                _sbrk_r
 .text.memcpy   0x080158dc       0x1c C:/ST/STM32CubeIDE_1.18.0/STM32CubeIDE/plugins/com.st.stm32cube.ide.mcu.externaltools.gnu-tools-for-stm32.13.3.rel1.win32_1.0.0.202411081344/tools/bin/../lib/gcc/arm-none-eabi/13.3.1/../../../../arm-none-eabi/lib/thumb/v7e-m+dp/hard\libc_nano.a(libc_a-memcpy-stub.o)
                0x080158dc                memcpy
 .text._realloc_r
                0x080158f8       0x5c C:/ST/STM32CubeIDE_1.18.0/STM32CubeIDE/plugins/com.st.stm32cube.ide.mcu.externaltools.gnu-tools-for-stm32.13.3.rel1.win32_1.0.0.202411081344/tools/bin/../lib/gcc/arm-none-eabi/13.3.1/../../../../arm-none-eabi/lib/thumb/v7e-m+dp/hard\libc_nano.a(libc_a-reallocr.o)
                0x080158f8                _realloc_r
 .text._malloc_usable_size_r
                0x08015954       0x10 C:/ST/STM32CubeIDE_1.18.0/STM32CubeIDE/plugins/com.st.stm32cube.ide.mcu.externaltools.gnu-tools-for-stm32.13.3.rel1.win32_1.0.0.202411081344/tools/bin/../lib/gcc/arm-none-eabi/13.3.1/../../../../arm-none-eabi/lib/thumb/v7e-m+dp/hard\libc_nano.a(libc_a-msizer.o)
                0x08015954                _malloc_usable_size_r
 *(.glue_7)
 .glue_7        0x08015964        0x0 linker stubs
 *(.glue_7t)
 .glue_7t       0x08015964        0x0 linker stubs
 *(.eh_frame)
 .eh_frame      0x08015964        0x0 C:/ST/STM32CubeIDE_1.18.0/STM32CubeIDE/plugins/com.st.stm32cube.ide.mcu.externaltools.gnu-tools-for-stm32.13.3.rel1.win32_1.0.0.202411081344/tools/bin/../lib/gcc/arm-none-eabi/13.3.1/thumb/v7e-m+dp/hard/crtbegin.o
 *(.init)
 .init          0x08015964        0x4 C:/ST/STM32CubeIDE_1.18.0/STM32CubeIDE/plugins/com.st.stm32cube.ide.mcu.externaltools.gnu-tools-for-stm32.13.3.rel1.win32_1.0.0.202411081344/tools/bin/../lib/gcc/arm-none-eabi/13.3.1/thumb/v7e-m+dp/hard/crti.o
                0x08015964                _init
 .init          0x08015968        0x8 C:/ST/STM32CubeIDE_1.18.0/STM32CubeIDE/plugins/com.st.stm32cube.ide.mcu.externaltools.gnu-tools-for-stm32.13.3.rel1.win32_1.0.0.202411081344/tools/bin/../lib/gcc/arm-none-eabi/13.3.1/thumb/v7e-m+dp/hard/crtn.o
 *(.fini)
 .fini          0x08015970        0x4 C:/ST/STM32CubeIDE_1.18.0/STM32CubeIDE/plugins/com.st.stm32cube.ide.mcu.externaltools.gnu-tools-for-stm32.13.3.rel1.win32_1.0.0.202411081344/tools/bin/../lib/gcc/arm-none-eabi/13.3.1/thumb/v7e-m+dp/hard/crti.o
                0x08015970                _fini
 .fini          0x08015974        0x8 C:/ST/STM32CubeIDE_1.18.0/STM32CubeIDE/plugins/com.st.stm32cube.ide.mcu.externaltools.gnu-tools-for-stm32.13.3.rel1.win32_1.0.0.202411081344/tools/bin/../lib/gcc/arm-none-eabi/13.3.1/thumb/v7e-m+dp/hard/crtn.o
                0x0801597c                        . = ALIGN (0x4)
                0x0801597c                        _etext = .

.vfp11_veneer   0x0801597c        0x0
 .vfp11_veneer  0x0801597c        0x0 linker stubs

.v4_bx          0x0801597c        0x0
 .v4_bx         0x0801597c        0x0 linker stubs

.iplt           0x0801597c        0x0
 .iplt          0x0801597c        0x0 C:/ST/STM32CubeIDE_1.18.0/STM32CubeIDE/plugins/com.st.stm32cube.ide.mcu.externaltools.gnu-tools-for-stm32.13.3.rel1.win32_1.0.0.202411081344/tools/bin/../lib/gcc/arm-none-eabi/13.3.1/thumb/v7e-m+dp/hard/crtbegin.o

.rodata         0x0801597c      0x388
                0x0801597c                        . = ALIGN (0x4)
 *(.rodata)
 .rodata        0x0801597c       0x36 ./Core/Src/main.o
 *fill*         0x080159b2        0x2 
 .rodata        0x080159b4       0x46 ./USB_DEVICE/App/usbd_desc.o
 *(.rodata*)
 *fill*         0x080159fa        0x2 
 .rodata.D1CorePrescTable
                0x080159fc       0x10 ./Core/Src/system_stm32h7xx.o
                0x080159fc                D1CorePrescTable
 .rodata.SSD1306_INITCMDS
                0x08015a0c       0x32 ./Drivers/SSD1306_Driver/Src/SSD1306.o
                0x08015a0c                SSD1306_INITCMDS
 *fill*         0x08015a3e        0x2 
 .rodata.flagBitshiftOffset.0
                0x08015a40        0x8 ./Drivers/STM32H7xx_HAL_Driver/Src/stm32h7xx_hal_dma.o
 .rodata.JPEG_DCLUM_HuffTable
                0x08015a48       0x1c ./Drivers/STM32H7xx_HAL_Driver/Src/stm32h7xx_hal_jpeg.o
 .rodata.JPEG_DCCHROM_HuffTable
                0x08015a64       0x1c ./Drivers/STM32H7xx_HAL_Driver/Src/stm32h7xx_hal_jpeg.o
 .rodata.JPEG_ACLUM_HuffTable
                0x08015a80       0xb2 ./Drivers/STM32H7xx_HAL_Driver/Src/stm32h7xx_hal_jpeg.o
 *fill*         0x08015b32        0x2 
 .rodata.JPEG_ACCHROM_HuffTable
                0x08015b34       0xb2 ./Drivers/STM32H7xx_HAL_Driver/Src/stm32h7xx_hal_jpeg.o
 *fill*         0x08015be6        0x2 
 .rodata.JPEG_ZIGZAG_ORDER
                0x08015be8       0x40 ./Drivers/STM32H7xx_HAL_Driver/Src/stm32h7xx_hal_jpeg.o
 .rodata.JPEG_LUM_QuantTable.1
                0x08015c28       0x40 ./Drivers/STM32H7xx_HAL_Driver/Src/stm32h7xx_hal_jpeg.o
 .rodata.JPEG_CHROM_QuantTable.0
                0x08015c68       0x40 ./Drivers/STM32H7xx_HAL_Driver/Src/stm32h7xx_hal_jpeg.o
 .rodata.UARTPrescTable
                0x08015ca8       0x18 ./Drivers/STM32H7xx_HAL_Driver/Src/stm32h7xx_hal_uart.o
                0x08015ca8                UARTPrescTable
 .rodata.numerator.1
                0x08015cc0        0x8 ./Drivers/STM32H7xx_HAL_Driver/Src/stm32h7xx_hal_uart_ex.o
 .rodata.denominator.0
                0x08015cc8        0x8 ./Drivers/STM32H7xx_HAL_Driver/Src/stm32h7xx_hal_uart_ex.o
 .rodata._svfprintf_r.str1.1
                0x08015cd0       0x33 C:/ST/STM32CubeIDE_1.18.0/STM32CubeIDE/plugins/com.st.stm32cube.ide.mcu.externaltools.gnu-tools-for-stm32.13.3.rel1.win32_1.0.0.202411081344/tools/bin/../lib/gcc/arm-none-eabi/13.3.1/../../../../arm-none-eabi/lib/thumb/v7e-m+dp/hard\libc_nano.a(libc_a-nano-svfprintf.o)
                                 0x11 (size before relaxing)
 .rodata._printf_i.str1.1
                0x08015d03       0x22 C:/ST/STM32CubeIDE_1.18.0/STM32CubeIDE/plugins/com.st.stm32cube.ide.mcu.externaltools.gnu-tools-for-stm32.13.3.rel1.win32_1.0.0.202411081344/tools/bin/../lib/gcc/arm-none-eabi/13.3.1/../../../../arm-none-eabi/lib/thumb/v7e-m+dp/hard\libc_nano.a(libc_a-nano-vfprintf_i.o)
                0x08015d28                        . = ALIGN (0x4)
 *fill*         0x08015d03        0x1 

.ARM.extab
 *(.ARM.extab* .gnu.linkonce.armextab.*)

.ARM            0x08015d04        0x8
                0x08015d04                        __exidx_start = .
 *(.ARM.exidx*)
 .ARM.exidx     0x08015d04        0x8 C:/ST/STM32CubeIDE_1.18.0/STM32CubeIDE/plugins/com.st.stm32cube.ide.mcu.externaltools.gnu-tools-for-stm32.13.3.rel1.win32_1.0.0.202411081344/tools/bin/../lib/gcc/arm-none-eabi/13.3.1/../../../../arm-none-eabi/lib/thumb/v7e-m+dp/hard\libc_nano.a(libc_a-strlen.o)
 .ARM.exidx     0x08015d0c        0x0 C:/ST/STM32CubeIDE_1.18.0/STM32CubeIDE/plugins/com.st.stm32cube.ide.mcu.externaltools.gnu-tools-for-stm32.13.3.rel1.win32_1.0.0.202411081344/tools/bin/../lib/gcc/arm-none-eabi/13.3.1/../../../../arm-none-eabi/lib/thumb/v7e-m+dp/hard\libc_nano.a(libc_a-memchr.o)
                                  0x8 (size before relaxing)
 .ARM.exidx     0x08015d0c        0x0 C:/ST/STM32CubeIDE_1.18.0/STM32CubeIDE/plugins/com.st.stm32cube.ide.mcu.externaltools.gnu-tools-for-stm32.13.3.rel1.win32_1.0.0.202411081344/tools/bin/../lib/gcc/arm-none-eabi/13.3.1/thumb/v7e-m+dp/hard\libgcc.a(_udivmoddi4.o)
                                  0x8 (size before relaxing)
                0x08015d0c                        __exidx_end = .

.preinit_array  0x08015d0c        0x0
                0x08015d0c                        PROVIDE (__preinit_array_start = .)
 *(.preinit_array*)
                0x08015d0c                        PROVIDE (__preinit_array_end = .)

.init_array     0x08015d0c        0x4
                0x08015d0c                        PROVIDE (__init_array_start = .)
 *(SORT_BY_NAME(.init_array.*))
 *(.init_array*)
 .init_array    0x08015d0c        0x4 C:/ST/STM32CubeIDE_1.18.0/STM32CubeIDE/plugins/com.st.stm32cube.ide.mcu.externaltools.gnu-tools-for-stm32.13.3.rel1.win32_1.0.0.202411081344/tools/bin/../lib/gcc/arm-none-eabi/13.3.1/thumb/v7e-m+dp/hard/crtbegin.o
                0x08015d10                        PROVIDE (__init_array_end = .)

.fini_array     0x08015d10        0x4
                [!provide]                        PROVIDE (__fini_array_start = .)
 *(SORT_BY_NAME(.fini_array.*))
 *(.fini_array*)
 .fini_array    0x08015d10        0x4 C:/ST/STM32CubeIDE_1.18.0/STM32CubeIDE/plugins/com.st.stm32cube.ide.mcu.externaltools.gnu-tools-for-stm32.13.3.rel1.win32_1.0.0.202411081344/tools/bin/../lib/gcc/arm-none-eabi/13.3.1/thumb/v7e-m+dp/hard/crtbegin.o
                [!provide]                        PROVIDE (__fini_array_end = .)
                0x08015d14                        _sidata = LOADADDR (.data)

.rel.dyn        0x08015d14        0x0
 .rel.iplt      0x08015d14        0x0 C:/ST/STM32CubeIDE_1.18.0/STM32CubeIDE/plugins/com.st.stm32cube.ide.mcu.externaltools.gnu-tools-for-stm32.13.3.rel1.win32_1.0.0.202411081344/tools/bin/../lib/gcc/arm-none-eabi/13.3.1/thumb/v7e-m+dp/hard/crtbegin.o

.data           0x24000000      0x154 load address 0x08015d14
                0x24000000                        . = ALIGN (0x4)
                0x24000000                        _sdata = .
 *(.data)
 *(.data*)
 .data.SystemCoreClock
                0x24000000        0x4 ./Core/Src/system_stm32h7xx.o
                0x24000000                SystemCoreClock
 .data.SystemD2Clock
                0x24000004        0x4 ./Core/Src/system_stm32h7xx.o
                0x24000004                SystemD2Clock
 .data.uwTickPrio
                0x24000008        0x4 ./Drivers/STM32H7xx_HAL_Driver/Src/stm32h7xx_hal.o
                0x24000008                uwTickPrio
 .data.uwTickFreq
                0x2400000c        0x1 ./Drivers/STM32H7xx_HAL_Driver/Src/stm32h7xx_hal.o
                0x2400000c                uwTickFreq
 *fill*         0x2400000d        0x3 
 .data.USBD_CDC_DeviceQualifierDesc
                0x24000010        0xa ./Middlewares/ST/STM32_USB_Device_Library/Class/CDC/Src/usbd_cdc.o
 *fill*         0x2400001a        0x2 
 .data.USBD_CDC
                0x2400001c       0x38 ./Middlewares/ST/STM32_USB_Device_Library/Class/CDC/Src/usbd_cdc.o
                0x2400001c                USBD_CDC
 .data.USBD_CDC_CfgDesc
                0x24000054       0x43 ./Middlewares/ST/STM32_USB_Device_Library/Class/CDC/Src/usbd_cdc.o
 .data.CDCInEpAdd
                0x24000097        0x1 ./Middlewares/ST/STM32_USB_Device_Library/Class/CDC/Src/usbd_cdc.o
 .data.CDCOutEpAdd
                0x24000098        0x1 ./Middlewares/ST/STM32_USB_Device_Library/Class/CDC/Src/usbd_cdc.o
 .data.CDCCmdEpAdd
                0x24000099        0x1 ./Middlewares/ST/STM32_USB_Device_Library/Class/CDC/Src/usbd_cdc.o
 *fill*         0x2400009a        0x2 
 .data.USBD_Interface_fops_FS
                0x2400009c       0x14 ./USB_DEVICE/App/usbd_cdc_if.o
                0x2400009c                USBD_Interface_fops_FS
 .data.FS_Desc  0x240000b0       0x20 ./USB_DEVICE/App/usbd_desc.o
                0x240000b0                FS_Desc
 .data.USBD_FS_DeviceDesc
                0x240000d0       0x12 ./USB_DEVICE/App/usbd_desc.o
                0x240000d0                USBD_FS_DeviceDesc
 *fill*         0x240000e2        0x2 
 .data.USBD_LangIDDesc
                0x240000e4        0x4 ./USB_DEVICE/App/usbd_desc.o
                0x240000e4                USBD_LangIDDesc
 .data.USBD_StringSerial
                0x240000e8       0x1a ./USB_DEVICE/App/usbd_desc.o