Archive member included to satisfy reference by file (symbol)

C:/ST/STM32CubeIDE_1.18.0/STM32CubeIDE/plugins/com.st.stm32cube.ide.mcu.externaltools.gnu-tools-for-stm32.13.3.rel1.win32_1.0.0.202411081344/tools/bin/../lib/gcc/arm-none-eabi/13.3.1/../../../../arm-none-eabi/lib/thumb/v7e-m+dp/hard\libc_nano.a(libc_a-exit.o)
                              C:/ST/STM32CubeIDE_1.18.0/STM32CubeIDE/plugins/com.st.stm32cube.ide.mcu.externaltools.gnu-tools-for-stm32.13.3.rel1.win32_1.0.0.202411081344/tools/bin/../lib/gcc/arm-none-eabi/13.3.1/../../../../arm-none-eabi/lib/thumb/v7e-m+dp/hard/crt0.o (exit)
C:/ST/STM32CubeIDE_1.18.0/STM32CubeIDE/plugins/com.st.stm32cube.ide.mcu.externaltools.gnu-tools-for-stm32.13.3.rel1.win32_1.0.0.202411081344/tools/bin/../lib/gcc/arm-none-eabi/13.3.1/../../../../arm-none-eabi/lib/thumb/v7e-m+dp/hard\libc_nano.a(libc_a-malloc.o)
                              ./Drivers/XBEE_Driver/Src/XBEE.o (malloc)
C:/ST/STM32CubeIDE_1.18.0/STM32CubeIDE/plugins/com.st.stm32cube.ide.mcu.externaltools.gnu-tools-for-stm32.13.3.rel1.win32_1.0.0.202411081344/tools/bin/../lib/gcc/arm-none-eabi/13.3.1/../../../../arm-none-eabi/lib/thumb/v7e-m+dp/hard\libc_nano.a(libc_a-mallocr.o)
                              C:/ST/STM32CubeIDE_1.18.0/STM32CubeIDE/plugins/com.st.stm32cube.ide.mcu.externaltools.gnu-tools-for-stm32.13.3.rel1.win32_1.0.0.202411081344/tools/bin/../lib/gcc/arm-none-eabi/13.3.1/../../../../arm-none-eabi/lib/thumb/v7e-m+dp/hard\libc_nano.a(libc_a-malloc.o) (_malloc_r)
C:/ST/STM32CubeIDE_1.18.0/STM32CubeIDE/plugins/com.st.stm32cube.ide.mcu.externaltools.gnu-tools-for-stm32.13.3.rel1.win32_1.0.0.202411081344/tools/bin/../lib/gcc/arm-none-eabi/13.3.1/../../../../arm-none-eabi/lib/thumb/v7e-m+dp/hard\libc_nano.a(libc_a-mlock.o)
                              C:/ST/STM32CubeIDE_1.18.0/STM32CubeIDE/plugins/com.st.stm32cube.ide.mcu.externaltools.gnu-tools-for-stm32.13.3.rel1.win32_1.0.0.202411081344/tools/bin/../lib/gcc/arm-none-eabi/13.3.1/../../../../arm-none-eabi/lib/thumb/v7e-m+dp/hard\libc_nano.a(libc_a-mallocr.o) (__malloc_lock)
C:/ST/STM32CubeIDE_1.18.0/STM32CubeIDE/plugins/com.st.stm32cube.ide.mcu.externaltools.gnu-tools-for-stm32.13.3.rel1.win32_1.0.0.202411081344/tools/bin/../lib/gcc/arm-none-eabi/13.3.1/../../../../arm-none-eabi/lib/thumb/v7e-m+dp/hard\libc_nano.a(libc_a-rand.o)
                              ./Core/Src/main.o (rand)
C:/ST/STM32CubeIDE_1.18.0/STM32CubeIDE/plugins/com.st.stm32cube.ide.mcu.externaltools.gnu-tools-for-stm32.13.3.rel1.win32_1.0.0.202411081344/tools/bin/../lib/gcc/arm-none-eabi/13.3.1/../../../../arm-none-eabi/lib/thumb/v7e-m+dp/hard\libc_nano.a(libc_a-nano-vfprintf_float.o)
                              (_printf_float)
C:/ST/STM32CubeIDE_1.18.0/STM32CubeIDE/plugins/com.st.stm32cube.ide.mcu.externaltools.gnu-tools-for-stm32.13.3.rel1.win32_1.0.0.202411081344/tools/bin/../lib/gcc/arm-none-eabi/13.3.1/../../../../arm-none-eabi/lib/thumb/v7e-m+dp/hard\libc_nano.a(libc_a-nano-vfprintf_i.o)
                              C:/ST/STM32CubeIDE_1.18.0/STM32CubeIDE/plugins/com.st.stm32cube.ide.mcu.externaltools.gnu-tools-for-stm32.13.3.rel1.win32_1.0.0.202411081344/tools/bin/../lib/gcc/arm-none-eabi/13.3.1/../../../../arm-none-eabi/lib/thumb/v7e-m+dp/hard\libc_nano.a(libc_a-nano-vfprintf_float.o) (_printf_common)
C:/ST/STM32CubeIDE_1.18.0/STM32CubeIDE/plugins/com.st.stm32cube.ide.mcu.externaltools.gnu-tools-for-stm32.13.3.rel1.win32_1.0.0.202411081344/tools/bin/../lib/gcc/arm-none-eabi/13.3.1/../../../../arm-none-eabi/lib/thumb/v7e-m+dp/hard\libc_nano.a(libc_a-findfp.o)
                              C:/ST/STM32CubeIDE_1.18.0/STM32CubeIDE/plugins/com.st.stm32cube.ide.mcu.externaltools.gnu-tools-for-stm32.13.3.rel1.win32_1.0.0.202411081344/tools/bin/../lib/gcc/arm-none-eabi/13.3.1/../../../../arm-none-eabi/lib/thumb/v7e-m+dp/hard\libc_nano.a(libc_a-exit.o) (__stdio_exit_handler)
C:/ST/STM32CubeIDE_1.18.0/STM32CubeIDE/plugins/com.st.stm32cube.ide.mcu.externaltools.gnu-tools-for-stm32.13.3.rel1.win32_1.0.0.202411081344/tools/bin/../lib/gcc/arm-none-eabi/13.3.1/../../../../arm-none-eabi/lib/thumb/v7e-m+dp/hard\libc_nano.a(libc_a-fwalk.o)
                              C:/ST/STM32CubeIDE_1.18.0/STM32CubeIDE/plugins/com.st.stm32cube.ide.mcu.externaltools.gnu-tools-for-stm32.13.3.rel1.win32_1.0.0.202411081344/tools/bin/../lib/gcc/arm-none-eabi/13.3.1/../../../../arm-none-eabi/lib/thumb/v7e-m+dp/hard\libc_nano.a(libc_a-findfp.o) (_fwalk_sglue)
C:/ST/STM32CubeIDE_1.18.0/STM32CubeIDE/plugins/com.st.stm32cube.ide.mcu.externaltools.gnu-tools-for-stm32.13.3.rel1.win32_1.0.0.202411081344/tools/bin/../lib/gcc/arm-none-eabi/13.3.1/../../../../arm-none-eabi/lib/thumb/v7e-m+dp/hard\libc_nano.a(libc_a-sprintf.o)
                              ./Core/Src/main.o (sprintf)
[...]
Memory Configuration

Name             Origin             Length             Attributes
FLASH            0x08000000         0x00080000         xr
FLASH2           0x08100000         0x00080000         xr
DTCMRAM          0x20000000         0x00020000         xrw
RAM_D1           0x24000000         0x00080000         xrw
RAM_D2           0x30000000         0x00048000         xrw
RAM_D3           0x38000000         0x00010000         xrw
ITCMRAM          0x00000000         0x00010000         xrw
*default*        0x00000000         0xffffffff

Linker script and memory map

LOAD C:/ST/STM32CubeIDE_1.18.0/STM32CubeIDE/plugins/com.st.stm32cube.ide.mcu.externaltools.gnu-tools-for-stm32.13.3.rel1.win32_1.0.0.202411081344/tools/bin/../lib/gcc/arm-none-eabi/13.3.1/thumb/v7e-m+dp/hard/crti.o
LOAD C:/ST/STM32CubeIDE_1.18.0/STM32CubeIDE/plugins/com.st.stm32cube.ide.mcu.externaltools.gnu-tools-for-stm32.13.3.rel1.win32_1.0.0.202411081344/tools/bin/../lib/gcc/arm-none-eabi/13.3.1/thumb/v7e-m+dp/hard/crtbegin.o
LOAD C:/ST/STM32CubeIDE_1.18.0/STM32CubeIDE/plugins/com.st.stm32cube.ide.mcu.externaltools.gnu-tools-for-stm32.13.3.rel1.win32_1.0.0.202411081344/tools/bin/../lib/gcc/arm-none-eabi/13.3.1/../../../../arm-none-eabi/lib/thumb/v7e-m+dp/hard/crt0.o
LOAD ./Core/Src/main.o
LOAD ./Core/Src/stm32h7xx_hal_msp.o
LOAD ./Core/Src/stm32h7xx_it.o
LOAD ./Core/Src/syscalls.o
LOAD ./Core/Src/sysmem.o
LOAD ./Core/Src/system_stm32h7xx.o
LOAD ./Core/Startup/startup_stm32h743vgtx.o
LOAD ./Drivers/INA229_Driver/Src/INA229.o
LOAD ./Drivers/STM32H7xx_HAL_Driver/Src/stm32h7xx_hal.o
LOAD ./Drivers/STM32H7xx_HAL_Driver/Src/stm32h7xx_hal_cortex.o
LOAD ./Drivers/STM32H7xx_HAL_Driver/Src/stm32h7xx_hal_dcmi.o
LOAD ./Drivers/STM32H7xx_HAL_Driver/Src/stm32h7xx_hal_dma.o
LOAD ./Drivers/STM32H7xx_HAL_Driver/Src/stm32h7xx_hal_dma_ex.o
LOAD ./Drivers/STM32H7xx_HAL_Driver/Src/stm32h7xx_hal_exti.o
LOAD ./Drivers/STM32H7xx_HAL_Driver/Src/stm32h7xx_hal_flash.o
LOAD ./Drivers/STM32H7xx_HAL_Driver/Src/stm32h7xx_hal_flash_ex.o
LOAD ./Drivers/STM32H7xx_HAL_Driver/Src/stm32h7xx_hal_gpio.o
LOAD ./Drivers/STM32H7xx_HAL_Driver/Src/stm32h7xx_hal_hsem.o
LOAD ./Drivers/STM32H7xx_HAL_Driver/Src/stm32h7xx_hal_i2c.o
LOAD ./Drivers/STM32H7xx_HAL_Driver/Src/stm32h7xx_hal_i2c_ex.o
LOAD ./Drivers/STM32H7xx_HAL_Driver/Src/stm32h7xx_hal_jpeg.o
LOAD ./Drivers/STM32H7xx_HAL_Driver/Src/stm32h7xx_hal_mdma.o
LOAD ./Drivers/STM32H7xx_HAL_Driver/Src/stm32h7xx_hal_pcd.o
LOAD ./Drivers/STM32H7xx_HAL_Driver/Src/stm32h7xx_hal_pcd_ex.o
LOAD ./Drivers/STM32H7xx_HAL_Driver/Src/stm32h7xx_hal_pwr.o
LOAD ./Drivers/STM32H7xx_HAL_Driver/Src/stm32h7xx_hal_pwr_ex.o
LOAD ./Drivers/STM32H7xx_HAL_Driver/Src/stm32h7xx_hal_rcc.o
LOAD ./Drivers/STM32H7xx_HAL_Driver/Src/stm32h7xx_hal_rcc_ex.o
LOAD ./Drivers/STM32H7xx_HAL_Driver/Src/stm32h7xx_hal_spi.o
LOAD ./Drivers/STM32H7xx_HAL_Driver/Src/stm32h7xx_hal_spi_ex.o
LOAD ./Drivers/STM32H7xx_HAL_Driver/Src/stm32h7xx_hal_tim.o
LOAD ./Drivers/STM32H7xx_HAL_Driver/Src/stm32h7xx_hal_tim_ex.o
LOAD ./Drivers/STM32H7xx_HAL_Driver/Src/stm32h7xx_hal_uart.o
LOAD ./Drivers/STM32H7xx_HAL_Driver/Src/stm32h7xx_hal_uart_ex.o
LOAD ./Drivers/STM32H7xx_HAL_Driver/Src/stm32h7xx_ll_usb.o
LOAD ./Drivers/XBEE_Driver/Src/XBEE.o
LOAD ./Middlewares/ST/STM32_USB_Device_Library/Class/CDC/Src/usbd_cdc.o
LOAD ./Middlewares/ST/STM32_USB_Device_Library/Core/Src/usbd_core.o
LOAD ./Middlewares/ST/STM32_USB_Device_Library/Core/Src/usbd_ctlreq.o
LOAD ./Middlewares/ST/STM32_USB_Device_Library/Core/Src/usbd_ioreq.o
LOAD ./USB_DEVICE/App/usb_device.o
LOAD ./USB_DEVICE/App/usbd_cdc_if.o
LOAD ./USB_DEVICE/App/usbd_desc.o
LOAD ./USB_DEVICE/Target/usbd_conf.o
LOAD ./Utilities/JPEG/jpeg_utils.o
START GROUP
LOAD C:/ST/STM32CubeIDE_1.18.0/STM32CubeIDE/plugins/com.st.stm32cube.ide.mcu.externaltools.gnu-tools-for-stm32.13.3.rel1.win32_1.0.0.202411081344/tools/bin/../lib/gcc/arm-none-eabi/13.3.1/../../../../arm-none-eabi/lib/thumb/v7e-m+dp/hard\libc_nano.a
LOAD C:/ST/STM32CubeIDE_1.18.0/STM32CubeIDE/plugins/com.st.stm32cube.ide.mcu.externaltools.gnu-tools-for-stm32.13.3.rel1.win32_1.0.0.202411081344/tools/bin/../lib/gcc/arm-none-eabi/13.3.1/../../../../arm-none-eabi/lib/thumb/v7e-m+dp/hard\libm.a
END GROUP
START GROUP
LOAD C:/ST/STM32CubeIDE_1.18.0/STM32CubeIDE/plugins/com.st.stm32cube.ide.mcu.externaltools.gnu-tools-for-stm32.13.3.rel1.win32_1.0.0.202411081344/tools/bin/../lib/gcc/arm-none-eabi/13.3.1/thumb/v7e-m+dp/hard\libgcc.a
LOAD C:/ST/STM32CubeIDE_1.18.0/STM32CubeIDE/plugins/com.st.stm32cube.ide.mcu.externaltools.gnu-tools-for-stm32.13.3.rel1.win32_1.0.0.202411081344/tools/bin/../lib/gcc/arm-none-eabi/13.3.1/../../../../arm-none-eabi/lib/thumb/v7e-m+dp/hard\libc_nano.a
END GROUP
START GROUP
LOAD C:/ST/STM32CubeIDE_1.18.0/STM32CubeIDE/plugins/com.st.stm32cube.ide.mcu.externaltools.gnu-tools-for-stm32.13.3.rel1.win32_1.0.0.202411081344/tools/bin/../lib/gcc/arm-none-eabi/13.3.1/thumb/v7e-m+dp/hard\libgcc.a
LOAD C:/ST/STM32CubeIDE_1.18.0/STM32CubeIDE/plugins/com.st.stm32cube.ide.mcu.externaltools.gnu-tools-for-stm32.13.3.rel1.win32_1.0.0.202411081344/tools/bin/../lib/gcc/arm-none-eabi/13.3.1/../../../../arm-none-eabi/lib/thumb/v7e-m+dp/hard\libc_nano.a
LOAD C:/ST/STM32CubeIDE_1.18.0/STM32CubeIDE/plugins/com.st.stm32cube.ide.mcu.externaltools.gnu-tools-for-stm32.13.3.rel1.win32_1.0.0.202411081344/tools/bin/../lib/gcc/arm-none-eabi/13.3.1/../../../../arm-none-eabi/lib/thumb/v7e-m+dp/hard\libnosys.a
END GROUP
START GROUP
LOAD C:/ST/STM32CubeIDE_1.18.0/STM32CubeIDE/plugins/com.st.stm32cube.ide.mcu.externaltools.gnu-tools-for-stm32.13.3.rel1.win32_1.0.0.202411081344/tools/bin/../lib/gcc/arm-none-eabi/13.3.1/thumb/v7e-m+dp/hard\libgcc.a
LOAD C:/ST/STM32CubeIDE_1.18.0/STM32CubeIDE/plugins/com.st.stm32cube.ide.mcu.externaltools.gnu-tools-for-stm32.13.3.rel1.win32_1.0.0.202411081344/tools/bin/../lib/gcc/arm-none-eabi/13.3.1/../../../../arm-none-eabi/lib/thumb/v7e-m+dp/hard\libc_nano.a
LOAD C:/ST/STM32CubeIDE_1.18.0/STM32CubeIDE/plugins/com.st.stm32cube.ide.mcu.externaltools.gnu-tools-for-stm32.13.3.rel1.win32_1.0.0.202411081344/tools/bin/../lib/gcc/arm-none-eabi/13.3.1/../../../../arm-none-eabi/lib/thumb/v7e-m+dp/hard\libnosys.a
END GROUP
LOAD C:/ST/STM32CubeIDE_1.18.0/STM32CubeIDE/plugins/com.st.stm32cube.ide.mcu.externaltools.gnu-tools-for-stm32.13.3.rel1.win32_1.0.0.202411081344/tools/bin/../lib/gcc/arm-none-eabi/13.3.1/thumb/v7e-m+dp/hard/crtend.o
LOAD C:/ST/STM32CubeIDE_1.18.0/STM32CubeIDE/plugins/com.st.stm32cube.ide.mcu.externaltools.gnu-tools-for-stm32.13.3.rel1.win32_1.0.0.202411081344/tools/bin/../lib/gcc/arm-none-eabi/13.3.1/thumb/v7e-m+dp/hard/crtn.o
                0x24080000                        _estack = (ORIGIN (RAM_D1) + LENGTH (RAM_D1))
                0x00000200                        _Min_Heap_Size = 0x200
                0x00000400                        _Min_Stack_Size = 0x400

.isr_vector     0x08000000      0x298
                0x08000000                        . = ALIGN (0x4)
 *(.isr_vector)
 .isr_vector    0x08000000      0x298 ./Core/Startup/startup_stm32h743vgtx.o
                0x08000000                g_pfnVectors
                0x08000298                        . = ALIGN (0x4)

.text           0x080002a0    0x1aee8
                0x080002a0                        . = ALIGN (0x4)
 *(.text)
 .text          0x080002a0       0x40 C:/ST/STM32CubeIDE_1.18.0/STM32CubeIDE/plugins/com.st.stm32cube.ide.mcu.externaltools.gnu-tools-for-stm32.13.3.rel1.win32_1.0.0.202411081344/tools/bin/../lib/gcc/arm-none-eabi/13.3.1/thumb/v7e-m+dp/hard/crtbegin.o
 .text          0x080002e0       0xa0 C:/ST/STM32CubeIDE_1.18.0/STM32CubeIDE/plugins/com.st.stm32cube.ide.mcu.externaltools.gnu-tools-for-stm32.13.3.rel1.win32_1.0.0.202411081344/tools/bin/../lib/gcc/arm-none-eabi/13.3.1/../../../../arm-none-eabi/lib/thumb/v7e-m+dp/hard\libc_nano.a(libc_a-memchr.o)
                0x080002e0                memchr
 .text          0x08000380       0x10 C:/ST/STM32CubeIDE_1.18.0/STM32CubeIDE/plugins/com.st.stm32cube.ide.mcu.externaltools.gnu-tools-for-stm32.13.3.rel1.win32_1.0.0.202411081344/tools/bin/../lib/gcc/arm-none-eabi/13.3.1/../../../../arm-none-eabi/lib/thumb/v7e-m+dp/hard\libc_nano.a(libc_a-strlen.o)
                0x08000380                strlen
 .text          0x08000390       0x30 C:/ST/STM32CubeIDE_1.18.0/STM32CubeIDE/plugins/com.st.stm32cube.ide.mcu.externaltools.gnu-tools-for-stm32.13.3.rel1.win32_1.0.0.202411081344/tools/bin/../lib/gcc/arm-none-eabi/13.3.1/thumb/v7e-m+dp/hard\libgcc.a(_aeabi_uldivmod.o)
                0x08000390                __aeabi_uldivmod
 .text          0x080003c0      0x2f8 C:/ST/STM32CubeIDE_1.18.0/STM32CubeIDE/plugins/com.st.stm32cube.ide.mcu.externaltools.gnu-tools-for-stm32.13.3.rel1.win32_1.0.0.202411081344/tools/bin/../lib/gcc/arm-none-eabi/13.3.1/thumb/v7e-m+dp/hard\libgcc.a(_udivmoddi4.o)
                0x080003c0                __udivmoddi4
 .text          0x080006b8        0x4 C:/ST/STM32CubeIDE_1.18.0/STM32CubeIDE/plugins/com.st.stm32cube.ide.mcu.externaltools.gnu-tools-for-stm32.13.3.rel1.win32_1.0.0.202411081344/tools/bin/../lib/gcc/arm-none-eabi/13.3.1/thumb/v7e-m+dp/hard\libgcc.a(_dvmd_tls.o)
                0x080006b8                __aeabi_idiv0
                0x080006b8                __aeabi_ldiv0
 *(.text*)
 .text.__NVIC_SystemReset
                0x080006bc       0x2c ./Core/Src/main.o
 .text.main     0x080006e8      0x28c ./Core/Src/main.o
                0x080006e8                main
 .text.SystemClock_Config
                0x08000974       0xf4 ./Core/Src/main.o
                0x08000974                SystemClock_Config
 .text.MX_DCMI_Init
                0x08000a68       0x6c ./Core/Src/main.o
 .text.MX_I2C2_Init
                0x08000ad4       0x80 ./Core/Src/main.o
 .text.MX_JPEG_Init
                0x08000b54       0x28 ./Core/Src/main.o
 .text.MX_SPI2_Init
                0x08000b7c       0xac ./Core/Src/main.o
 .text.MX_TIM1_Init
                0x08000c28      0x11c ./Core/Src/main.o
 .text.MX_TIM2_Init
                0x08000d44       0xe0 ./Core/Src/main.o
 .text.MX_TIM3_Init
                0x08000e24       0xcc ./Core/Src/main.o
 .text.MX_TIM4_Init
                0x08000ef0       0xcc ./Core/Src/main.o
 .text.MX_TIM5_Init
                0x08000fbc       0xa0 ./Core/Src/main.o
 .text.MX_TIM14_Init
                0x0800105c       0x98 ./Core/Src/main.o
 .text.MX_USART1_UART_Init
                0x080010f4       0xa4 ./Core/Src/main.o
 .text.MX_DMA_Init
                0x08001198       0x70 ./Core/Src/main.o
 .text.MX_MDMA_Init
                0x08001208       0x40 ./Core/Src/main.o
 .text.MX_GPIO_Init
                0x08001248      0x170 ./Core/Src/main.o
 .text.NetworkTimeout
                0x080013b8        0xe ./Core/Src/main.o
                0x080013b8                NetworkTimeout
 *fill*         0x080013c6        0x2 
 .text.SCH_XBeeRX
                0x080013c8      0x250 ./Core/Src/main.o
                0x080013c8                SCH_XBeeRX
 .text.SCH_XBeeTX
                0x08001618      0x134 ./Core/Src/main.o
                0x08001618                SCH_XBeeTX
 *fill*         0x0800174c        0x4 
 .text.SCH_CTRL
                0x08001750      0x2f4 ./Core/Src/main.o
                0x08001750                SCH_CTRL
 .text.SCH_PowerMon
                0x08001a44       0x7c ./Core/Src/main.o
                0x08001a44                SCH_PowerMon
 .text.SCH_Camera
                0x08001ac0       0x80 ./Core/Src/main.o
                0x08001ac0                SCH_Camera
 .text.SCH_JPEG
                0x08001b40       0x80 ./Core/Src/main.o
                0x08001b40                SCH_JPEG
 .text.SCH_DEBUG
                0x08001bc0      0x168 ./Core/Src/main.o
                0x08001bc0                SCH_DEBUG
 .text.HAL_DCMI_VsyncEventCallback
                0x08001d28       0x48 ./Core/Src/main.o
                0x08001d28                HAL_DCMI_VsyncEventCallback
 .text.HAL_UART_RxCpltCallback
                0x08001d70       0x1c ./Core/Src/main.o
                0x08001d70                HAL_UART_RxCpltCallback
 .text.HAL_JPEG_GetDataCallback
                0x08001d8c       0x64 ./Core/Src/main.o
                0x08001d8c                HAL_JPEG_GetDataCallback
 .text.HAL_JPEG_DataReadyCallback
                0x08001df0       0x38 ./Core/Src/main.o
                0x08001df0                HAL_JPEG_DataReadyCallback
 .text.HAL_JPEG_EncodeCpltCallback
                0x08001e28       0x28 ./Core/Src/main.o
                0x08001e28                HAL_JPEG_EncodeCpltCallback
 .text.HAL_JPEG_ErrorCallback
                0x08001e50       0x3c ./Core/Src/main.o
                0x08001e50                HAL_JPEG_ErrorCallback
 .text.DeltaTime
                0x08001e8c       0x2e ./Core/Src/main.o
                0x08001e8c                DeltaTime
 .text.WriteDebug
                0x08001eba       0x1e ./Core/Src/main.o
                0x08001eba                WriteDebug
 .text.CAM_GetRegister
                0x08001ed8       0xf4 ./Core/Src/main.o
                0x08001ed8                CAM_GetRegister
 .text.CAM_SetRegister
                0x08001fcc      0x14c ./Core/Src/main.o
                0x08001fcc                CAM_SetRegister
 .text.GenerateJPEGMCUBlock
                0x08002118      0x144 ./Core/Src/main.o
                0x08002118                GenerateJPEGMCUBlock
 .text.MPU_Config
                0x0800225c       0x58 ./Core/Src/main.o
 .text.Error_Handler
                0x080022b4        0xc ./Core/Src/main.o
                0x080022b4                Error_Handler
 .text.HAL_MspInit
                0x080022c0       0x34 ./Core/Src/stm32h7xx_hal_msp.o
                0x080022c0                HAL_MspInit
 .text.HAL_DCMI_MspInit
                0x080022f4      0x228 ./Core/Src/stm32h7xx_hal_msp.o
                0x080022f4                HAL_DCMI_MspInit
 .text.HAL_I2C_MspInit
                0x0800251c      0x118 ./Core/Src/stm32h7xx_hal_msp.o
                0x0800251c                HAL_I2C_MspInit
 .text.HAL_JPEG_MspInit
                0x08002634      0x17c ./Core/Src/stm32h7xx_hal_msp.o
                0x08002634                HAL_JPEG_MspInit
 .text.HAL_SPI_MspInit
                0x080027b0      0x11c ./Core/Src/stm32h7xx_hal_msp.o
                0x080027b0                HAL_SPI_MspInit
 .text.HAL_TIM_PWM_MspInit
                0x080028cc       0xcc ./Core/Src/stm32h7xx_hal_msp.o
                0x080028cc                HAL_TIM_PWM_MspInit
 .text.HAL_TIM_Base_MspInit
                0x08002998       0x90 ./Core/Src/stm32h7xx_hal_msp.o
                0x08002998                HAL_TIM_Base_MspInit
 .text.HAL_TIM_MspPostInit
                0x08002a28      0x1b4 ./Core/Src/stm32h7xx_hal_msp.o
                0x08002a28                HAL_TIM_MspPostInit
 .text.HAL_UART_MspInit
                0x08002bdc      0x14c ./Core/Src/stm32h7xx_hal_msp.o
                0x08002bdc                HAL_UART_MspInit
 .text.NMI_Handler
                0x08002d28        0x8 ./Core/Src/stm32h7xx_it.o
                0x08002d28                NMI_Handler
 .text.HardFault_Handler
                0x08002d30        0x8 ./Core/Src/stm32h7xx_it.o
                0x08002d30                HardFault_Handler
 .text.MemManage_Handler
                0x08002d38        0x8 ./Core/Src/stm32h7xx_it.o
                0x08002d38                MemManage_Handler
 .text.BusFault_Handler
                0x08002d40        0x8 ./Core/Src/stm32h7xx_it.o
                0x08002d40                BusFault_Handler
 .text.UsageFault_Handler
                0x08002d48        0x8 ./Core/Src/stm32h7xx_it.o
                0x08002d48                UsageFault_Handler
 .text.SVC_Handler
                0x08002d50        0xe ./Core/Src/stm32h7xx_it.o
                0x08002d50                SVC_Handler
 .text.DebugMon_Handler
                0x08002d5e        0xe ./Core/Src/stm32h7xx_it.o
                0x08002d5e                DebugMon_Handler
 .text.PendSV_Handler
                0x08002d6c        0xe ./Core/Src/stm32h7xx_it.o
                0x08002d6c                PendSV_Handler
 .text.SysTick_Handler
                0x08002d7a        0xc ./Core/Src/stm32h7xx_it.o
                0x08002d7a                SysTick_Handler
 *fill*         0x08002d86        0x2 
 .text.DMA1_Stream0_IRQHandler
                0x08002d88       0x14 ./Core/Src/stm32h7xx_it.o
                0x08002d88                DMA1_Stream0_IRQHandler
 .text.I2C2_EV_IRQHandler
                0x08002d9c       0x14 ./Core/Src/stm32h7xx_it.o
                0x08002d9c                I2C2_EV_IRQHandler
 .text.I2C2_ER_IRQHandler
                0x08002db0       0x14 ./Core/Src/stm32h7xx_it.o
                0x08002db0                I2C2_ER_IRQHandler
 .text.USART1_IRQHandler
                0x08002dc4       0x14 ./Core/Src/stm32h7xx_it.o
                0x08002dc4                USART1_IRQHandler
 .text.TIM8_TRG_COM_TIM14_IRQHandler
                0x08002dd8       0x14 ./Core/Src/stm32h7xx_it.o
                0x08002dd8                TIM8_TRG_COM_TIM14_IRQHandler
 .text.TIM5_IRQHandler
                0x08002dec       0x18 ./Core/Src/stm32h7xx_it.o
                0x08002dec                TIM5_IRQHandler
 .text.DMA2_Stream0_IRQHandler
                0x08002e04       0x14 ./Core/Src/stm32h7xx_it.o
                0x08002e04                DMA2_Stream0_IRQHandler
 .text.DCMI_IRQHandler
                0x08002e18       0x14 ./Core/Src/stm32h7xx_it.o
                0x08002e18                DCMI_IRQHandler
 .text.OTG_FS_IRQHandler
                0x08002e2c       0x14 ./Core/Src/stm32h7xx_it.o
                0x08002e2c                OTG_FS_IRQHandler
 .text.JPEG_IRQHandler
                0x08002e40       0x14 ./Core/Src/stm32h7xx_it.o
                0x08002e40                JPEG_IRQHandler
 .text.MDMA_IRQHandler
                0x08002e54       0x1c ./Core/Src/stm32h7xx_it.o
                0x08002e54                MDMA_IRQHandler
 .text._getpid  0x08002e70       0x10 ./Core/Src/syscalls.o
                0x08002e70                _getpid
 .text._kill    0x08002e80       0x20 ./Core/Src/syscalls.o
                0x08002e80                _kill
 .text._exit    0x08002ea0       0x16 ./Core/Src/syscalls.o
                0x08002ea0                _exit
 .text._read    0x08002eb6       0x3a ./Core/Src/syscalls.o
                0x08002eb6                _read
 .text._write   0x08002ef0       0x38 ./Core/Src/syscalls.o
                0x08002ef0                _write
 .text._close   0x08002f28       0x18 ./Core/Src/syscalls.o
                0x08002f28                _close
 .text._fstat   0x08002f40       0x20 ./Core/Src/syscalls.o
                0x08002f40                _fstat
 .text._isatty  0x08002f60       0x16 ./Core/Src/syscalls.o
                0x08002f60                _isatty
 .text._lseek   0x08002f76       0x1a ./Core/Src/syscalls.o
                0x08002f76                _lseek
 .text._sbrk    0x08002f90       0x6c ./Core/Src/sysmem.o
                0x08002f90                _sbrk
 .text.SystemInit
                0x08002ffc      0x140 ./Core/Src/system_stm32h7xx.o
                0x08002ffc                SystemInit
 .text.ExitRun0Mode
                0x0800313c       0x30 ./Core/Src/system_stm32h7xx.o
                0x0800313c                ExitRun0Mode
 .text.Reset_Handler
                0x0800316c       0x54 ./Core/Startup/startup_stm32h743vgtx.o
                0x0800316c                Reset_Handler
 .text.Default_Handler
                0x080031c0        0x2 ./Core/Startup/startup_stm32h743vgtx.o
                0x080031c0                RTC_Alarm_IRQHandler
                0x080031c0                EXTI2_IRQHandler
                0x080031c0                TIM8_CC_IRQHandler
                0x080031c0                HRTIM1_Master_IRQHandler
                0x080031c0                UART8_IRQHandler
                0x080031c0                SPI4_IRQHandler
                0x080031c0                TIM1_CC_IRQHandler
                0x080031c0                BDMA_Channel6_IRQHandler
                0x080031c0                DMA2_Stream5_IRQHandler
                0x080031c0                HRTIM1_FLT_IRQHandler
                0x080031c0                DMA1_Stream5_IRQHandler
                0x080031c0                BDMA_Channel1_IRQHandler
                0x080031c0                HRTIM1_TIMD_IRQHandler
                0x080031c0                TAMP_STAMP_IRQHandler
                0x080031c0                EXTI3_IRQHandler
                0x080031c0                LPTIM4_IRQHandler
                0x080031c0                LPTIM2_IRQHandler
                0x080031c0                DFSDM1_FLT1_IRQHandler
                0x080031c0                DMAMUX2_OVR_IRQHandler
                0x080031c0                TIM8_UP_TIM13_IRQHandler
                0x080031c0                I2C3_ER_IRQHandler
                0x080031c0                DFSDM1_FLT2_IRQHandler
                0x080031c0                LPTIM3_IRQHandler
                0x080031c0                HSEM1_IRQHandler
                0x080031c0                EXTI0_IRQHandler
                0x080031c0                DMA1_Stream2_IRQHandler
                0x080031c0                FPU_IRQHandler
                0x080031c0                OTG_HS_WKUP_IRQHandler
                0x080031c0                FDCAN1_IT1_IRQHandler
                0x080031c0                LTDC_ER_IRQHandler
                0x080031c0                DMA2_Stream2_IRQHandler
                0x080031c0                HRTIM1_TIME_IRQHandler
                0x080031c0                SPI1_IRQHandler
                0x080031c0                TIM6_DAC_IRQHandler
                0x080031c0                HRTIM1_TIMC_IRQHandler
                0x080031c0                DMA2_Stream3_IRQHandler
                0x080031c0                SAI2_IRQHandler
                0x080031c0                DFSDM1_FLT3_IRQHandler
                0x080031c0                USART6_IRQHandler
                0x080031c0                TIM17_IRQHandler
                0x080031c0                USART3_IRQHandler
                0x080031c0                BDMA_Channel7_IRQHandler
                0x080031c0                LPTIM5_IRQHandler
                0x080031c0                UART5_IRQHandler
                0x080031c0                ADC3_IRQHandler
                0x080031c0                TIM4_IRQHandler
                0x080031c0                BDMA_Channel2_IRQHandler
                0x080031c0                QUADSPI_IRQHandler
                0x080031c0                I2C1_EV_IRQHandler
                0x080031c0                DMA1_Stream6_IRQHandler
                0x080031c0                DMAMUX1_OVR_IRQHandler
                0x080031c0                DMA1_Stream1_IRQHandler
                0x080031c0                TIM16_IRQHandler
                0x080031c0                UART4_IRQHandler
                0x080031c0                BDMA_Channel5_IRQHandler
                0x080031c0                TIM3_IRQHandler
                0x080031c0                RCC_IRQHandler
                0x080031c0                TIM8_BRK_TIM12_IRQHandler
                0x080031c0                TIM1_TRG_COM_IRQHandler
                0x080031c0                Default_Handler
                0x080031c0                ECC_IRQHandler
                0x080031c0                CEC_IRQHandler
                0x080031c0                EXTI15_10_IRQHandler
                0x080031c0                BDMA_Channel0_IRQHandler
                0x080031c0                ADC_IRQHandler
                0x080031c0                DMA1_Stream7_IRQHandler
                0x080031c0                HRTIM1_TIMA_IRQHandler
                0x080031c0                SPI5_IRQHandler
                0x080031c0                TIM7_IRQHandler
                0x080031c0                SDMMC1_IRQHandler
                0x080031c0                DMA2_Stream7_IRQHandler
                0x080031c0                TIM15_IRQHandler
                0x080031c0                PVD_AVD_IRQHandler
                0x080031c0                I2C3_EV_IRQHandler
                0x080031c0                EXTI9_5_IRQHandler
                0x080031c0                RTC_WKUP_IRQHandler
                0x080031c0                LTDC_IRQHandler
                0x080031c0                SAI3_IRQHandler
                0x080031c0                ETH_WKUP_IRQHandler
                0x080031c0                SPDIF_RX_IRQHandler
                0x080031c0                SPI2_IRQHandler
                0x080031c0                OTG_HS_EP1_IN_IRQHandler
                0x080031c0                CRS_IRQHandler
                0x080031c0                EXTI4_IRQHandler
                0x080031c0                RNG_IRQHandler
                0x080031c0                HRTIM1_TIMB_IRQHandler
                0x080031c0                FDCAN2_IT1_IRQHandler
                0x080031c0                ETH_IRQHandler
                0x080031c0                TIM1_UP_IRQHandler
                0x080031c0                BDMA_Channel4_IRQHandler
                0x080031c0                OTG_HS_EP1_OUT_IRQHandler
                0x080031c0                WWDG_IRQHandler
                0x080031c0                SPI6_IRQHandler
                0x080031c0                MDIOS_IRQHandler
                0x080031c0                I2C4_EV_IRQHandler
                0x080031c0                FDCAN2_IT0_IRQHandler
                0x080031c0                LPUART1_IRQHandler
                0x080031c0                FDCAN1_IT0_IRQHandler
                0x080031c0                TIM2_IRQHandler
                0x080031c0                OTG_FS_WKUP_IRQHandler
                0x080031c0                OTG_HS_IRQHandler
                0x080031c0                DMA2D_IRQHandler
                0x080031c0                TIM1_BRK_IRQHandler
                0x080031c0                EXTI1_IRQHandler
                0x080031c0                SDMMC2_IRQHandler
                0x080031c0                OTG_FS_EP1_OUT_IRQHandler
                0x080031c0                BDMA_Channel3_IRQHandler
                0x080031c0                UART7_IRQHandler
                0x080031c0                MDIOS_WKUP_IRQHandler
                0x080031c0                USART2_IRQHandler
                0x080031c0                DFSDM1_FLT0_IRQHandler
                0x080031c0                SAI4_IRQHandler
                0x080031c0                DMA2_Stream1_IRQHandler
                0x080031c0                FLASH_IRQHandler
                0x080031c0                DMA2_Stream4_IRQHandler
                0x080031c0                SPI3_IRQHandler
                0x080031c0                WAKEUP_PIN_IRQHandler
                0x080031c0                DMA1_Stream4_IRQHandler
                0x080031c0                OTG_FS_EP1_IN_IRQHandler
                0x080031c0                I2C1_ER_IRQHandler
                0x080031c0                FMC_IRQHandler
                0x080031c0                FDCAN_CAL_IRQHandler
                0x080031c0                SWPMI1_IRQHandler
                0x080031c0                COMP1_IRQHandler
                0x080031c0                LPTIM1_IRQHandler
                0x080031c0                I2C4_ER_IRQHandler
                0x080031c0                DMA2_Stream6_IRQHandler
                0x080031c0                SAI1_IRQHandler
                0x080031c0                DMA1_Stream3_IRQHandler
 .text.INA229_ReadRegister
                0x080031c2       0xb0 ./Drivers/INA229_Driver/Src/INA229.o
                0x080031c2                INA229_ReadRegister
 .text.INA229_Init
                0x08003272       0x16 ./Drivers/INA229_Driver/Src/INA229.o
                0x08003272                INA229_Init
 .text.Register24_Int32
                0x08003288       0x42 ./Drivers/INA229_Driver/Src/INA229.o
                0x08003288                Register24_Int32
 *fill*         0x080032ca        0x6 
 .text.INA229_Get
                0x080032d0       0xc8 ./Drivers/INA229_Driver/Src/INA229.o
                0x080032d0                INA229_Get
 .text.HAL_Init
                0x08003398       0x78 ./Drivers/STM32H7xx_HAL_Driver/Src/stm32h7xx_hal.o
                0x08003398                HAL_Init
 .text.HAL_InitTick
                0x08003410       0x6c ./Drivers/STM32H7xx_HAL_Driver/Src/stm32h7xx_hal.o
                0x08003410                HAL_InitTick
 .text.HAL_IncTick
                0x0800347c       0x28 ./Drivers/STM32H7xx_HAL_Driver/Src/stm32h7xx_hal.o
                0x0800347c                HAL_IncTick
 .text.HAL_GetTick
                0x080034a4       0x18 ./Drivers/STM32H7xx_HAL_Driver/Src/stm32h7xx_hal.o
                0x080034a4                HAL_GetTick
 .text.HAL_Delay
                0x080034bc       0x48 ./Drivers/STM32H7xx_HAL_Driver/Src/stm32h7xx_hal.o
                0x080034bc                HAL_Delay
 .text.HAL_GetREVID
                0x08003504       0x18 ./Drivers/STM32H7xx_HAL_Driver/Src/stm32h7xx_hal.o
                0x08003504                HAL_GetREVID
 .text.__NVIC_SetPriorityGrouping
                0x0800351c       0x48 ./Drivers/STM32H7xx_HAL_Driver/Src/stm32h7xx_hal_cortex.o
 .text.__NVIC_GetPriorityGrouping
                0x08003564       0x1c ./Drivers/STM32H7xx_HAL_Driver/Src/stm32h7xx_hal_cortex.o
 .text.__NVIC_EnableIRQ
                0x08003580       0x3c ./Drivers/STM32H7xx_HAL_Driver/Src/stm32h7xx_hal_cortex.o
 .text.__NVIC_SetPriority
                0x080035bc       0x54 ./Drivers/STM32H7xx_HAL_Driver/Src/stm32h7xx_hal_cortex.o
 .text.NVIC_EncodePriority
                0x08003610       0x66 ./Drivers/STM32H7xx_HAL_Driver/Src/stm32h7xx_hal_cortex.o
 *fill*         0x08003676        0x2 
 .text.SysTick_Config
                0x08003678       0x44 ./Drivers/STM32H7xx_HAL_Driver/Src/stm32h7xx_hal_cortex.o
 .text.HAL_NVIC_SetPriorityGrouping
                0x080036bc       0x16 ./Drivers/STM32H7xx_HAL_Driver/Src/stm32h7xx_hal_cortex.o
                0x080036bc                HAL_NVIC_SetPriorityGrouping
 .text.HAL_NVIC_SetPriority
                0x080036d2       0x34 ./Drivers/STM32H7xx_HAL_Driver/Src/stm32h7xx_hal_cortex.o
                0x080036d2                HAL_NVIC_SetPriority
 .text.HAL_NVIC_EnableIRQ
                0x08003706       0x1c ./Drivers/STM32H7xx_HAL_Driver/Src/stm32h7xx_hal_cortex.o
                0x08003706                HAL_NVIC_EnableIRQ
 .text.HAL_SYSTICK_Config
                0x08003722       0x18 ./Drivers/STM32H7xx_HAL_Driver/Src/stm32h7xx_hal_cortex.o
                0x08003722                HAL_SYSTICK_Config
 *fill*         0x0800373a        0x2 
 .text.HAL_MPU_Disable
                0x0800373c       0x30 ./Drivers/STM32H7xx_HAL_Driver/Src/stm32h7xx_hal_cortex.o
                0x0800373c                HAL_MPU_Disable
 .text.HAL_MPU_Enable
                0x0800376c       0x40 ./Drivers/STM32H7xx_HAL_Driver/Src/stm32h7xx_hal_cortex.o
                0x0800376c                HAL_MPU_Enable
 .text.HAL_MPU_ConfigRegion
                0x080037ac       0x80 ./Drivers/STM32H7xx_HAL_Driver/Src/stm32h7xx_hal_cortex.o
                0x080037ac                HAL_MPU_ConfigRegion
 .text.HAL_DCMI_Init
                0x0800382c       0xf4 ./Drivers/STM32H7xx_HAL_Driver/Src/stm32h7xx_hal_dcmi.o
                0x0800382c                HAL_DCMI_Init
 .text.HAL_DCMI_Start_DMA
                0x08003920      0x184 ./Drivers/STM32H7xx_HAL_Driver/Src/stm32h7xx_hal_dcmi.o
                0x08003920                HAL_DCMI_Start_DMA
 .text.HAL_DCMI_Stop
                0x08003aa4       0xc0 ./Drivers/STM32H7xx_HAL_Driver/Src/stm32h7xx_hal_dcmi.o
                0x08003aa4                HAL_DCMI_Stop
 .text.HAL_DCMI_IRQHandler
                0x08003b64      0x104 ./Drivers/STM32H7xx_HAL_Driver/Src/stm32h7xx_hal_dcmi.o
                0x08003b64                HAL_DCMI_IRQHandler
 .text.HAL_DCMI_ErrorCallback
                0x08003c68       0x14 ./Drivers/STM32H7xx_HAL_Driver/Src/stm32h7xx_hal_dcmi.o
                0x08003c68                HAL_DCMI_ErrorCallback
 .text.HAL_DCMI_LineEventCallback
                0x08003c7c       0x14 ./Drivers/STM32H7xx_HAL_Driver/Src/stm32h7xx_hal_dcmi.o
                0x08003c7c                HAL_DCMI_LineEventCallback
 .text.HAL_DCMI_FrameEventCallback
                0x08003c90       0x14 ./Drivers/STM32H7xx_HAL_Driver/Src/stm32h7xx_hal_dcmi.o
                0x08003c90                HAL_DCMI_FrameEventCallback
 .text.DCMI_DMAXferCplt
                0x08003ca4      0x126 ./Drivers/STM32H7xx_HAL_Driver/Src/stm32h7xx_hal_dcmi.o
 .text.DCMI_DMAError
                0x08003dca       0x3a ./Drivers/STM32H7xx_HAL_Driver/Src/stm32h7xx_hal_dcmi.o
 .text.HAL_DMA_Init
                0x08003e04      0x6b8 ./Drivers/STM32H7xx_HAL_Driver/Src/stm32h7xx_hal_dma.o
                0x08003e04                HAL_DMA_Init
 .text.HAL_DMA_Start_IT
                0x080044bc      0x4d4 ./Drivers/STM32H7xx_HAL_Driver/Src/stm32h7xx_hal_dma.o
                0x080044bc                HAL_DMA_Start_IT
 .text.HAL_DMA_Abort
                0x08004990      0x63c ./Drivers/STM32H7xx_HAL_Driver/Src/stm32h7xx_hal_dma.o
                0x08004990                HAL_DMA_Abort
 .text.HAL_DMA_Abort_IT
                0x08004fcc      0x48c ./Drivers/STM32H7xx_HAL_Driver/Src/stm32h7xx_hal_dma.o
                0x08004fcc                HAL_DMA_Abort_IT
 .text.HAL_DMA_IRQHandler
                0x08005458      0xe54 ./Drivers/STM32H7xx_HAL_Driver/Src/stm32h7xx_hal_dma.o
                0x08005458                HAL_DMA_IRQHandler
 .text.HAL_DMA_GetState
                0x080062ac       0x1c ./Drivers/STM32H7xx_HAL_Driver/Src/stm32h7xx_hal_dma.o
                0x080062ac                HAL_DMA_GetState
 .text.DMA_SetConfig
                0x080062c8      0x358 ./Drivers/STM32H7xx_HAL_Driver/Src/stm32h7xx_hal_dma.o
 .text.DMA_CalcBaseAndBitshift
                0x08006620      0x164 ./Drivers/STM32H7xx_HAL_Driver/Src/stm32h7xx_hal_dma.o
 .text.DMA_CheckFifoParam
                0x08006784       0xf8 ./Drivers/STM32H7xx_HAL_Driver/Src/stm32h7xx_hal_dma.o
 .text.DMA_CalcDMAMUXChannelBaseAndMask
                0x0800687c      0x134 ./Drivers/STM32H7xx_HAL_Driver/Src/stm32h7xx_hal_dma.o
 .text.DMA_CalcDMAMUXRequestGenBaseAndMask
                0x080069b0       0xe8 ./Drivers/STM32H7xx_HAL_Driver/Src/stm32h7xx_hal_dma.o
 .text.HAL_DMAEx_MultiBufferStart_IT
                0x08006a98      0x6bc ./Drivers/STM32H7xx_HAL_Driver/Src/stm32h7xx_hal_dma_ex.o
                0x08006a98                HAL_DMAEx_MultiBufferStart_IT
 .text.HAL_DMAEx_ChangeMemory
                0x08007154      0x138 ./Drivers/STM32H7xx_HAL_Driver/Src/stm32h7xx_hal_dma_ex.o
                0x08007154                HAL_DMAEx_ChangeMemory
 .text.DMA_MultiBufferSetConfig
                0x0800728c      0x16c ./Drivers/STM32H7xx_HAL_Driver/Src/stm32h7xx_hal_dma_ex.o
 .text.HAL_GPIO_Init
                0x080073f8      0x360 ./Drivers/STM32H7xx_HAL_Driver/Src/stm32h7xx_hal_gpio.o
                0x080073f8                HAL_GPIO_Init
 .text.HAL_GPIO_WritePin
                0x08007758       0x32 ./Drivers/STM32H7xx_HAL_Driver/Src/stm32h7xx_hal_gpio.o
                0x08007758                HAL_GPIO_WritePin
 *fill*         0x0800778a        0x2 
 .text.HAL_I2C_Init
                0x0800778c      0x138 ./Drivers/STM32H7xx_HAL_Driver/Src/stm32h7xx_hal_i2c.o
                0x0800778c                HAL_I2C_Init
 .text.HAL_I2C_Master_Transmit
                0x080078c4      0x230 ./Drivers/STM32H7xx_HAL_Driver/Src/stm32h7xx_hal_i2c.o
                0x080078c4                HAL_I2C_Master_Transmit
 .text.HAL_I2C_Master_Receive
                0x08007af4      0x1ec ./Drivers/STM32H7xx_HAL_Driver/Src/stm32h7xx_hal_i2c.o
                0x08007af4                HAL_I2C_Master_Receive
 .text.HAL_I2C_EV_IRQHandler
                0x08007ce0       0x34 ./Drivers/STM32H7xx_HAL_Driver/Src/stm32h7xx_hal_i2c.o
                0x08007ce0                HAL_I2C_EV_IRQHandler
 .text.HAL_I2C_ER_IRQHandler
                0x08007d14       0xc2 ./Drivers/STM32H7xx_HAL_Driver/Src/stm32h7xx_hal_i2c.o
                0x08007d14                HAL_I2C_ER_IRQHandler
 .text.HAL_I2C_SlaveTxCpltCallback
                0x08007dd6       0x14 ./Drivers/STM32H7xx_HAL_Driver/Src/stm32h7xx_hal_i2c.o
                0x08007dd6                HAL_I2C_SlaveTxCpltCallback
 .text.HAL_I2C_SlaveRxCpltCallback
                0x08007dea       0x14 ./Drivers/STM32H7xx_HAL_Driver/Src/stm32h7xx_hal_i2c.o
                0x08007dea                HAL_I2C_SlaveRxCpltCallback
 .text.HAL_I2C_AddrCallback
                0x08007dfe       0x1c ./Drivers/STM32H7xx_HAL_Driver/Src/stm32h7xx_hal_i2c.o
                0x08007dfe                HAL_I2C_AddrCallback
 .text.HAL_I2C_ListenCpltCallback
                0x08007e1a       0x14 ./Drivers/STM32H7xx_HAL_Driver/Src/stm32h7xx_hal_i2c.o
                0x08007e1a                HAL_I2C_ListenCpltCallback
 .text.HAL_I2C_ErrorCallback
                0x08007e2e       0x14 ./Drivers/STM32H7xx_HAL_Driver/Src/stm32h7xx_hal_i2c.o
                0x08007e2e                HAL_I2C_ErrorCallback
 .text.HAL_I2C_AbortCpltCallback
                0x08007e42       0x14 ./Drivers/STM32H7xx_HAL_Driver/Src/stm32h7xx_hal_i2c.o
                0x08007e42                HAL_I2C_AbortCpltCallback
 .text.I2C_Slave_ISR_IT
                0x08007e56      0x208 ./Drivers/STM32H7xx_HAL_Driver/Src/stm32h7xx_hal_i2c.o
 .text.I2C_ITAddrCplt
                0x0800805e      0x108 ./Drivers/STM32H7xx_HAL_Driver/Src/stm32h7xx_hal_i2c.o
 .text.I2C_ITSlaveSeqCplt
                0x08008166       0xbc ./Drivers/STM32H7xx_HAL_Driver/Src/stm32h7xx_hal_i2c.o
 *fill*         0x08008222        0x2 
 .text.I2C_ITSlaveCplt
                0x08008224      0x4b4 ./Drivers/STM32H7xx_HAL_Driver/Src/stm32h7xx_hal_i2c.o
 .text.I2C_ITListenCplt
                0x080086d8       0xac ./Drivers/STM32H7xx_HAL_Driver/Src/stm32h7xx_hal_i2c.o
 .text.I2C_ITError
                0x08008784      0x1e0 ./Drivers/STM32H7xx_HAL_Driver/Src/stm32h7xx_hal_i2c.o
 .text.I2C_TreatErrorCallback
                0x08008964       0x4e ./Drivers/STM32H7xx_HAL_Driver/Src/stm32h7xx_hal_i2c.o
 .text.I2C_Flush_TXDR
                0x080089b2       0x48 ./Drivers/STM32H7xx_HAL_Driver/Src/stm32h7xx_hal_i2c.o
 .text.I2C_DMAAbort
                0x080089fa       0x3c ./Drivers/STM32H7xx_HAL_Driver/Src/stm32h7xx_hal_i2c.o
 .text.I2C_WaitOnFlagUntilTimeout
                0x08008a36       0xb2 ./Drivers/STM32H7xx_HAL_Driver/Src/stm32h7xx_hal_i2c.o
 .text.I2C_WaitOnTXISFlagUntilTimeout
                0x08008ae8       0x8e ./Drivers/STM32H7xx_HAL_Driver/Src/stm32h7xx_hal_i2c.o
 .text.I2C_WaitOnSTOPFlagUntilTimeout
                0x08008b76       0x86 ./Drivers/STM32H7xx_HAL_Driver/Src/stm32h7xx_hal_i2c.o
 .text.I2C_WaitOnRXNEFlagUntilTimeout
                0x08008bfc      0x118 ./Drivers/STM32H7xx_HAL_Driver/Src/stm32h7xx_hal_i2c.o
 .text.I2C_IsErrorOccurred
                0x08008d14      0x1c0 ./Drivers/STM32H7xx_HAL_Driver/Src/stm32h7xx_hal_i2c.o
 .text.I2C_TransferConfig
                0x08008ed4       0x64 ./Drivers/STM32H7xx_HAL_Driver/Src/stm32h7xx_hal_i2c.o
 .text.I2C_Disable_IRQ
                0x08008f38       0xbc ./Drivers/STM32H7xx_HAL_Driver/Src/stm32h7xx_hal_i2c.o
 .text.HAL_I2CEx_ConfigAnalogFilter
                0x08008ff4       0x96 ./Drivers/STM32H7xx_HAL_Driver/Src/stm32h7xx_hal_i2c_ex.o
                0x08008ff4                HAL_I2CEx_ConfigAnalogFilter
 .text.HAL_I2CEx_ConfigDigitalFilter
                0x0800908a       0x98 ./Drivers/STM32H7xx_HAL_Driver/Src/stm32h7xx_hal_i2c_ex.o
                0x0800908a                HAL_I2CEx_ConfigDigitalFilter
 *fill*         0x08009122        0x2 
 .text.HAL_JPEG_Init
                0x08009124      0x104 ./Drivers/STM32H7xx_HAL_Driver/Src/stm32h7xx_hal_jpeg.o
                0x08009124                HAL_JPEG_Init
 .text.HAL_JPEG_ConfigEncoding
                0x08009228      0x346 ./Drivers/STM32H7xx_HAL_Driver/Src/stm32h7xx_hal_jpeg.o
                0x08009228                HAL_JPEG_ConfigEncoding
 .text.HAL_JPEG_GetInfo
                0x0800956e      0x12a ./Drivers/STM32H7xx_HAL_Driver/Src/stm32h7xx_hal_jpeg.o
                0x0800956e                HAL_JPEG_GetInfo
 .text.HAL_JPEG_Encode_DMA
                0x08009698       0xe0 ./Drivers/STM32H7xx_HAL_Driver/Src/stm32h7xx_hal_jpeg.o
                0x08009698                HAL_JPEG_Encode_DMA
 .text.HAL_JPEG_Pause
                0x08009778       0xb0 ./Drivers/STM32H7xx_HAL_Driver/Src/stm32h7xx_hal_jpeg.o
                0x08009778                HAL_JPEG_Pause
 .text.HAL_JPEG_ConfigInputBuffer
                0x08009828       0x24 ./Drivers/STM32H7xx_HAL_Driver/Src/stm32h7xx_hal_jpeg.o
                0x08009828                HAL_JPEG_ConfigInputBuffer
 .text.HAL_JPEG_ConfigOutputBuffer
                0x0800984c       0x24 ./Drivers/STM32H7xx_HAL_Driver/Src/stm32h7xx_hal_jpeg.o
                0x0800984c                HAL_JPEG_ConfigOutputBuffer
 .text.HAL_JPEG_InfoReadyCallback
                0x08009870       0x16 ./Drivers/STM32H7xx_HAL_Driver/Src/stm32h7xx_hal_jpeg.o
                0x08009870                HAL_JPEG_InfoReadyCallback
 .text.HAL_JPEG_DecodeCpltCallback
                0x08009886       0x14 ./Drivers/STM32H7xx_HAL_Driver/Src/stm32h7xx_hal_jpeg.o
                0x08009886                HAL_JPEG_DecodeCpltCallback
 .text.HAL_JPEG_IRQHandler
                0x0800989a       0x4c ./Drivers/STM32H7xx_HAL_Driver/Src/stm32h7xx_hal_jpeg.o
                0x0800989a                HAL_JPEG_IRQHandler
 .text.JPEG_Bits_To_SizeCodes
                0x080098e6       0xea ./Drivers/STM32H7xx_HAL_Driver/Src/stm32h7xx_hal_jpeg.o
 .text.JPEG_ACHuff_BitsVals_To_SizeCodes
                0x080099d0      0x140 ./Drivers/STM32H7xx_HAL_Driver/Src/stm32h7xx_hal_jpeg.o
 .text.JPEG_DCHuff_BitsVals_To_SizeCodes
                0x08009b10       0xe6 ./Drivers/STM32H7xx_HAL_Driver/Src/stm32h7xx_hal_jpeg.o
 .text.JPEG_Set_HuffDC_Mem
                0x08009bf6      0x104 ./Drivers/STM32H7xx_HAL_Driver/Src/stm32h7xx_hal_jpeg.o
 *fill*         0x08009cfa        0x2 
 .text.JPEG_Set_HuffAC_Mem
                0x08009cfc      0x208 ./Drivers/STM32H7xx_HAL_Driver/Src/stm32h7xx_hal_jpeg.o
 .text.JPEG_Set_HuffEnc_Mem
                0x08009f04       0xa8 ./Drivers/STM32H7xx_HAL_Driver/Src/stm32h7xx_hal_jpeg.o
 .text.JPEG_Set_Huff_DHTMem
                0x08009fac      0x45c ./Drivers/STM32H7xx_HAL_Driver/Src/stm32h7xx_hal_jpeg.o
 .text.JPEG_Set_Quantization_Mem
                0x0800a408       0xe4 ./Drivers/STM32H7xx_HAL_Driver/Src/stm32h7xx_hal_jpeg.o
 .text.JPEG_SetColorYCBCR
                0x0800a4ec       0xf0 ./Drivers/STM32H7xx_HAL_Driver/Src/stm32h7xx_hal_jpeg.o
 .text.JPEG_SetColorGrayScale
                0x0800a5dc       0x3c ./Drivers/STM32H7xx_HAL_Driver/Src/stm32h7xx_hal_jpeg.o
 .text.JPEG_SetColorCMYK
                0x0800a618       0xd4 ./Drivers/STM32H7xx_HAL_Driver/Src/stm32h7xx_hal_jpeg.o
 .text.JPEG_Init_Process
                0x0800a6ec       0xe8 ./Drivers/STM32H7xx_HAL_Driver/Src/stm32h7xx_hal_jpeg.o
 .text.JPEG_Process
                0x0800a7d4      0x184 ./Drivers/STM32H7xx_HAL_Driver/Src/stm32h7xx_hal_jpeg.o
 .text.JPEG_StoreOutputData
                0x0800a958      0x20e ./Drivers/STM32H7xx_HAL_Driver/Src/stm32h7xx_hal_jpeg.o
 .text.JPEG_ReadInputData
                0x0800ab66      0x1cc ./Drivers/STM32H7xx_HAL_Driver/Src/stm32h7xx_hal_jpeg.o
 *fill*         0x0800ad32        0x2 
 .text.JPEG_DMA_StartProcess
                0x0800ad34      0x134 ./Drivers/STM32H7xx_HAL_Driver/Src/stm32h7xx_hal_jpeg.o
 .text.JPEG_DMA_ContinueProcess
                0x0800ae68       0xea ./Drivers/STM32H7xx_HAL_Driver/Src/stm32h7xx_hal_jpeg.o
 .text.JPEG_DMA_EndProcess
                0x0800af52       0xd2 ./Drivers/STM32H7xx_HAL_Driver/Src/stm32h7xx_hal_jpeg.o
 .text.JPEG_DMA_PollResidualData
                0x0800b024      0x142 ./Drivers/STM32H7xx_HAL_Driver/Src/stm32h7xx_hal_jpeg.o
 .text.JPEG_MDMAInCpltCallback
                0x0800b166      0x12c ./Drivers/STM32H7xx_HAL_Driver/Src/stm32h7xx_hal_jpeg.o
 .text.JPEG_MDMAOutCpltCallback
                0x0800b292       0xc2 ./Drivers/STM32H7xx_HAL_Driver/Src/stm32h7xx_hal_jpeg.o
 .text.JPEG_MDMAErrorCallback
                0x0800b354       0x50 ./Drivers/STM32H7xx_HAL_Driver/Src/stm32h7xx_hal_jpeg.o
 .text.JPEG_MDMAOutAbortCallback
                0x0800b3a4       0x28 ./Drivers/STM32H7xx_HAL_Driver/Src/stm32h7xx_hal_jpeg.o
 .text.JPEG_GetQuality
                0x0800b3cc       0xbc ./Drivers/STM32H7xx_HAL_Driver/Src/stm32h7xx_hal_jpeg.o
 .text.HAL_MDMA_Init
                0x0800b488       0x98 ./Drivers/STM32H7xx_HAL_Driver/Src/stm32h7xx_hal_mdma.o
                0x0800b488                HAL_MDMA_Init
 .text.HAL_MDMA_ConfigPostRequestMask
                0x0800b520       0xa4 ./Drivers/STM32H7xx_HAL_Driver/Src/stm32h7xx_hal_mdma.o
                0x0800b520                HAL_MDMA_ConfigPostRequestMask
 .text.HAL_MDMA_Start_IT
                0x0800b5c4      0x102 ./Drivers/STM32H7xx_HAL_Driver/Src/stm32h7xx_hal_mdma.o
                0x0800b5c4                HAL_MDMA_Start_IT
 .text.HAL_MDMA_Abort_IT
                0x0800b6c6       0x4e ./Drivers/STM32H7xx_HAL_Driver/Src/stm32h7xx_hal_mdma.o
                0x0800b6c6                HAL_MDMA_Abort_IT
 .text.HAL_MDMA_IRQHandler
                0x0800b714      0x2a8 ./Drivers/STM32H7xx_HAL_Driver/Src/stm32h7xx_hal_mdma.o
                0x0800b714                HAL_MDMA_IRQHandler
 .text.MDMA_SetConfig
                0x0800b9bc       0xe0 ./Drivers/STM32H7xx_HAL_Driver/Src/stm32h7xx_hal_mdma.o
 .text.MDMA_Init
                0x0800ba9c      0x130 ./Drivers/STM32H7xx_HAL_Driver/Src/stm32h7xx_hal_mdma.o
 .text.HAL_PCD_Init
                0x0800bbcc      0x218 ./Drivers/STM32H7xx_HAL_Driver/Src/stm32h7xx_hal_pcd.o
                0x0800bbcc                HAL_PCD_Init
 .text.HAL_PCD_Start
                0x0800bde4       0x6a ./Drivers/STM32H7xx_HAL_Driver/Src/stm32h7xx_hal_pcd.o
                0x0800bde4                HAL_PCD_Start
 .text.HAL_PCD_IRQHandler
                0x0800be4e      0x99c ./Drivers/STM32H7xx_HAL_Driver/Src/stm32h7xx_hal_pcd.o
                0x0800be4e                HAL_PCD_IRQHandler
 .text.HAL_PCD_SetAddress
                0x0800c7ea       0x48 ./Drivers/STM32H7xx_HAL_Driver/Src/stm32h7xx_hal_pcd.o
                0x0800c7ea                HAL_PCD_SetAddress
 .text.HAL_PCD_EP_Open
                0x0800c832       0xd4 ./Drivers/STM32H7xx_HAL_Driver/Src/stm32h7xx_hal_pcd.o
                0x0800c832                HAL_PCD_EP_Open
 .text.HAL_PCD_EP_Close
                0x0800c906       0x94 ./Drivers/STM32H7xx_HAL_Driver/Src/stm32h7xx_hal_pcd.o
                0x0800c906                HAL_PCD_EP_Close
 .text.HAL_PCD_EP_Receive
                0x0800c99a       0x76 ./Drivers/STM32H7xx_HAL_Driver/Src/stm32h7xx_hal_pcd.o
                0x0800c99a                HAL_PCD_EP_Receive
 .text.HAL_PCD_EP_GetRxCount
                0x0800ca10       0x30 ./Drivers/STM32H7xx_HAL_Driver/Src/stm32h7xx_hal_pcd.o
                0x0800ca10                HAL_PCD_EP_GetRxCount
 .text.HAL_PCD_EP_Transmit
                0x0800ca40       0x74 ./Drivers/STM32H7xx_HAL_Driver/Src/stm32h7xx_hal_pcd.o
                0x0800ca40                HAL_PCD_EP_Transmit
 .text.HAL_PCD_EP_SetStall
                0x0800cab4       0xc6 ./Drivers/STM32H7xx_HAL_Driver/Src/stm32h7xx_hal_pcd.o
                0x0800cab4                HAL_PCD_EP_SetStall
 .text.HAL_PCD_EP_ClrStall
                0x0800cb7a       0xac ./Drivers/STM32H7xx_HAL_Driver/Src/stm32h7xx_hal_pcd.o
                0x0800cb7a                HAL_PCD_EP_ClrStall
 .text.HAL_PCD_EP_Abort
                0x0800cc26       0x62 ./Drivers/STM32H7xx_HAL_Driver/Src/stm32h7xx_hal_pcd.o
                0x0800cc26                HAL_PCD_EP_Abort
 .text.PCD_WriteEmptyTxFifo
                0x0800cc88      0x118 ./Drivers/STM32H7xx_HAL_Driver/Src/stm32h7xx_hal_pcd.o
 .text.PCD_EP_OutXfrComplete_int
                0x0800cda0      0x1d0 ./Drivers/STM32H7xx_HAL_Driver/Src/stm32h7xx_hal_pcd.o
 .text.PCD_EP_OutSetupPacket_int
                0x0800cf70       0x8c ./Drivers/STM32H7xx_HAL_Driver/Src/stm32h7xx_hal_pcd.o
 .text.HAL_PCDEx_SetTxFiFo
                0x0800cffc       0x8e ./Drivers/STM32H7xx_HAL_Driver/Src/stm32h7xx_hal_pcd_ex.o
                0x0800cffc                HAL_PCDEx_SetTxFiFo
 .text.HAL_PCDEx_SetRxFiFo
                0x0800d08a       0x22 ./Drivers/STM32H7xx_HAL_Driver/Src/stm32h7xx_hal_pcd_ex.o
                0x0800d08a                HAL_PCDEx_SetRxFiFo
 .text.HAL_PCDEx_ActivateLPM
                0x0800d0ac       0x48 ./Drivers/STM32H7xx_HAL_Driver/Src/stm32h7xx_hal_pcd_ex.o
                0x0800d0ac                HAL_PCDEx_ActivateLPM
 .text.HAL_PCDEx_LPM_Callback
                0x0800d0f4       0x18 ./Drivers/STM32H7xx_HAL_Driver/Src/stm32h7xx_hal_pcd_ex.o
                0x0800d0f4                HAL_PCDEx_LPM_Callback
 .text.HAL_PWREx_ConfigSupply
                0x0800d10c       0x74 ./Drivers/STM32H7xx_HAL_Driver/Src/stm32h7xx_hal_pwr_ex.o
                0x0800d10c                HAL_PWREx_ConfigSupply
 .text.HAL_PWREx_EnableUSBVoltageDetector
                0x0800d180       0x20 ./Drivers/STM32H7xx_HAL_Driver/Src/stm32h7xx_hal_pwr_ex.o
                0x0800d180                HAL_PWREx_EnableUSBVoltageDetector
 .text.HAL_RCC_OscConfig
                0x0800d1a0      0x8b4 ./Drivers/STM32H7xx_HAL_Driver/Src/stm32h7xx_hal_rcc.o
                0x0800d1a0                HAL_RCC_OscConfig
 .text.HAL_RCC_ClockConfig
                0x0800da54      0x36c ./Drivers/STM32H7xx_HAL_Driver/Src/stm32h7xx_hal_rcc.o
                0x0800da54                HAL_RCC_ClockConfig
 .text.HAL_RCC_GetSysClockFreq
                0x0800ddc0      0x2f4 ./Drivers/STM32H7xx_HAL_Driver/Src/stm32h7xx_hal_rcc.o
                0x0800ddc0                HAL_RCC_GetSysClockFreq
 .text.HAL_RCC_GetHCLKFreq
                0x0800e0b4       0x60 ./Drivers/STM32H7xx_HAL_Driver/Src/stm32h7xx_hal_rcc.o
                0x0800e0b4                HAL_RCC_GetHCLKFreq
 .text.HAL_RCC_GetPCLK1Freq
                0x0800e114       0x2c ./Drivers/STM32H7xx_HAL_Driver/Src/stm32h7xx_hal_rcc.o
                0x0800e114                HAL_RCC_GetPCLK1Freq
 .text.HAL_RCC_GetPCLK2Freq
                0x0800e140       0x2c ./Drivers/STM32H7xx_HAL_Driver/Src/stm32h7xx_hal_rcc.o
                0x0800e140                HAL_RCC_GetPCLK2Freq
 .text.HAL_RCCEx_PeriphCLKConfig
                0x0800e16c     0x1414 ./Drivers/STM32H7xx_HAL_Driver/Src/stm32h7xx_hal_rcc_ex.o
                0x0800e16c                HAL_RCCEx_PeriphCLKConfig
 .text.HAL_RCCEx_GetD3PCLK1Freq
                0x0800f580       0x2c ./Drivers/STM32H7xx_HAL_Driver/Src/stm32h7xx_hal_rcc_ex.o
                0x0800f580                HAL_RCCEx_GetD3PCLK1Freq
 .text.HAL_RCCEx_GetPLL2ClockFreq
                0x0800f5ac      0x2a8 ./Drivers/STM32H7xx_HAL_Driver/Src/stm32h7xx_hal_rcc_ex.o
                0x0800f5ac                HAL_RCCEx_GetPLL2ClockFreq
 .text.HAL_RCCEx_GetPLL3ClockFreq
                0x0800f854      0x2a8 ./Drivers/STM32H7xx_HAL_Driver/Src/stm32h7xx_hal_rcc_ex.o
                0x0800f854                HAL_RCCEx_GetPLL3ClockFreq
 .text.RCCEx_PLL2_Config
                0x0800fafc      0x164 ./Drivers/STM32H7xx_HAL_Driver/Src/stm32h7xx_hal_rcc_ex.o
 .text.RCCEx_PLL3_Config
                0x0800fc60      0x164 ./Drivers/STM32H7xx_HAL_Driver/Src/stm32h7xx_hal_rcc_ex.o
 .text.HAL_SPI_Init
                0x0800fdc4      0x248 ./Drivers/STM32H7xx_HAL_Driver/Src/stm32h7xx_hal_spi.o
                0x0800fdc4                HAL_SPI_Init
 .text.HAL_SPI_Transmit
                0x0801000c      0x3dc ./Drivers/STM32H7xx_HAL_Driver/Src/stm32h7xx_hal_spi.o
                0x0801000c                HAL_SPI_Transmit
 .text.HAL_SPI_Receive
                0x080103e8      0x4e4 ./Drivers/STM32H7xx_HAL_Driver/Src/stm32h7xx_hal_spi.o
                0x080103e8                HAL_SPI_Receive
 .text.SPI_CloseTransfer
                0x080108cc      0x140 ./Drivers/STM32H7xx_HAL_Driver/Src/stm32h7xx_hal_spi.o
 .text.SPI_WaitOnFlagUntilTimeout
                0x08010a0c       0x5c ./Drivers/STM32H7xx_HAL_Driver/Src/stm32h7xx_hal_spi.o
 .text.SPI_GetPacketSize
                0x08010a68       0x36 ./Drivers/STM32H7xx_HAL_Driver/Src/stm32h7xx_hal_spi.o
 .text.HAL_TIM_Base_Init
                0x08010a9e       0xae ./Drivers/STM32H7xx_HAL_Driver/Src/stm32h7xx_hal_tim.o
                0x08010a9e                HAL_TIM_Base_Init
 .text.HAL_TIM_Base_Start_IT
                0x08010b4c       0xf0 ./Drivers/STM32H7xx_HAL_Driver/Src/stm32h7xx_hal_tim.o
                0x08010b4c                HAL_TIM_Base_Start_IT
 .text.HAL_TIM_PWM_Init
                0x08010c3c       0xae ./Drivers/STM32H7xx_HAL_Driver/Src/stm32h7xx_hal_tim.o
                0x08010c3c                HAL_TIM_PWM_Init
 *fill*         0x08010cea        0x2 
 .text.HAL_TIM_PWM_Start
                0x08010cec      0x21c ./Drivers/STM32H7xx_HAL_Driver/Src/stm32h7xx_hal_tim.o
                0x08010cec                HAL_TIM_PWM_Start
 .text.HAL_TIM_IRQHandler
                0x08010f08      0x20e ./Drivers/STM32H7xx_HAL_Driver/Src/stm32h7xx_hal_tim.o
                0x08010f08                HAL_TIM_IRQHandler
 *fill*         0x08011116        0x2 
 .text.HAL_TIM_PWM_ConfigChannel
                0x08011118      0x228 ./Drivers/STM32H7xx_HAL_Driver/Src/stm32h7xx_hal_tim.o
                0x08011118                HAL_TIM_PWM_ConfigChannel
 .text.HAL_TIM_ConfigClockSource
                0x08011340      0x1f0 ./Drivers/STM32H7xx_HAL_Driver/Src/stm32h7xx_hal_tim.o
                0x08011340                HAL_TIM_ConfigClockSource
 .text.HAL_TIM_PeriodElapsedCallback
                0x08011530       0x14 ./Drivers/STM32H7xx_HAL_Driver/Src/stm32h7xx_hal_tim.o
                0x08011530                HAL_TIM_PeriodElapsedCallback
 .text.HAL_TIM_OC_DelayElapsedCallback
                0x08011544       0x14 ./Drivers/STM32H7xx_HAL_Driver/Src/stm32h7xx_hal_tim.o
                0x08011544                HAL_TIM_OC_DelayElapsedCallback
 .text.HAL_TIM_IC_CaptureCallback
                0x08011558       0x14 ./Drivers/STM32H7xx_HAL_Driver/Src/stm32h7xx_hal_tim.o
                0x08011558                HAL_TIM_IC_CaptureCallback
 .text.HAL_TIM_PWM_PulseFinishedCallback
                0x0801156c       0x14 ./Drivers/STM32H7xx_HAL_Driver/Src/stm32h7xx_hal_tim.o
                0x0801156c                HAL_TIM_PWM_PulseFinishedCallback
 .text.HAL_TIM_TriggerCallback
                0x08011580       0x14 ./Drivers/STM32H7xx_HAL_Driver/Src/stm32h7xx_hal_tim.o
                0x08011580                HAL_TIM_TriggerCallback
 .text.TIM_Base_SetConfig
                0x08011594      0x140 ./Drivers/STM32H7xx_HAL_Driver/Src/stm32h7xx_hal_tim.o
                0x08011594                TIM_Base_SetConfig
 .text.TIM_OC1_SetConfig
                0x080116d4      0x120 ./Drivers/STM32H7xx_HAL_Driver/Src/stm32h7xx_hal_tim.o
 .text.TIM_OC2_SetConfig
                0x080117f4      0x114 ./Drivers/STM32H7xx_HAL_Driver/Src/stm32h7xx_hal_tim.o
                0x080117f4                TIM_OC2_SetConfig
 .text.TIM_OC3_SetConfig
                0x08011908      0x110 ./Drivers/STM32H7xx_HAL_Driver/Src/stm32h7xx_hal_tim.o
 .text.TIM_OC4_SetConfig
                0x08011a18       0xd4 ./Drivers/STM32H7xx_HAL_Driver/Src/stm32h7xx_hal_tim.o
 .text.TIM_OC5_SetConfig
                0x08011aec       0xc8 ./Drivers/STM32H7xx_HAL_Driver/Src/stm32h7xx_hal_tim.o
 .text.TIM_OC6_SetConfig
                0x08011bb4       0xcc ./Drivers/STM32H7xx_HAL_Driver/Src/stm32h7xx_hal_tim.o
 .text.TIM_TI1_ConfigInputStage
                0x08011c80       0x5e ./Drivers/STM32H7xx_HAL_Driver/Src/stm32h7xx_hal_tim.o
 .text.TIM_TI2_ConfigInputStage
                0x08011cde       0x60 ./Drivers/STM32H7xx_HAL_Driver/Src/stm32h7xx_hal_tim.o
 *fill*         0x08011d3e        0x2 
 .text.TIM_ITRx_SetConfig
                0x08011d40       0x3c ./Drivers/STM32H7xx_HAL_Driver/Src/stm32h7xx_hal_tim.o
 .text.TIM_ETR_SetConfig
                0x08011d7c       0x40 ./Drivers/STM32H7xx_HAL_Driver/Src/stm32h7xx_hal_tim.o
                0x08011d7c                TIM_ETR_SetConfig
 .text.TIM_CCxChannelCmd
                0x08011dbc       0x4a ./Drivers/STM32H7xx_HAL_Driver/Src/stm32h7xx_hal_tim.o
                0x08011dbc                TIM_CCxChannelCmd
 *fill*         0x08011e06        0x2 
 .text.HAL_TIMEx_MasterConfigSynchronization
                0x08011e08      0x11c ./Drivers/STM32H7xx_HAL_Driver/Src/stm32h7xx_hal_tim_ex.o
                0x08011e08                HAL_TIMEx_MasterConfigSynchronization
 .text.HAL_TIMEx_ConfigBreakDeadTime
                0x08011f24       0xfc ./Drivers/STM32H7xx_HAL_Driver/Src/stm32h7xx_hal_tim_ex.o
                0x08011f24                HAL_TIMEx_ConfigBreakDeadTime
 .text.HAL_TIMEx_CommutCallback
                0x08012020       0x14 ./Drivers/STM32H7xx_HAL_Driver/Src/stm32h7xx_hal_tim_ex.o
                0x08012020                HAL_TIMEx_CommutCallback
 .text.HAL_TIMEx_BreakCallback
                0x08012034       0x14 ./Drivers/STM32H7xx_HAL_Driver/Src/stm32h7xx_hal_tim_ex.o
                0x08012034                HAL_TIMEx_BreakCallback
 .text.HAL_TIMEx_Break2Callback
                0x08012048       0x14 ./Drivers/STM32H7xx_HAL_Driver/Src/stm32h7xx_hal_tim_ex.o
                0x08012048                HAL_TIMEx_Break2Callback
 .text.HAL_UART_Init
                0x0801205c       0xa0 ./Drivers/STM32H7xx_HAL_Driver/Src/stm32h7xx_hal_uart.o
                0x0801205c                HAL_UART_Init
 .text.HAL_UART_Transmit
                0x080120fc      0x11c ./Drivers/STM32H7xx_HAL_Driver/Src/stm32h7xx_hal_uart.o
                0x080120fc                HAL_UART_Transmit
 .text.HAL_UART_Receive_DMA
                0x08012218       0x98 ./Drivers/STM32H7xx_HAL_Driver/Src/stm32h7xx_hal_uart.o
                0x08012218                HAL_UART_Receive_DMA
 .text.HAL_UART_IRQHandler
                0x080122b0      0x7ac ./Drivers/STM32H7xx_HAL_Driver/Src/stm32h7xx_hal_uart.o
                0x080122b0                HAL_UART_IRQHandler
 .text.HAL_UART_TxCpltCallback
                0x08012a5c       0x14 ./Drivers/STM32H7xx_HAL_Driver/Src/stm32h7xx_hal_uart.o
                0x08012a5c                HAL_UART_TxCpltCallback
 .text.HAL_UART_RxHalfCpltCallback
                0x08012a70       0x14 ./Drivers/STM32H7xx_HAL_Driver/Src/stm32h7xx_hal_uart.o
                0x08012a70                HAL_UART_RxHalfCpltCallback
 .text.HAL_UART_ErrorCallback
                0x08012a84       0x14 ./Drivers/STM32H7xx_HAL_Driver/Src/stm32h7xx_hal_uart.o
                0x08012a84                HAL_UART_ErrorCallback
 .text.HAL_UARTEx_RxEventCallback
                0x08012a98       0x18 ./Drivers/STM32H7xx_HAL_Driver/Src/stm32h7xx_hal_uart.o
                0x08012a98                HAL_UARTEx_RxEventCallback
 .text.UART_SetConfig
                0x08012ab0      0xad0 ./Drivers/STM32H7xx_HAL_Driver/Src/stm32h7xx_hal_uart.o
                0x08012ab0                UART_SetConfig
 .text.UART_AdvFeatureConfig
                0x08013580      0x144 ./Drivers/STM32H7xx_HAL_Driver/Src/stm32h7xx_hal_uart.o
                0x08013580                UART_AdvFeatureConfig
 .text.UART_CheckIdleState
                0x080136c4      0x154 ./Drivers/STM32H7xx_HAL_Driver/Src/stm32h7xx_hal_uart.o
                0x080136c4                UART_CheckIdleState
 .text.UART_WaitOnFlagUntilTimeout
                0x08013818       0xda ./Drivers/STM32H7xx_HAL_Driver/Src/stm32h7xx_hal_uart.o
                0x08013818                UART_WaitOnFlagUntilTimeout
 *fill*         0x080138f2        0x2 
 .text.UART_Start_Receive_DMA
                0x080138f4      0x14c ./Drivers/STM32H7xx_HAL_Driver/Src/stm32h7xx_hal_uart.o
                0x080138f4                UART_Start_Receive_DMA
 .text.UART_EndTxTransfer
                0x08013a40       0x82 ./Drivers/STM32H7xx_HAL_Driver/Src/stm32h7xx_hal_uart.o
 *fill*         0x08013ac2        0x2 
 .text.UART_EndRxTransfer
                0x08013ac4       0xcc ./Drivers/STM32H7xx_HAL_Driver/Src/stm32h7xx_hal_uart.o
 .text.UART_DMAReceiveCplt
                0x08013b90      0x128 ./Drivers/STM32H7xx_HAL_Driver/Src/stm32h7xx_hal_uart.o
 .text.UART_DMARxHalfCplt
                0x08013cb8       0x3e ./Drivers/STM32H7xx_HAL_Driver/Src/stm32h7xx_hal_uart.o
 .text.UART_DMAError
                0x08013cf6       0x80 ./Drivers/STM32H7xx_HAL_Driver/Src/stm32h7xx_hal_uart.o
 .text.UART_DMAAbortOnError
                0x08013d76       0x24 ./Drivers/STM32H7xx_HAL_Driver/Src/stm32h7xx_hal_uart.o
 .text.UART_EndTransmit_IT
                0x08013d9a       0x56 ./Drivers/STM32H7xx_HAL_Driver/Src/stm32h7xx_hal_uart.o
 .text.HAL_UARTEx_WakeupCallback
                0x08013df0       0x14 ./Drivers/STM32H7xx_HAL_Driver/Src/stm32h7xx_hal_uart_ex.o
                0x08013df0                HAL_UARTEx_WakeupCallback
 .text.HAL_UARTEx_RxFifoFullCallback
                0x08013e04       0x14 ./Drivers/STM32H7xx_HAL_Driver/Src/stm32h7xx_hal_uart_ex.o
                0x08013e04                HAL_UARTEx_RxFifoFullCallback
 .text.HAL_UARTEx_TxFifoEmptyCallback
                0x08013e18       0x14 ./Drivers/STM32H7xx_HAL_Driver/Src/stm32h7xx_hal_uart_ex.o
                0x08013e18                HAL_UARTEx_TxFifoEmptyCallback
 .text.HAL_UARTEx_EnableFifoMode
                0x08013e2c       0x76 ./Drivers/STM32H7xx_HAL_Driver/Src/stm32h7xx_hal_uart_ex.o
                0x08013e2c                HAL_UARTEx_EnableFifoMode
 .text.HAL_UARTEx_SetTxFifoThreshold
                0x08013ea2       0x7c ./Drivers/STM32H7xx_HAL_Driver/Src/stm32h7xx_hal_uart_ex.o
                0x08013ea2                HAL_UARTEx_SetTxFifoThreshold
 .text.HAL_UARTEx_SetRxFifoThreshold
                0x08013f1e       0x7c ./Drivers/STM32H7xx_HAL_Driver/Src/stm32h7xx_hal_uart_ex.o
                0x08013f1e                HAL_UARTEx_SetRxFifoThreshold
 *fill*         0x08013f9a        0x2 
 .text.UARTEx_SetNbDataToProcess
                0x08013f9c       0x9c ./Drivers/STM32H7xx_HAL_Driver/Src/stm32h7xx_hal_uart_ex.o
 .text.USB_CoreInit
                0x08014038       0xe4 ./Drivers/STM32H7xx_HAL_Driver/Src/stm32h7xx_ll_usb.o
                0x08014038                USB_CoreInit
 .text.USB_SetTurnaroundTime
                0x0801411c      0x144 ./Drivers/STM32H7xx_HAL_Driver/Src/stm32h7xx_ll_usb.o
                0x0801411c                USB_SetTurnaroundTime
 .text.USB_EnableGlobalInt
                0x08014260       0x22 ./Drivers/STM32H7xx_HAL_Driver/Src/stm32h7xx_ll_usb.o
                0x08014260                USB_EnableGlobalInt
 .text.USB_DisableGlobalInt
                0x08014282       0x22 ./Drivers/STM32H7xx_HAL_Driver/Src/stm32h7xx_ll_usb.o
                0x08014282                USB_DisableGlobalInt
 .text.USB_SetCurrentMode
                0x080142a4       0x98 ./Drivers/STM32H7xx_HAL_Driver/Src/stm32h7xx_ll_usb.o
                0x080142a4                USB_SetCurrentMode
 .text.USB_DevInit
                0x0801433c      0x2bc ./Drivers/STM32H7xx_HAL_Driver/Src/stm32h7xx_ll_usb.o
                0x0801433c                USB_DevInit
 .text.USB_FlushTxFifo
                0x080145f8       0x64 ./Drivers/STM32H7xx_HAL_Driver/Src/stm32h7xx_ll_usb.o
                0x080145f8                USB_FlushTxFifo
 .text.USB_FlushRxFifo
                0x0801465c       0x5c ./Drivers/STM32H7xx_HAL_Driver/Src/stm32h7xx_ll_usb.o
                0x0801465c                USB_FlushRxFifo
 .text.USB_SetDevSpeed
                0x080146b8       0x32 ./Drivers/STM32H7xx_HAL_Driver/Src/stm32h7xx_ll_usb.o
                0x080146b8                USB_SetDevSpeed
 .text.USB_GetDevSpeed
                0x080146ea       0x4a ./Drivers/STM32H7xx_HAL_Driver/Src/stm32h7xx_ll_usb.o
                0x080146ea                USB_GetDevSpeed
 .text.USB_ActivateEndpoint
                0x08014734      0x110 ./Drivers/STM32H7xx_HAL_Driver/Src/stm32h7xx_ll_usb.o
                0x08014734                USB_ActivateEndpoint
 .text.USB_DeactivateEndpoint
                0x08014844      0x1b8 ./Drivers/STM32H7xx_HAL_Driver/Src/stm32h7xx_ll_usb.o
                0x08014844                USB_DeactivateEndpoint
 .text.USB_EPStartXfer
                0x080149fc      0x548 ./Drivers/STM32H7xx_HAL_Driver/Src/stm32h7xx_ll_usb.o
                0x080149fc                USB_EPStartXfer
 .text.USB_EPStopXfer
                0x08014f44      0x154 ./Drivers/STM32H7xx_HAL_Driver/Src/stm32h7xx_ll_usb.o
                0x08014f44                USB_EPStopXfer
 .text.USB_WritePacket
                0x08015098       0x7c ./Drivers/STM32H7xx_HAL_Driver/Src/stm32h7xx_ll_usb.o
                0x08015098                USB_WritePacket
 .text.USB_ReadPacket
                0x08015114       0xb0 ./Drivers/STM32H7xx_HAL_Driver/Src/stm32h7xx_ll_usb.o
                0x08015114                USB_ReadPacket
 .text.USB_EPSetStall
                0x080151c4       0xdc ./Drivers/STM32H7xx_HAL_Driver/Src/stm32h7xx_ll_usb.o
                0x080151c4                USB_EPSetStall
 .text.USB_EPClearStall
                0x080152a0       0xcc ./Drivers/STM32H7xx_HAL_Driver/Src/stm32h7xx_ll_usb.o
                0x080152a0                USB_EPClearStall
 .text.USB_SetDevAddress
                0x0801536c       0x4c ./Drivers/STM32H7xx_HAL_Driver/Src/stm32h7xx_ll_usb.o
                0x0801536c                USB_SetDevAddress
 .text.USB_DevConnect
                0x080153b8       0x42 ./Drivers/STM32H7xx_HAL_Driver/Src/stm32h7xx_ll_usb.o
                0x080153b8                USB_DevConnect
 .text.USB_DevDisconnect
                0x080153fa       0x42 ./Drivers/STM32H7xx_HAL_Driver/Src/stm32h7xx_ll_usb.o
                0x080153fa                USB_DevDisconnect
 .text.USB_ReadInterrupts
                0x0801543c       0x26 ./Drivers/STM32H7xx_HAL_Driver/Src/stm32h7xx_ll_usb.o
                0x0801543c                USB_ReadInterrupts
 .text.USB_ReadDevAllOutEpInterrupt
                0x08015462       0x34 ./Drivers/STM32H7xx_HAL_Driver/Src/stm32h7xx_ll_usb.o
                0x08015462                USB_ReadDevAllOutEpInterrupt
 .text.USB_ReadDevAllInEpInterrupt
                0x08015496       0x34 ./Drivers/STM32H7xx_HAL_Driver/Src/stm32h7xx_ll_usb.o
                0x08015496                USB_ReadDevAllInEpInterrupt
 .text.USB_ReadDevOutEPInterrupt
                0x080154ca       0x3c ./Drivers/STM32H7xx_HAL_Driver/Src/stm32h7xx_ll_usb.o
                0x080154ca                USB_ReadDevOutEPInterrupt
 .text.USB_ReadDevInEPInterrupt
                0x08015506       0x5c ./Drivers/STM32H7xx_HAL_Driver/Src/stm32h7xx_ll_usb.o
                0x08015506                USB_ReadDevInEPInterrupt
 .text.USB_GetMode
                0x08015562       0x1c ./Drivers/STM32H7xx_HAL_Driver/Src/stm32h7xx_ll_usb.o
                0x08015562                USB_GetMode
 *fill*         0x0801557e        0x2 
 .text.USB_ActivateSetup
                0x08015580       0x48 ./Drivers/STM32H7xx_HAL_Driver/Src/stm32h7xx_ll_usb.o
                0x08015580                USB_ActivateSetup
 .text.USB_EP0_OutStart
                0x080155c8       0xbc ./Drivers/STM32H7xx_HAL_Driver/Src/stm32h7xx_ll_usb.o
                0x080155c8                USB_EP0_OutStart
 .text.USB_CoreReset
                0x08015684       0x62 ./Drivers/STM32H7xx_HAL_Driver/Src/stm32h7xx_ll_usb.o
 .text.XBEE_Init
                0x080156e6       0xa6 ./Drivers/XBEE_Driver/Src/XBEE.o
                0x080156e6                XBEE_Init
 .text.XBEE_RXPacket
                0x0801578c       0xe0 ./Drivers/XBEE_Driver/Src/XBEE.o
                0x0801578c                XBEE_RXPacket
 .text.XBEE_TXPacket
                0x0801586c       0xd4 ./Drivers/XBEE_Driver/Src/XBEE.o
                0x0801586c                XBEE_TXPacket
 .text.XBEE_RX_DMACallback
                0x08015940      0x174 ./Drivers/XBEE_Driver/Src/XBEE.o
                0x08015940                XBEE_RX_DMACallback
 .text.USBD_CDC_Init
                0x08015ab4      0x1f0 ./Middlewares/ST/STM32_USB_Device_Library/Class/CDC/Src/usbd_cdc.o
 .text.USBD_CDC_DeInit
                0x08015ca4      0x104 ./Middlewares/ST/STM32_USB_Device_Library/Class/CDC/Src/usbd_cdc.o
 .text.USBD_CDC_Setup
                0x08015da8      0x1b8 ./Middlewares/ST/STM32_USB_Device_Library/Class/CDC/Src/usbd_cdc.o
 .text.USBD_CDC_DataIn
                0x08015f60       0xfe ./Middlewares/ST/STM32_USB_Device_Library/Class/CDC/Src/usbd_cdc.o
 .text.USBD_CDC_DataOut
                0x0801605e       0x70 ./Middlewares/ST/STM32_USB_Device_Library/Class/CDC/Src/usbd_cdc.o
 .text.USBD_CDC_EP0_RxReady
                0x080160ce       0x74 ./Middlewares/ST/STM32_USB_Device_Library/Class/CDC/Src/usbd_cdc.o
 *fill*         0x08016142        0x2 
 .text.USBD_CDC_GetFSCfgDesc
                0x08016144       0x70 ./Middlewares/ST/STM32_USB_Device_Library/Class/CDC/Src/usbd_cdc.o
 .text.USBD_CDC_GetHSCfgDesc
                0x080161b4       0x70 ./Middlewares/ST/STM32_USB_Device_Library/Class/CDC/Src/usbd_cdc.o
 .text.USBD_CDC_GetOtherSpeedCfgDesc
                0x08016224       0x70 ./Middlewares/ST/STM32_USB_Device_Library/Class/CDC/Src/usbd_cdc.o
 .text.USBD_CDC_GetDeviceQualifierDescriptor
                0x08016294       0x20 ./Middlewares/ST/STM32_USB_Device_Library/Class/CDC/Src/usbd_cdc.o
                0x08016294                USBD_CDC_GetDeviceQualifierDescriptor
 .text.USBD_CDC_RegisterInterface
                0x080162b4       0x34 ./Middlewares/ST/STM32_USB_Device_Library/Class/CDC/Src/usbd_cdc.o
                0x080162b4                USBD_CDC_RegisterInterface
 .text.USBD_CDC_SetTxBuffer
                0x080162e8       0x44 ./Middlewares/ST/STM32_USB_Device_Library/Class/CDC/Src/usbd_cdc.o
                0x080162e8                USBD_CDC_SetTxBuffer
 .text.USBD_CDC_SetRxBuffer
                0x0801632c       0x3a ./Middlewares/ST/STM32_USB_Device_Library/Class/CDC/Src/usbd_cdc.o
                0x0801632c                USBD_CDC_SetRxBuffer
 *fill*         0x08016366        0x2 
 .text.USBD_CDC_TransmitPacket
                0x08016368       0x80 ./Middlewares/ST/STM32_USB_Device_Library/Class/CDC/Src/usbd_cdc.o
                0x08016368                USBD_CDC_TransmitPacket
 .text.USBD_CDC_ReceivePacket
                0x080163e8       0x6c ./Middlewares/ST/STM32_USB_Device_Library/Class/CDC/Src/usbd_cdc.o
                0x080163e8                USBD_CDC_ReceivePacket
 .text.USBD_Init
                0x08016454       0x60 ./Middlewares/ST/STM32_USB_Device_Library/Core/Src/usbd_core.o
                0x08016454                USBD_Init
 .text.USBD_RegisterClass
                0x080164b4       0x6c ./Middlewares/ST/STM32_USB_Device_Library/Core/Src/usbd_core.o
                0x080164b4                USBD_RegisterClass
 .text.USBD_Start
                0x08016520       0x18 ./Middlewares/ST/STM32_USB_Device_Library/Core/Src/usbd_core.o
                0x08016520                USBD_Start
 .text.USBD_RunTestMode
                0x08016538       0x16 ./Middlewares/ST/STM32_USB_Device_Library/Core/Src/usbd_core.o
                0x08016538                USBD_RunTestMode
 .text.USBD_SetClassConfig
                0x0801654e       0x38 ./Middlewares/ST/STM32_USB_Device_Library/Core/Src/usbd_core.o
                0x0801654e                USBD_SetClassConfig
 .text.USBD_ClrClassConfig
                0x08016586       0x34 ./Middlewares/ST/STM32_USB_Device_Library/Core/Src/usbd_core.o
                0x08016586                USBD_ClrClassConfig
 .text.USBD_LL_SetupStage
                0x080165ba       0xaa ./Middlewares/ST/STM32_USB_Device_Library/Core/Src/usbd_core.o
                0x080165ba                USBD_LL_SetupStage
 .text.USBD_LL_DataOutStage
                0x08016664      0x166 ./Middlewares/ST/STM32_USB_Device_Library/Core/Src/usbd_core.o
                0x08016664                USBD_LL_DataOutStage
 .text.USBD_LL_DataInStage
                0x080167ca      0x164 ./Middlewares/ST/STM32_USB_Device_Library/Core/Src/usbd_core.o
                0x080167ca                USBD_LL_DataInStage
 .text.USBD_LL_Reset
                0x0801692e       0xa4 ./Middlewares/ST/STM32_USB_Device_Library/Core/Src/usbd_core.o
                0x0801692e                USBD_LL_Reset
 .text.USBD_LL_SetSpeed
                0x080169d2       0x20 ./Middlewares/ST/STM32_USB_Device_Library/Core/Src/usbd_core.o
                0x080169d2                USBD_LL_SetSpeed
 .text.USBD_LL_Suspend
                0x080169f2       0x38 ./Middlewares/ST/STM32_USB_Device_Library/Core/Src/usbd_core.o
                0x080169f2                USBD_LL_Suspend
 .text.USBD_LL_Resume
                0x08016a2a       0x30 ./Middlewares/ST/STM32_USB_Device_Library/Core/Src/usbd_core.o
                0x08016a2a                USBD_LL_Resume
 .text.USBD_LL_SOF
                0x08016a5a       0x40 ./Middlewares/ST/STM32_USB_Device_Library/Core/Src/usbd_core.o
                0x08016a5a                USBD_LL_SOF
 .text.USBD_LL_IsoINIncomplete
                0x08016a9a       0x64 ./Middlewares/ST/STM32_USB_Device_Library/Core/Src/usbd_core.o
                0x08016a9a                USBD_LL_IsoINIncomplete
 .text.USBD_LL_IsoOUTIncomplete
                0x08016afe       0x64 ./Middlewares/ST/STM32_USB_Device_Library/Core/Src/usbd_core.o
                0x08016afe                USBD_LL_IsoOUTIncomplete
 .text.USBD_LL_DevConnected
                0x08016b62       0x16 ./Middlewares/ST/STM32_USB_Device_Library/Core/Src/usbd_core.o
                0x08016b62                USBD_LL_DevConnected
 .text.USBD_LL_DevDisconnected
                0x08016b78       0x46 ./Middlewares/ST/STM32_USB_Device_Library/Core/Src/usbd_core.o
                0x08016b78                USBD_LL_DevDisconnected
 .text.USBD_CoreFindIF
                0x08016bbe       0x1a ./Middlewares/ST/STM32_USB_Device_Library/Core/Src/usbd_core.o
                0x08016bbe                USBD_CoreFindIF
 .text.USBD_CoreFindEP
                0x08016bd8       0x1a ./Middlewares/ST/STM32_USB_Device_Library/Core/Src/usbd_core.o
                0x08016bd8                USBD_CoreFindEP
 .text.USBD_GetEpDesc
                0x08016bf2       0x70 ./Middlewares/ST/STM32_USB_Device_Library/Core/Src/usbd_core.o
                0x08016bf2                USBD_GetEpDesc
 .text.USBD_GetNextDesc
                0x08016c62       0x38 ./Middlewares/ST/STM32_USB_Device_Library/Core/Src/usbd_core.o
                0x08016c62                USBD_GetNextDesc
 .text.SWAPBYTE
                0x08016c9a       0x3e ./Middlewares/ST/STM32_USB_Device_Library/Core/Src/usbd_ctlreq.o
 .text.USBD_StdDevReq
                0x08016cd8       0xe4 ./Middlewares/ST/STM32_USB_Device_Library/Core/Src/usbd_ctlreq.o
                0x08016cd8                USBD_StdDevReq
 .text.USBD_StdItfReq
                0x08016dbc       0xd8 ./Middlewares/ST/STM32_USB_Device_Library/Core/Src/usbd_ctlreq.o
                0x08016dbc                USBD_StdItfReq
 .text.USBD_StdEPReq
                0x08016e94      0x33a ./Middlewares/ST/STM32_USB_Device_Library/Core/Src/usbd_ctlreq.o
                0x08016e94                USBD_StdEPReq
 *fill*         0x080171ce        0x2 
 .text.USBD_GetDescriptor
                0x080171d0      0x328 ./Middlewares/ST/STM32_USB_Device_Library/Core/Src/usbd_ctlreq.o
 .text.USBD_SetAddress
                0x080174f8       0x88 ./Middlewares/ST/STM32_USB_Device_Library/Core/Src/usbd_ctlreq.o
 .text.USBD_SetConfig
                0x08017580      0x154 ./Middlewares/ST/STM32_USB_Device_Library/Core/Src/usbd_ctlreq.o
 .text.USBD_GetConfig
                0x080176d4       0x6c ./Middlewares/ST/STM32_USB_Device_Library/Core/Src/usbd_ctlreq.o
 .text.USBD_GetStatus
                0x08017740       0x68 ./Middlewares/ST/STM32_USB_Device_Library/Core/Src/usbd_ctlreq.o
 .text.USBD_SetFeature
                0x080177a8       0x52 ./Middlewares/ST/STM32_USB_Device_Library/Core/Src/usbd_ctlreq.o
 .text.USBD_ClrFeature
                0x080177fa       0x44 ./Middlewares/ST/STM32_USB_Device_Library/Core/Src/usbd_ctlreq.o
 .text.USBD_ParseSetupRequest
                0x0801783e       0x74 ./Middlewares/ST/STM32_USB_Device_Library/Core/Src/usbd_ctlreq.o
                0x0801783e                USBD_ParseSetupRequest
 .text.USBD_CtlError
                0x080178b2       0x22 ./Middlewares/ST/STM32_USB_Device_Library/Core/Src/usbd_ctlreq.o
                0x080178b2                USBD_CtlError
 .text.USBD_GetString
                0x080178d4       0xa4 ./Middlewares/ST/STM32_USB_Device_Library/Core/Src/usbd_ctlreq.o
                0x080178d4                USBD_GetString
 .text.USBD_GetLen
                0x08017978       0x34 ./Middlewares/ST/STM32_USB_Device_Library/Core/Src/usbd_ctlreq.o
 .text.USBD_CtlSendData
                0x080179ac       0x36 ./Middlewares/ST/STM32_USB_Device_Library/Core/Src/usbd_ioreq.o
                0x080179ac                USBD_CtlSendData
 .text.USBD_CtlContinueSendData
                0x080179e2       0x22 ./Middlewares/ST/STM32_USB_Device_Library/Core/Src/usbd_ioreq.o
                0x080179e2                USBD_CtlContinueSendData
 .text.USBD_CtlPrepareRx
                0x08017a04       0x3a ./Middlewares/ST/STM32_USB_Device_Library/Core/Src/usbd_ioreq.o
                0x08017a04                USBD_CtlPrepareRx
 .text.USBD_CtlContinueRx
                0x08017a3e       0x22 ./Middlewares/ST/STM32_USB_Device_Library/Core/Src/usbd_ioreq.o
                0x08017a3e                USBD_CtlContinueRx
 .text.USBD_CtlSendStatus
                0x08017a60       0x26 ./Middlewares/ST/STM32_USB_Device_Library/Core/Src/usbd_ioreq.o
                0x08017a60                USBD_CtlSendStatus
 .text.USBD_CtlReceiveStatus
                0x08017a86       0x26 ./Middlewares/ST/STM32_USB_Device_Library/Core/Src/usbd_ioreq.o
                0x08017a86                USBD_CtlReceiveStatus
 .text.MX_USB_DEVICE_Init
                0x08017aac       0x7c ./USB_DEVICE/App/usb_device.o
                0x08017aac                MX_USB_DEVICE_Init
 .text.CDC_Init_FS
                0x08017b28       0x28 ./USB_DEVICE/App/usbd_cdc_if.o
 .text.CDC_DeInit_FS
                0x08017b50       0x10 ./USB_DEVICE/App/usbd_cdc_if.o
 .text.CDC_Control_FS
                0x08017b60       0xbc ./USB_DEVICE/App/usbd_cdc_if.o
 .text.CDC_Receive_FS
                0x08017c1c       0x64 ./USB_DEVICE/App/usbd_cdc_if.o
 .text.CDC_Transmit_FS
                0x08017c80       0x4c ./USB_DEVICE/App/usbd_cdc_if.o
                0x08017c80                CDC_Transmit_FS
 .text.CDC_TransmitCplt_FS
                0x08017ccc       0x22 ./USB_DEVICE/App/usbd_cdc_if.o
 *fill*         0x08017cee        0x2 
 .text.USBD_FS_DeviceDescriptor
                0x08017cf0       0x24 ./USB_DEVICE/App/usbd_desc.o
                0x08017cf0                USBD_FS_DeviceDescriptor
 .text.USBD_FS_LangIDStrDescriptor
                0x08017d14       0x24 ./USB_DEVICE/App/usbd_desc.o
                0x08017d14                USBD_FS_LangIDStrDescriptor
 .text.USBD_FS_ProductStrDescriptor
                0x08017d38       0x3c ./USB_DEVICE/App/usbd_desc.o
                0x08017d38                USBD_FS_ProductStrDescriptor
 .text.USBD_FS_ManufacturerStrDescriptor
                0x08017d74       0x28 ./USB_DEVICE/App/usbd_desc.o
                0x08017d74                USBD_FS_ManufacturerStrDescriptor
 .text.USBD_FS_SerialStrDescriptor
                0x08017d9c       0x24 ./USB_DEVICE/App/usbd_desc.o
                0x08017d9c                USBD_FS_SerialStrDescriptor
 .text.USBD_FS_ConfigStrDescriptor
                0x08017dc0       0x3c ./USB_DEVICE/App/usbd_desc.o
                0x08017dc0                USBD_FS_ConfigStrDescriptor
 .text.USBD_FS_InterfaceStrDescriptor
                0x08017dfc       0x3c ./USB_DEVICE/App/usbd_desc.o
                0x08017dfc                USBD_FS_InterfaceStrDescriptor
 .text.Get_SerialNum
                0x08017e38       0x58 ./USB_DEVICE/App/usbd_desc.o
 .text.IntToUnicode
                0x08017e90       0x7e ./USB_DEVICE/App/usbd_desc.o
 *fill*         0x08017f0e        0x2 
 .text.HAL_PCD_MspInit
                0x08017f10       0xe8 ./USB_DEVICE/Target/usbd_conf.o
                0x08017f10                HAL_PCD_MspInit
 .text.HAL_PCD_SetupStageCallback
                0x08017ff8       0x24 ./USB_DEVICE/Target/usbd_conf.o
                0x08017ff8                HAL_PCD_SetupStageCallback
 .text.HAL_PCD_DataOutStageCallback
                0x0801801c       0x36 ./USB_DEVICE/Target/usbd_conf.o
                0x0801801c                HAL_PCD_DataOutStageCallback
 .text.HAL_PCD_DataInStageCallback
                0x08018052       0x34 ./USB_DEVICE/Target/usbd_conf.o
                0x08018052                HAL_PCD_DataInStageCallback
 .text.HAL_PCD_SOFCallback
                0x08018086       0x1c ./USB_DEVICE/Target/usbd_conf.o
                0x08018086                HAL_PCD_SOFCallback
 .text.HAL_PCD_ResetCallback
                0x080180a2       0x50 ./USB_DEVICE/Target/usbd_conf.o
                0x080180a2                HAL_PCD_ResetCallback
 *fill*         0x080180f2        0x2 
 .text.HAL_PCD_SuspendCallback
                0x080180f4       0x4c ./USB_DEVICE/Target/usbd_conf.o
                0x080180f4                HAL_PCD_SuspendCallback
 .text.HAL_PCD_ResumeCallback
                0x08018140       0x1c ./USB_DEVICE/Target/usbd_conf.o
                0x08018140                HAL_PCD_ResumeCallback
 .text.HAL_PCD_ISOOUTIncompleteCallback
                0x0801815c       0x24 ./USB_DEVICE/Target/usbd_conf.o
                0x0801815c                HAL_PCD_ISOOUTIncompleteCallback
 .text.HAL_PCD_ISOINIncompleteCallback
                0x08018180       0x24 ./USB_DEVICE/Target/usbd_conf.o
                0x08018180                HAL_PCD_ISOINIncompleteCallback
 .text.HAL_PCD_ConnectCallback
                0x080181a4       0x1c ./USB_DEVICE/Target/usbd_conf.o
                0x080181a4                HAL_PCD_ConnectCallback
 .text.HAL_PCD_DisconnectCallback
                0x080181c0       0x1c ./USB_DEVICE/Target/usbd_conf.o
                0x080181c0                HAL_PCD_DisconnectCallback
 .text.USBD_LL_Init
                0x080181dc       0xa0 ./USB_DEVICE/Target/usbd_conf.o
                0x080181dc                USBD_LL_Init
 .text.USBD_LL_Start
                0x0801827c       0x36 ./USB_DEVICE/Target/usbd_conf.o
                0x0801827c                USBD_LL_Start
 .text.USBD_LL_OpenEP
                0x080182b2       0x4c ./USB_DEVICE/Target/usbd_conf.o
                0x080182b2                USBD_LL_OpenEP
 .text.USBD_LL_CloseEP
                0x080182fe       0x3e ./USB_DEVICE/Target/usbd_conf.o
                0x080182fe                USBD_LL_CloseEP
 .text.USBD_LL_StallEP
                0x0801833c       0x3e ./USB_DEVICE/Target/usbd_conf.o
                0x0801833c                USBD_LL_StallEP
 .text.USBD_LL_ClearStallEP
                0x0801837a       0x3e ./USB_DEVICE/Target/usbd_conf.o
                0x0801837a                USBD_LL_ClearStallEP
 .text.USBD_LL_IsStallEP
                0x080183b8       0x58 ./USB_DEVICE/Target/usbd_conf.o
                0x080183b8                USBD_LL_IsStallEP
 .text.USBD_LL_SetUSBAddress
                0x08018410       0x3e ./USB_DEVICE/Target/usbd_conf.o
                0x08018410                USBD_LL_SetUSBAddress
 .text.USBD_LL_Transmit
                0x0801844e       0x42 ./USB_DEVICE/Target/usbd_conf.o
                0x0801844e                USBD_LL_Transmit
 .text.USBD_LL_PrepareReceive
                0x08018490       0x42 ./USB_DEVICE/Target/usbd_conf.o
                0x08018490                USBD_LL_PrepareReceive
 .text.USBD_LL_GetRxDataSize
                0x080184d2       0x26 ./USB_DEVICE/Target/usbd_conf.o
                0x080184d2                USBD_LL_GetRxDataSize
 .text.USBD_static_malloc
                0x080184f8       0x1c ./USB_DEVICE/Target/usbd_conf.o
                0x080184f8                USBD_static_malloc
 .text.USBD_static_free
                0x08018514       0x14 ./USB_DEVICE/Target/usbd_conf.o
                0x08018514                USBD_static_free
 .text.USBD_Get_USB_Status
                0x08018528       0x58 ./USB_DEVICE/Target/usbd_conf.o
                0x08018528                USBD_Get_USB_Status
 .text.malloc   0x08018580       0x10 C:/ST/STM32CubeIDE_1.18.0/STM32CubeIDE/plugins/com.st.stm32cube.ide.mcu.externaltools.gnu-tools-for-stm32.13.3.rel1.win32_1.0.0.202411081344/tools/bin/../lib/gcc/arm-none-eabi/13.3.1/../../../../arm-none-eabi/lib/thumb/v7e-m+dp/hard\libc_nano.a(libc_a-malloc.o)
                0x08018580                malloc
 .text.sbrk_aligned
                0x08018590       0x44 C:/ST/STM32CubeIDE_1.18.0/STM32CubeIDE/plugins/com.st.stm32cube.ide.mcu.externaltools.gnu-tools-for-stm32.13.3.rel1.win32_1.0.0.202411081344/tools/bin/../lib/gcc/arm-none-eabi/13.3.1/../../../../arm-none-eabi/lib/thumb/v7e-m+dp/hard\libc_nano.a(libc_a-mallocr.o)
 .text._malloc_r
                0x080185d4      0x100 C:/ST/STM32CubeIDE_1.18.0/STM32CubeIDE/plugins/com.st.stm32cube.ide.mcu.externaltools.gnu-tools-for-stm32.13.3.rel1.win32_1.0.0.202411081344/tools/bin/../lib/gcc/arm-none-eabi/13.3.1/../../../../arm-none-eabi/lib/thumb/v7e-m+dp/hard\libc_nano.a(libc_a-mallocr.o)
                0x080185d4                _malloc_r
 .text.__malloc_lock
                0x080186d4        0xc C:/ST/STM32CubeIDE_1.18.0/STM32CubeIDE/plugins/com.st.stm32cube.ide.mcu.externaltools.gnu-tools-for-stm32.13.3.rel1.win32_1.0.0.202411081344/tools/bin/../lib/gcc/arm-none-eabi/13.3.1/../../../../arm-none-eabi/lib/thumb/v7e-m+dp/hard\libc_nano.a(libc_a-mlock.o)
                0x080186d4                __malloc_lock
 .text.__malloc_unlock
                0x080186e0        0xc C:/ST/STM32CubeIDE_1.18.0/STM32CubeIDE/plugins/com.st.stm32cube.ide.mcu.externaltools.gnu-tools-for-stm32.13.3.rel1.win32_1.0.0.202411081344/tools/bin/../lib/gcc/arm-none-eabi/13.3.1/../../../../arm-none-eabi/lib/thumb/v7e-m+dp/hard\libc_nano.a(libc_a-mlock.o)
                0x080186e0                __malloc_unlock
 .text.rand     0x080186ec       0x7c C:/ST/STM32CubeIDE_1.18.0/STM32CubeIDE/plugins/com.st.stm32cube.ide.mcu.externaltools.gnu-tools-for-stm32.13.3.rel1.win32_1.0.0.202411081344/tools/bin/../lib/gcc/arm-none-eabi/13.3.1/../../../../arm-none-eabi/lib/thumb/v7e-m+dp/hard\libc_nano.a(libc_a-rand.o)
                0x080186ec                rand
 .text.__cvt    0x08018768       0xa8 C:/ST/STM32CubeIDE_1.18.0/STM32CubeIDE/plugins/com.st.stm32cube.ide.mcu.externaltools.gnu-tools-for-stm32.13.3.rel1.win32_1.0.0.202411081344/tools/bin/../lib/gcc/arm-none-eabi/13.3.1/../../../../arm-none-eabi/lib/thumb/v7e-m+dp/hard\libc_nano.a(libc_a-nano-vfprintf_float.o)
                0x08018768                __cvt
 .text.__exponent
                0x08018810       0x74 C:/ST/STM32CubeIDE_1.18.0/STM32CubeIDE/plugins/com.st.stm32cube.ide.mcu.externaltools.gnu-tools-for-stm32.13.3.rel1.win32_1.0.0.202411081344/tools/bin/../lib/gcc/arm-none-eabi/13.3.1/../../../../arm-none-eabi/lib/thumb/v7e-m+dp/hard\libc_nano.a(libc_a-nano-vfprintf_float.o)
                0x08018810                __exponent
 *fill*         0x08018884        0x4 
 .text._printf_float
                0x08018888      0x434 C:/ST/STM32CubeIDE_1.18.0/STM32CubeIDE/plugins/com.st.stm32cube.ide.mcu.externaltools.gnu-tools-for-stm32.13.3.rel1.win32_1.0.0.202411081344/tools/bin/../lib/gcc/arm-none-eabi/13.3.1/../../../../arm-none-eabi/lib/thumb/v7e-m+dp/hard\libc_nano.a(libc_a-nano-vfprintf_float.o)
                0x08018888                _printf_float
 .text._printf_common
                0x08018cbc       0xda C:/ST/STM32CubeIDE_1.18.0/STM32CubeIDE/plugins/com.st.stm32cube.ide.mcu.externaltools.gnu-tools-for-stm32.13.3.rel1.win32_1.0.0.202411081344/tools/bin/../lib/gcc/arm-none-eabi/13.3.1/../../../../arm-none-eabi/lib/thumb/v7e-m+dp/hard\libc_nano.a(libc_a-nano-vfprintf_i.o)
                0x08018cbc                _printf_common
 *fill*         0x08018d96        0x2 
 .text._printf_i
                0x08018d98      0x23c C:/ST/STM32CubeIDE_1.18.0/STM32CubeIDE/plugins/com.st.stm32cube.ide.mcu.externaltools.gnu-tools-for-stm32.13.3.rel1.win32_1.0.0.202411081344/tools/bin/../lib/gcc/arm-none-eabi/13.3.1/../../../../arm-none-eabi/lib/thumb/v7e-m+dp/hard\libc_nano.a(libc_a-nano-vfprintf_i.o)
                0x08018d98                _printf_i
 .text.std      0x08018fd4       0x6c C:/ST/STM32CubeIDE_1.18.0/STM32CubeIDE/plugins/com.st.stm32cube.ide.mcu.externaltools.gnu-tools-for-stm32.13.3.rel1.win32_1.0.0.202411081344/tools/bin/../lib/gcc/arm-none-eabi/13.3.1/../../../../arm-none-eabi/lib/thumb/v7e-m+dp/hard\libc_nano.a(libc_a-findfp.o)
 .text.stdio_exit_handler
                0x08019040       0x18 C:/ST/STM32CubeIDE_1.18.0/STM32CubeIDE/plugins/com.st.stm32cube.ide.mcu.externaltools.gnu-tools-for-stm32.13.3.rel1.win32_1.0.0.202411081344/tools/bin/../lib/gcc/arm-none-eabi/13.3.1/../../../../arm-none-eabi/lib/thumb/v7e-m+dp/hard\libc_nano.a(libc_a-findfp.o)
 .text.cleanup_stdio
                0x08019058       0x40 C:/ST/STM32CubeIDE_1.18.0/STM32CubeIDE/plugins/com.st.stm32cube.ide.mcu.externaltools.gnu-tools-for-stm32.13.3.rel1.win32_1.0.0.202411081344/tools/bin/../lib/gcc/arm-none-eabi/13.3.1/../../../../arm-none-eabi/lib/thumb/v7e-m+dp/hard\libc_nano.a(libc_a-findfp.o)
 .text.global_stdio_init.part.0
                0x08019098       0x3c C:/ST/STM32CubeIDE_1.18.0/STM32CubeIDE/plugins/com.st.stm32cube.ide.mcu.externaltools.gnu-tools-for-stm32.13.3.rel1.win32_1.0.0.202411081344/tools/bin/../lib/gcc/arm-none-eabi/13.3.1/../../../../arm-none-eabi/lib/thumb/v7e-m+dp/hard\libc_nano.a(libc_a-findfp.o)
 .text.__sfp_lock_acquire
                0x080190d4        0xc C:/ST/STM32CubeIDE_1.18.0/STM32CubeIDE/plugins/com.st.stm32cube.ide.mcu.externaltools.gnu-tools-for-stm32.13.3.rel1.win32_1.0.0.202411081344/tools/bin/../lib/gcc/arm-none-eabi/13.3.1/../../../../arm-none-eabi/lib/thumb/v7e-m+dp/hard\libc_nano.a(libc_a-findfp.o)
                0x080190d4                __sfp_lock_acquire
 .text.__sfp_lock_release
                0x080190e0        0xc C:/ST/STM32CubeIDE_1.18.0/STM32CubeIDE/plugins/com.st.stm32cube.ide.mcu.externaltools.gnu-tools-for-stm32.13.3.rel1.win32_1.0.0.202411081344/tools/bin/../lib/gcc/arm-none-eabi/13.3.1/../../../../arm-none-eabi/lib/thumb/v7e-m+dp/hard\libc_nano.a(libc_a-findfp.o)
                0x080190e0                __sfp_lock_release
 .text.__sinit  0x080190ec       0x30 C:/ST/STM32CubeIDE_1.18.0/STM32CubeIDE/plugins/com.st.stm32cube.ide.mcu.externaltools.gnu-tools-for-stm32.13.3.rel1.win32_1.0.0.202411081344/tools/bin/../lib/gcc/arm-none-eabi/13.3.1/../../../../arm-none-eabi/lib/thumb/v7e-m+dp/hard\libc_nano.a(libc_a-findfp.o)
                0x080190ec                __sinit
 .text._fwalk_sglue
                0x0801911c       0x3c C:/ST/STM32CubeIDE_1.18.0/STM32CubeIDE/plugins/com.st.stm32cube.ide.mcu.externaltools.gnu-tools-for-stm32.13.3.rel1.win32_1.0.0.202411081344/tools/bin/../lib/gcc/arm-none-eabi/13.3.1/../../../../arm-none-eabi/lib/thumb/v7e-m+dp/hard\libc_nano.a(libc_a-fwalk.o)
                0x0801911c                _fwalk_sglue
 .text.sprintf  0x08019158       0x44 C:/ST/STM32CubeIDE_1.18.0/STM32CubeIDE/plugins/com.st.stm32cube.ide.mcu.externaltools.gnu-tools-for-stm32.13.3.rel1.win32_1.0.0.202411081344/tools/bin/../lib/gcc/arm-none-eabi/13.3.1/../../../../arm-none-eabi/lib/thumb/v7e-m+dp/hard\libc_nano.a(libc_a-sprintf.o)
                0x08019158                siprintf
                0x08019158                sprintf
 .text.__sread  0x0801919c       0x22 C:/ST/STM32CubeIDE_1.18.0/STM32CubeIDE/plugins/com.st.stm32cube.ide.mcu.externaltools.gnu-tools-for-stm32.13.3.rel1.win32_1.0.0.202411081344/tools/bin/../lib/gcc/arm-none-eabi/13.3.1/../../../../arm-none-eabi/lib/thumb/v7e-m+dp/hard\libc_nano.a(libc_a-stdio.o)
                0x0801919c                __sread
 .text.__swrite
                0x080191be       0x38 C:/ST/STM32CubeIDE_1.18.0/STM32CubeIDE/plugins/com.st.stm32cube.ide.mcu.externaltools.gnu-tools-for-stm32.13.3.rel1.win32_1.0.0.202411081344/tools/bin/../lib/gcc/arm-none-eabi/13.3.1/../../../../arm-none-eabi/lib/thumb/v7e-m+dp/hard\libc_nano.a(libc_a-stdio.o)
                0x080191be                __swrite
 .text.__sseek  0x080191f6       0x24 C:/ST/STM32CubeIDE_1.18.0/STM32CubeIDE/plugins/com.st.stm32cube.ide.mcu.externaltools.gnu-tools-for-stm32.13.3.rel1.win32_1.0.0.202411081344/tools/bin/../lib/gcc/arm-none-eabi/13.3.1/../../../../arm-none-eabi/lib/thumb/v7e-m+dp/hard\libc_nano.a(libc_a-stdio.o)
                0x080191f6                __sseek
 .text.__sclose
                0x0801921a        0x8 C:/ST/STM32CubeIDE_1.18.0/STM32CubeIDE/plugins/com.st.stm32cube.ide.mcu.externaltools.gnu-tools-for-stm32.13.3.rel1.win32_1.0.0.202411081344/tools/bin/../lib/gcc/arm-none-eabi/13.3.1/../../../../arm-none-eabi/lib/thumb/v7e-m+dp/hard\libc_nano.a(libc_a-stdio.o)
                0x0801921a                __sclose
 .text.memset   0x08019222       0x10 C:/ST/STM32CubeIDE_1.18.0/STM32CubeIDE/plugins/com.st.stm32cube.ide.mcu.externaltools.gnu-tools-for-stm32.13.3.rel1.win32_1.0.0.202411081344/tools/bin/../lib/gcc/arm-none-eabi/13.3.1/../../../../arm-none-eabi/lib/thumb/v7e-m+dp/hard\libc_nano.a(libc_a-memset.o)
                0x08019222                memset
 *fill*         0x08019232        0x2 
 .text._localeconv_r
                0x08019234        0x8 C:/ST/STM32CubeIDE_1.18.0/STM32CubeIDE/plugins/com.st.stm32cube.ide.mcu.externaltools.gnu-tools-for-stm32.13.3.rel1.win32_1.0.0.202411081344/tools/bin/../lib/gcc/arm-none-eabi/13.3.1/../../../../arm-none-eabi/lib/thumb/v7e-m+dp/hard\libc_nano.a(libc_a-localeconv.o)
                0x08019234                _localeconv_r
 .text._close_r
                0x0801923c       0x20 C:/ST/STM32CubeIDE_1.18.0/STM32CubeIDE/plugins/com.st.stm32cube.ide.mcu.externaltools.gnu-tools-for-stm32.13.3.rel1.win32_1.0.0.202411081344/tools/bin/../lib/gcc/arm-none-eabi/13.3.1/../../../../arm-none-eabi/lib/thumb/v7e-m+dp/hard\libc_nano.a(libc_a-closer.o)
                0x0801923c                _close_r
 .text._lseek_r