Archive member included to satisfy reference by file (symbol)

C:/ST/STM32CubeIDE_1.18.0/STM32CubeIDE/plugins/com.st.stm32cube.ide.mcu.externaltools.gnu-tools-for-stm32.13.3.rel1.win32_1.0.0.202411081344/tools/bin/../lib/gcc/arm-none-eabi/13.3.1/../../../../arm-none-eabi/lib/thumb/v7e-m+dp/hard\libc_nano.a(libc_a-exit.o)
                              C:/ST/STM32CubeIDE_1.18.0/STM32CubeIDE/plugins/com.st.stm32cube.ide.mcu.externaltools.gnu-tools-for-stm32.13.3.rel1.win32_1.0.0.202411081344/tools/bin/../lib/gcc/arm-none-eabi/13.3.1/../../../../arm-none-eabi/lib/thumb/v7e-m+dp/hard/crt0.o (exit)
C:/ST/STM32CubeIDE_1.18.0/STM32CubeIDE/plugins/com.st.stm32cube.ide.mcu.externaltools.gnu-tools-for-stm32.13.3.rel1.win32_1.0.0.202411081344/tools/bin/../lib/gcc/arm-none-eabi/13.3.1/../../../../arm-none-eabi/lib/thumb/v7e-m+dp/hard\libc_nano.a(libc_a-malloc.o)
                              ./Drivers/XBEE_Driver/Src/XBEE.o (malloc)
C:/ST/STM32CubeIDE_1.18.0/STM32CubeIDE/plugins/com.st.stm32cube.ide.mcu.externaltools.gnu-tools-for-stm32.13.3.rel1.win32_1.0.0.202411081344/tools/bin/../lib/gcc/arm-none-eabi/13.3.1/../../../../arm-none-eabi/lib/thumb/v7e-m+dp/hard\libc_nano.a(libc_a-mallocr.o)
                              C:/ST/STM32CubeIDE_1.18.0/STM32CubeIDE/plugins/com.st.stm32cube.ide.mcu.externaltools.gnu-tools-for-stm32.13.3.rel1.win32_1.0.0.202411081344/tools/bin/../lib/gcc/arm-none-eabi/13.3.1/../../../../arm-none-eabi/lib/thumb/v7e-m+dp/hard\libc_nano.a(libc_a-malloc.o) (_malloc_r)
C:/ST/STM32CubeIDE_1.18.0/STM32CubeIDE/plugins/com.st.stm32cube.ide.mcu.externaltools.gnu-tools-for-stm32.13.3.rel1.win32_1.0.0.202411081344/tools/bin/../lib/gcc/arm-none-eabi/13.3.1/../../../../arm-none-eabi/lib/thumb/v7e-m+dp/hard\libc_nano.a(libc_a-mlock.o)
                              C:/ST/STM32CubeIDE_1.18.0/STM32CubeIDE/plugins/com.st.stm32cube.ide.mcu.externaltools.gnu-tools-for-stm32.13.3.rel1.win32_1.0.0.202411081344/tools/bin/../lib/gcc/arm-none-eabi/13.3.1/../../../../arm-none-eabi/lib/thumb/v7e-m+dp/hard\libc_nano.a(libc_a-mallocr.o) (__malloc_lock)
C:/ST/STM32CubeIDE_1.18.0/STM32CubeIDE/plugins/com.st.stm32cube.ide.mcu.externaltools.gnu-tools-for-stm32.13.3.rel1.win32_1.0.0.202411081344/tools/bin/../lib/gcc/arm-none-eabi/13.3.1/../../../../arm-none-eabi/lib/thumb/v7e-m+dp/hard\libc_nano.a(libc_a-rand.o)
                              ./Core/Src/main.o (rand)
C:/ST/STM32CubeIDE_1.18.0/STM32CubeIDE/plugins/com.st.stm32cube.ide.mcu.externaltools.gnu-tools-for-stm32.13.3.rel1.win32_1.0.0.202411081344/tools/bin/../lib/gcc/arm-none-eabi/13.3.1/../../../../arm-none-eabi/lib/thumb/v7e-m+dp/hard\libc_nano.a(libc_a-nano-vfprintf_float.o)
                              (_printf_float)
C:/ST/STM32CubeIDE_1.18.0/STM32CubeIDE/plugins/com.st.stm32cube.ide.mcu.externaltools.gnu-tools-for-stm32.13.3.rel1.win32_1.0.0.202411081344/tools/bin/../lib/gcc/arm-none-eabi/13.3.1/../../../../arm-none-eabi/lib/thumb/v7e-m+dp/hard\libc_nano.a(libc_a-nano-vfprintf_i.o)
                              C:/ST/STM32CubeIDE_1.18.0/STM32CubeIDE/plugins/com.st.stm32cube.ide.mcu.externaltools.gnu-tools-for-stm32.13.3.rel1.win32_1.0.0.202411081344/tools/bin/../lib/gcc/arm-none-eabi/13.3.1/../../../../arm-none-eabi/lib/thumb/v7e-m+dp/hard\libc_nano.a(libc_a-nano-vfprintf_float.o) (_printf_common)
C:/ST/STM32CubeIDE_1.18.0/STM32CubeIDE/plugins/com.st.stm32cube.ide.mcu.externaltools.gnu-tools-for-stm32.13.3.rel1.win32_1.0.0.202411081344/tools/bin/../lib/gcc/arm-none-eabi/13.3.1/../../../../arm-none-eabi/lib/thumb/v7e-m+dp/hard\libc_nano.a(libc_a-findfp.o)
                              C:/ST/STM32CubeIDE_1.18.0/STM32CubeIDE/plugins/com.st.stm32cube.ide.mcu.externaltools.gnu-tools-for-stm32.13.3.rel1.win32_1.0.0.202411081344/tools/bin/../lib/gcc/arm-none-eabi/13.3.1/../../../../arm-none-eabi/lib/thumb/v7e-m+dp/hard\libc_nano.a(libc_a-exit.o) (__stdio_exit_handler)
C:/ST/STM32CubeIDE_1.18.0/STM32CubeIDE/plugins/com.st.stm32cube.ide.mcu.externaltools.gnu-tools-for-stm32.13.3.rel1.win32_1.0.0.202411081344/tools/bin/../lib/gcc/arm-none-eabi/13.3.1/../../../../arm-none-eabi/lib/thumb/v7e-m+dp/hard\libc_nano.a(libc_a-fwalk.o)
                              C:/ST/STM32CubeIDE_1.18.0/STM32CubeIDE/plugins/com.st.stm32cube.ide.mcu.externaltools.gnu-tools-for-stm32.13.3.rel1.win32_1.0.0.202411081344/tools/bin/../lib/gcc/arm-none-eabi/13.3.1/../../../../arm-none-eabi/lib/thumb/v7e-m+dp/hard\libc_nano.a(libc_a-findfp.o) (_fwalk_sglue)
C:/ST/STM32CubeIDE_1.18.0/STM32CubeIDE/plugins/com.st.stm32cube.ide.mcu.externaltools.gnu-tools-for-stm32.13.3.rel1.win32_1.0.0.202411081344/tools/bin/../lib/gcc/arm-none-eabi/13.3.1/../../../../arm-none-eabi/lib/thumb/v7e-m+dp/hard\libc_nano.a(libc_a-sprintf.o)
                              ./Core/Src/main.o (sprintf)
[...]
Memory Configuration

Name             Origin             Length             Attributes
FLASH            0x08000000         0x00080000         xr
FLASH2           0x08100000         0x00080000         xr
DTCMRAM          0x20000000         0x00020000         xrw
RAM_D1           0x24000000         0x00080000         xrw
RAM_D2           0x30000000         0x00048000         xrw
RAM_D3           0x38000000         0x00010000         xrw
ITCMRAM          0x00000000         0x00010000         xrw
*default*        0x00000000         0xffffffff

Linker script and memory map

LOAD C:/ST/STM32CubeIDE_1.18.0/STM32CubeIDE/plugins/com.st.stm32cube.ide.mcu.externaltools.gnu-tools-for-stm32.13.3.rel1.win32_1.0.0.202411081344/tools/bin/../lib/gcc/arm-none-eabi/13.3.1/thumb/v7e-m+dp/hard/crti.o
LOAD C:/ST/STM32CubeIDE_1.18.0/STM32CubeIDE/plugins/com.st.stm32cube.ide.mcu.externaltools.gnu-tools-for-stm32.13.3.rel1.win32_1.0.0.202411081344/tools/bin/../lib/gcc/arm-none-eabi/13.3.1/thumb/v7e-m+dp/hard/crtbegin.o
LOAD C:/ST/STM32CubeIDE_1.18.0/STM32CubeIDE/plugins/com.st.stm32cube.ide.mcu.externaltools.gnu-tools-for-stm32.13.3.rel1.win32_1.0.0.202411081344/tools/bin/../lib/gcc/arm-none-eabi/13.3.1/../../../../arm-none-eabi/lib/thumb/v7e-m+dp/hard/crt0.o
LOAD ./Core/Src/main.o
LOAD ./Core/Src/stm32h7xx_hal_msp.o
LOAD ./Core/Src/stm32h7xx_it.o
LOAD ./Core/Src/syscalls.o
LOAD ./Core/Src/sysmem.o
LOAD ./Core/Src/system_stm32h7xx.o
LOAD ./Core/Startup/startup_stm32h743vgtx.o
LOAD ./Drivers/INA229_Driver/Src/INA229.o
LOAD ./Drivers/STM32H7xx_HAL_Driver/Src/stm32h7xx_hal.o
LOAD ./Drivers/STM32H7xx_HAL_Driver/Src/stm32h7xx_hal_cortex.o
LOAD ./Drivers/STM32H7xx_HAL_Driver/Src/stm32h7xx_hal_dcmi.o
LOAD ./Drivers/STM32H7xx_HAL_Driver/Src/stm32h7xx_hal_dma.o
LOAD ./Drivers/STM32H7xx_HAL_Driver/Src/stm32h7xx_hal_dma_ex.o
LOAD ./Drivers/STM32H7xx_HAL_Driver/Src/stm32h7xx_hal_exti.o
LOAD ./Drivers/STM32H7xx_HAL_Driver/Src/stm32h7xx_hal_flash.o
LOAD ./Drivers/STM32H7xx_HAL_Driver/Src/stm32h7xx_hal_flash_ex.o
LOAD ./Drivers/STM32H7xx_HAL_Driver/Src/stm32h7xx_hal_gpio.o
LOAD ./Drivers/STM32H7xx_HAL_Driver/Src/stm32h7xx_hal_hsem.o
LOAD ./Drivers/STM32H7xx_HAL_Driver/Src/stm32h7xx_hal_i2c.o
LOAD ./Drivers/STM32H7xx_HAL_Driver/Src/stm32h7xx_hal_i2c_ex.o
LOAD ./Drivers/STM32H7xx_HAL_Driver/Src/stm32h7xx_hal_jpeg.o
LOAD ./Drivers/STM32H7xx_HAL_Driver/Src/stm32h7xx_hal_mdma.o
LOAD ./Drivers/STM32H7xx_HAL_Driver/Src/stm32h7xx_hal_pcd.o
LOAD ./Drivers/STM32H7xx_HAL_Driver/Src/stm32h7xx_hal_pcd_ex.o
LOAD ./Drivers/STM32H7xx_HAL_Driver/Src/stm32h7xx_hal_pwr.o
LOAD ./Drivers/STM32H7xx_HAL_Driver/Src/stm32h7xx_hal_pwr_ex.o
LOAD ./Drivers/STM32H7xx_HAL_Driver/Src/stm32h7xx_hal_rcc.o
LOAD ./Drivers/STM32H7xx_HAL_Driver/Src/stm32h7xx_hal_rcc_ex.o
LOAD ./Drivers/STM32H7xx_HAL_Driver/Src/stm32h7xx_hal_spi.o
LOAD ./Drivers/STM32H7xx_HAL_Driver/Src/stm32h7xx_hal_spi_ex.o
LOAD ./Drivers/STM32H7xx_HAL_Driver/Src/stm32h7xx_hal_tim.o
LOAD ./Drivers/STM32H7xx_HAL_Driver/Src/stm32h7xx_hal_tim_ex.o
LOAD ./Drivers/STM32H7xx_HAL_Driver/Src/stm32h7xx_hal_uart.o
LOAD ./Drivers/STM32H7xx_HAL_Driver/Src/stm32h7xx_hal_uart_ex.o
LOAD ./Drivers/STM32H7xx_HAL_Driver/Src/stm32h7xx_ll_usb.o
LOAD ./Drivers/XBEE_Driver/Src/XBEE.o
LOAD ./Middlewares/ST/STM32_USB_Device_Library/Class/CDC/Src/usbd_cdc.o
LOAD ./Middlewares/ST/STM32_USB_Device_Library/Core/Src/usbd_core.o
LOAD ./Middlewares/ST/STM32_USB_Device_Library/Core/Src/usbd_ctlreq.o
LOAD ./Middlewares/ST/STM32_USB_Device_Library/Core/Src/usbd_ioreq.o
LOAD ./USB_DEVICE/App/usb_device.o
LOAD ./USB_DEVICE/App/usbd_cdc_if.o
LOAD ./USB_DEVICE/App/usbd_desc.o
LOAD ./USB_DEVICE/Target/usbd_conf.o
LOAD ./Utilities/JPEG/jpeg_utils.o
START GROUP
LOAD C:/ST/STM32CubeIDE_1.18.0/STM32CubeIDE/plugins/com.st.stm32cube.ide.mcu.externaltools.gnu-tools-for-stm32.13.3.rel1.win32_1.0.0.202411081344/tools/bin/../lib/gcc/arm-none-eabi/13.3.1/../../../../arm-none-eabi/lib/thumb/v7e-m+dp/hard\libc_nano.a
LOAD C:/ST/STM32CubeIDE_1.18.0/STM32CubeIDE/plugins/com.st.stm32cube.ide.mcu.externaltools.gnu-tools-for-stm32.13.3.rel1.win32_1.0.0.202411081344/tools/bin/../lib/gcc/arm-none-eabi/13.3.1/../../../../arm-none-eabi/lib/thumb/v7e-m+dp/hard\libm.a
END GROUP
START GROUP
LOAD C:/ST/STM32CubeIDE_1.18.0/STM32CubeIDE/plugins/com.st.stm32cube.ide.mcu.externaltools.gnu-tools-for-stm32.13.3.rel1.win32_1.0.0.202411081344/tools/bin/../lib/gcc/arm-none-eabi/13.3.1/thumb/v7e-m+dp/hard\libgcc.a
LOAD C:/ST/STM32CubeIDE_1.18.0/STM32CubeIDE/plugins/com.st.stm32cube.ide.mcu.externaltools.gnu-tools-for-stm32.13.3.rel1.win32_1.0.0.202411081344/tools/bin/../lib/gcc/arm-none-eabi/13.3.1/../../../../arm-none-eabi/lib/thumb/v7e-m+dp/hard\libc_nano.a
END GROUP
START GROUP
LOAD C:/ST/STM32CubeIDE_1.18.0/STM32CubeIDE/plugins/com.st.stm32cube.ide.mcu.externaltools.gnu-tools-for-stm32.13.3.rel1.win32_1.0.0.202411081344/tools/bin/../lib/gcc/arm-none-eabi/13.3.1/thumb/v7e-m+dp/hard\libgcc.a
LOAD C:/ST/STM32CubeIDE_1.18.0/STM32CubeIDE/plugins/com.st.stm32cube.ide.mcu.externaltools.gnu-tools-for-stm32.13.3.rel1.win32_1.0.0.202411081344/tools/bin/../lib/gcc/arm-none-eabi/13.3.1/../../../../arm-none-eabi/lib/thumb/v7e-m+dp/hard\libc_nano.a
LOAD C:/ST/STM32CubeIDE_1.18.0/STM32CubeIDE/plugins/com.st.stm32cube.ide.mcu.externaltools.gnu-tools-for-stm32.13.3.rel1.win32_1.0.0.202411081344/tools/bin/../lib/gcc/arm-none-eabi/13.3.1/../../../../arm-none-eabi/lib/thumb/v7e-m+dp/hard\libnosys.a
END GROUP
START GROUP
LOAD C:/ST/STM32CubeIDE_1.18.0/STM32CubeIDE/plugins/com.st.stm32cube.ide.mcu.externaltools.gnu-tools-for-stm32.13.3.rel1.win32_1.0.0.202411081344/tools/bin/../lib/gcc/arm-none-eabi/13.3.1/thumb/v7e-m+dp/hard\libgcc.a
LOAD C:/ST/STM32CubeIDE_1.18.0/STM32CubeIDE/plugins/com.st.stm32cube.ide.mcu.externaltools.gnu-tools-for-stm32.13.3.rel1.win32_1.0.0.202411081344/tools/bin/../lib/gcc/arm-none-eabi/13.3.1/../../../../arm-none-eabi/lib/thumb/v7e-m+dp/hard\libc_nano.a
LOAD C:/ST/STM32CubeIDE_1.18.0/STM32CubeIDE/plugins/com.st.stm32cube.ide.mcu.externaltools.gnu-tools-for-stm32.13.3.rel1.win32_1.0.0.202411081344/tools/bin/../lib/gcc/arm-none-eabi/13.3.1/../../../../arm-none-eabi/lib/thumb/v7e-m+dp/hard\libnosys.a
END GROUP
LOAD C:/ST/STM32CubeIDE_1.18.0/STM32CubeIDE/plugins/com.st.stm32cube.ide.mcu.externaltools.gnu-tools-for-stm32.13.3.rel1.win32_1.0.0.202411081344/tools/bin/../lib/gcc/arm-none-eabi/13.3.1/thumb/v7e-m+dp/hard/crtend.o
LOAD C:/ST/STM32CubeIDE_1.18.0/STM32CubeIDE/plugins/com.st.stm32cube.ide.mcu.externaltools.gnu-tools-for-stm32.13.3.rel1.win32_1.0.0.202411081344/tools/bin/../lib/gcc/arm-none-eabi/13.3.1/thumb/v7e-m+dp/hard/crtn.o
                0x24080000                        _estack = (ORIGIN (RAM_D1) + LENGTH (RAM_D1))
                0x00000200                        _Min_Heap_Size = 0x200
                0x00000400                        _Min_Stack_Size = 0x400

.isr_vector     0x08000000      0x298
                0x08000000                        . = ALIGN (0x4)
 *(.isr_vector)
 .isr_vector    0x08000000      0x298 ./Core/Startup/startup_stm32h743vgtx.o
                0x08000000                g_pfnVectors
                0x08000298                        . = ALIGN (0x4)

.text           0x080002a0    0x16910
                0x080002a0                        . = ALIGN (0x4)
 *(.text)
 .text          0x080002a0       0x40 C:/ST/STM32CubeIDE_1.18.0/STM32CubeIDE/plugins/com.st.stm32cube.ide.mcu.externaltools.gnu-tools-for-stm32.13.3.rel1.win32_1.0.0.202411081344/tools/bin/../lib/gcc/arm-none-eabi/13.3.1/thumb/v7e-m+dp/hard/crtbegin.o
 .text          0x080002e0       0xa0 C:/ST/STM32CubeIDE_1.18.0/STM32CubeIDE/plugins/com.st.stm32cube.ide.mcu.externaltools.gnu-tools-for-stm32.13.3.rel1.win32_1.0.0.202411081344/tools/bin/../lib/gcc/arm-none-eabi/13.3.1/../../../../arm-none-eabi/lib/thumb/v7e-m+dp/hard\libc_nano.a(libc_a-memchr.o)
                0x080002e0                memchr
 .text          0x08000380       0x10 C:/ST/STM32CubeIDE_1.18.0/STM32CubeIDE/plugins/com.st.stm32cube.ide.mcu.externaltools.gnu-tools-for-stm32.13.3.rel1.win32_1.0.0.202411081344/tools/bin/../lib/gcc/arm-none-eabi/13.3.1/../../../../arm-none-eabi/lib/thumb/v7e-m+dp/hard\libc_nano.a(libc_a-strlen.o)
                0x08000380                strlen
 .text          0x08000390       0x30 C:/ST/STM32CubeIDE_1.18.0/STM32CubeIDE/plugins/com.st.stm32cube.ide.mcu.externaltools.gnu-tools-for-stm32.13.3.rel1.win32_1.0.0.202411081344/tools/bin/../lib/gcc/arm-none-eabi/13.3.1/thumb/v7e-m+dp/hard\libgcc.a(_aeabi_uldivmod.o)
                0x08000390                __aeabi_uldivmod
 .text          0x080003c0      0x2f8 C:/ST/STM32CubeIDE_1.18.0/STM32CubeIDE/plugins/com.st.stm32cube.ide.mcu.externaltools.gnu-tools-for-stm32.13.3.rel1.win32_1.0.0.202411081344/tools/bin/../lib/gcc/arm-none-eabi/13.3.1/thumb/v7e-m+dp/hard\libgcc.a(_udivmoddi4.o)
                0x080003c0                __udivmoddi4
 .text          0x080006b8        0x4 C:/ST/STM32CubeIDE_1.18.0/STM32CubeIDE/plugins/com.st.stm32cube.ide.mcu.externaltools.gnu-tools-for-stm32.13.3.rel1.win32_1.0.0.202411081344/tools/bin/../lib/gcc/arm-none-eabi/13.3.1/thumb/v7e-m+dp/hard\libgcc.a(_dvmd_tls.o)
                0x080006b8                __aeabi_idiv0
                0x080006b8                __aeabi_ldiv0
 *(.text*)
 .text.__NVIC_SystemReset
                0x080006bc       0x2c ./Core/Src/main.o
 .text.main     0x080006e8       0xa8 ./Core/Src/main.o
                0x080006e8                main
 .text.SystemClock_Config
                0x08000790       0xf4 ./Core/Src/main.o
                0x08000790                SystemClock_Config
 .text.MX_DCMI_Init
                0x08000884       0x6c ./Core/Src/main.o
 .text.MX_I2C2_Init
                0x080008f0       0x80 ./Core/Src/main.o
 .text.MX_JPEG_Init
                0x08000970       0x28 ./Core/Src/main.o
 .text.MX_SPI2_Init
                0x08000998       0xac ./Core/Src/main.o
 .text.MX_TIM1_Init
                0x08000a44      0x11c ./Core/Src/main.o
 .text.MX_TIM2_Init
                0x08000b60       0xe0 ./Core/Src/main.o
 .text.MX_TIM3_Init
                0x08000c40       0xcc ./Core/Src/main.o
 .text.MX_TIM4_Init
                0x08000d0c       0xcc ./Core/Src/main.o
 .text.MX_TIM5_Init
                0x08000dd8       0xa0 ./Core/Src/main.o
 .text.MX_TIM14_Init
                0x08000e78       0x98 ./Core/Src/main.o
 .text.MX_USART1_UART_Init
                0x08000f10       0xa4 ./Core/Src/main.o
 .text.MX_DMA_Init
                0x08000fb4       0x70 ./Core/Src/main.o
 .text.MX_MDMA_Init
                0x08001024       0x40 ./Core/Src/main.o
 .text.MX_GPIO_Init
                0x08001064      0x170 ./Core/Src/main.o
 .text.NetworkTimeout
                0x080011d4        0xe ./Core/Src/main.o
                0x080011d4                NetworkTimeout
 *fill*         0x080011e2        0x2 
 .text.HAL_DCMI_VsyncEventCallback
                0x080011e4       0x48 ./Core/Src/main.o
                0x080011e4                HAL_DCMI_VsyncEventCallback
 .text.HAL_JPEG_GetDataCallback
                0x0800122c       0x64 ./Core/Src/main.o
                0x0800122c                HAL_JPEG_GetDataCallback
 .text.HAL_JPEG_DataReadyCallback
                0x08001290       0x38 ./Core/Src/main.o
                0x08001290                HAL_JPEG_DataReadyCallback
 .text.HAL_JPEG_EncodeCpltCallback
                0x080012c8       0x28 ./Core/Src/main.o
                0x080012c8                HAL_JPEG_EncodeCpltCallback
 .text.WriteDebug
                0x080012f0       0x1e ./Core/Src/main.o
                0x080012f0                WriteDebug
 *fill*         0x0800130e        0x2 
 .text.GenerateJPEGMCUBlock
                0x08001310      0x144 ./Core/Src/main.o
                0x08001310                GenerateJPEGMCUBlock
 .text.MPU_Config
                0x08001454       0x58 ./Core/Src/main.o
 .text.Error_Handler
                0x080014ac        0xc ./Core/Src/main.o
                0x080014ac                Error_Handler
 .text.HAL_MspInit
                0x080014b8       0x34 ./Core/Src/stm32h7xx_hal_msp.o
                0x080014b8                HAL_MspInit
 .text.HAL_DCMI_MspInit
                0x080014ec      0x228 ./Core/Src/stm32h7xx_hal_msp.o
                0x080014ec                HAL_DCMI_MspInit
 .text.HAL_I2C_MspInit
                0x08001714      0x118 ./Core/Src/stm32h7xx_hal_msp.o
                0x08001714                HAL_I2C_MspInit
 .text.HAL_JPEG_MspInit
                0x0800182c      0x17c ./Core/Src/stm32h7xx_hal_msp.o
                0x0800182c                HAL_JPEG_MspInit
 .text.HAL_SPI_MspInit
                0x080019a8      0x11c ./Core/Src/stm32h7xx_hal_msp.o
                0x080019a8                HAL_SPI_MspInit
 .text.HAL_TIM_PWM_MspInit
                0x08001ac4       0xcc ./Core/Src/stm32h7xx_hal_msp.o
                0x08001ac4                HAL_TIM_PWM_MspInit
 .text.HAL_TIM_Base_MspInit
                0x08001b90       0x90 ./Core/Src/stm32h7xx_hal_msp.o
                0x08001b90                HAL_TIM_Base_MspInit
 .text.HAL_TIM_MspPostInit
                0x08001c20      0x1b4 ./Core/Src/stm32h7xx_hal_msp.o
                0x08001c20                HAL_TIM_MspPostInit
 .text.HAL_UART_MspInit
                0x08001dd4      0x14c ./Core/Src/stm32h7xx_hal_msp.o
                0x08001dd4                HAL_UART_MspInit
 .text.NMI_Handler
                0x08001f20        0x8 ./Core/Src/stm32h7xx_it.o
                0x08001f20                NMI_Handler
 .text.HardFault_Handler
                0x08001f28        0x8 ./Core/Src/stm32h7xx_it.o
                0x08001f28                HardFault_Handler
 .text.MemManage_Handler
                0x08001f30        0x8 ./Core/Src/stm32h7xx_it.o
                0x08001f30                MemManage_Handler
 .text.BusFault_Handler
                0x08001f38        0x8 ./Core/Src/stm32h7xx_it.o
                0x08001f38                BusFault_Handler
 .text.UsageFault_Handler
                0x08001f40        0x8 ./Core/Src/stm32h7xx_it.o
                0x08001f40                UsageFault_Handler
 .text.SVC_Handler
                0x08001f48        0xe ./Core/Src/stm32h7xx_it.o
                0x08001f48                SVC_Handler
 .text.DebugMon_Handler
                0x08001f56        0xe ./Core/Src/stm32h7xx_it.o
                0x08001f56                DebugMon_Handler
 .text.PendSV_Handler
                0x08001f64        0xe ./Core/Src/stm32h7xx_it.o
                0x08001f64                PendSV_Handler
 .text.SysTick_Handler
                0x08001f72        0xc ./Core/Src/stm32h7xx_it.o
                0x08001f72                SysTick_Handler
 *fill*         0x08001f7e        0x2 
 .text.DMA1_Stream0_IRQHandler
                0x08001f80       0x14 ./Core/Src/stm32h7xx_it.o
                0x08001f80                DMA1_Stream0_IRQHandler
 .text.I2C2_EV_IRQHandler
                0x08001f94       0x14 ./Core/Src/stm32h7xx_it.o
                0x08001f94                I2C2_EV_IRQHandler
 .text.I2C2_ER_IRQHandler
                0x08001fa8       0x14 ./Core/Src/stm32h7xx_it.o
                0x08001fa8                I2C2_ER_IRQHandler
 .text.USART1_IRQHandler
                0x08001fbc       0x14 ./Core/Src/stm32h7xx_it.o
                0x08001fbc                USART1_IRQHandler
 .text.TIM8_TRG_COM_TIM14_IRQHandler
                0x08001fd0       0x14 ./Core/Src/stm32h7xx_it.o
                0x08001fd0                TIM8_TRG_COM_TIM14_IRQHandler
 .text.TIM5_IRQHandler
                0x08001fe4       0x18 ./Core/Src/stm32h7xx_it.o
                0x08001fe4                TIM5_IRQHandler
 .text.DMA2_Stream0_IRQHandler
                0x08001ffc       0x14 ./Core/Src/stm32h7xx_it.o
                0x08001ffc                DMA2_Stream0_IRQHandler
 .text.DCMI_IRQHandler
                0x08002010       0x14 ./Core/Src/stm32h7xx_it.o
                0x08002010                DCMI_IRQHandler
 .text.OTG_FS_IRQHandler
                0x08002024       0x14 ./Core/Src/stm32h7xx_it.o
                0x08002024                OTG_FS_IRQHandler
 .text.JPEG_IRQHandler
                0x08002038       0x14 ./Core/Src/stm32h7xx_it.o
                0x08002038                JPEG_IRQHandler
 .text.MDMA_IRQHandler
                0x0800204c       0x1c ./Core/Src/stm32h7xx_it.o
                0x0800204c                MDMA_IRQHandler
 .text._getpid  0x08002068       0x10 ./Core/Src/syscalls.o
                0x08002068                _getpid
 .text._kill    0x08002078       0x20 ./Core/Src/syscalls.o
                0x08002078                _kill
 .text._exit    0x08002098       0x16 ./Core/Src/syscalls.o
                0x08002098                _exit
 .text._read    0x080020ae       0x3a ./Core/Src/syscalls.o
                0x080020ae                _read
 .text._write   0x080020e8       0x38 ./Core/Src/syscalls.o
                0x080020e8                _write
 .text._close   0x08002120       0x18 ./Core/Src/syscalls.o
                0x08002120                _close
 .text._fstat   0x08002138       0x20 ./Core/Src/syscalls.o
                0x08002138                _fstat
 .text._isatty  0x08002158       0x16 ./Core/Src/syscalls.o
                0x08002158                _isatty
 .text._lseek   0x0800216e       0x1a ./Core/Src/syscalls.o
                0x0800216e                _lseek
 .text._sbrk    0x08002188       0x6c ./Core/Src/sysmem.o
                0x08002188                _sbrk
 .text.SystemInit
                0x080021f4      0x140 ./Core/Src/system_stm32h7xx.o
                0x080021f4                SystemInit
 .text.ExitRun0Mode
                0x08002334       0x30 ./Core/Src/system_stm32h7xx.o
                0x08002334                ExitRun0Mode
 .text.Reset_Handler
                0x08002364       0x54 ./Core/Startup/startup_stm32h743vgtx.o
                0x08002364                Reset_Handler
 .text.Default_Handler
                0x080023b8        0x2 ./Core/Startup/startup_stm32h743vgtx.o
                0x080023b8                RTC_Alarm_IRQHandler
                0x080023b8                EXTI2_IRQHandler
                0x080023b8                TIM8_CC_IRQHandler
                0x080023b8                HRTIM1_Master_IRQHandler
                0x080023b8                UART8_IRQHandler
                0x080023b8                SPI4_IRQHandler
                0x080023b8                TIM1_CC_IRQHandler
                0x080023b8                BDMA_Channel6_IRQHandler
                0x080023b8                DMA2_Stream5_IRQHandler
                0x080023b8                HRTIM1_FLT_IRQHandler
                0x080023b8                DMA1_Stream5_IRQHandler
                0x080023b8                BDMA_Channel1_IRQHandler
                0x080023b8                HRTIM1_TIMD_IRQHandler
                0x080023b8                TAMP_STAMP_IRQHandler
                0x080023b8                EXTI3_IRQHandler
                0x080023b8                LPTIM4_IRQHandler
                0x080023b8                LPTIM2_IRQHandler
                0x080023b8                DFSDM1_FLT1_IRQHandler
                0x080023b8                DMAMUX2_OVR_IRQHandler
                0x080023b8                TIM8_UP_TIM13_IRQHandler
                0x080023b8                I2C3_ER_IRQHandler
                0x080023b8                DFSDM1_FLT2_IRQHandler
                0x080023b8                LPTIM3_IRQHandler
                0x080023b8                HSEM1_IRQHandler
                0x080023b8                EXTI0_IRQHandler
                0x080023b8                DMA1_Stream2_IRQHandler
                0x080023b8                FPU_IRQHandler
                0x080023b8                OTG_HS_WKUP_IRQHandler
                0x080023b8                FDCAN1_IT1_IRQHandler
                0x080023b8                LTDC_ER_IRQHandler
                0x080023b8                DMA2_Stream2_IRQHandler
                0x080023b8                HRTIM1_TIME_IRQHandler
                0x080023b8                SPI1_IRQHandler
                0x080023b8                TIM6_DAC_IRQHandler
                0x080023b8                HRTIM1_TIMC_IRQHandler
                0x080023b8                DMA2_Stream3_IRQHandler
                0x080023b8                SAI2_IRQHandler
                0x080023b8                DFSDM1_FLT3_IRQHandler
                0x080023b8                USART6_IRQHandler
                0x080023b8                TIM17_IRQHandler
                0x080023b8                USART3_IRQHandler
                0x080023b8                BDMA_Channel7_IRQHandler
                0x080023b8                LPTIM5_IRQHandler
                0x080023b8                UART5_IRQHandler
                0x080023b8                ADC3_IRQHandler
                0x080023b8                TIM4_IRQHandler
                0x080023b8                BDMA_Channel2_IRQHandler
                0x080023b8                QUADSPI_IRQHandler
                0x080023b8                I2C1_EV_IRQHandler
                0x080023b8                DMA1_Stream6_IRQHandler
                0x080023b8                DMAMUX1_OVR_IRQHandler
                0x080023b8                DMA1_Stream1_IRQHandler
                0x080023b8                TIM16_IRQHandler
                0x080023b8                UART4_IRQHandler
                0x080023b8                BDMA_Channel5_IRQHandler
                0x080023b8                TIM3_IRQHandler
                0x080023b8                RCC_IRQHandler
                0x080023b8                TIM8_BRK_TIM12_IRQHandler
                0x080023b8                TIM1_TRG_COM_IRQHandler
                0x080023b8                Default_Handler
                0x080023b8                ECC_IRQHandler
                0x080023b8                CEC_IRQHandler
                0x080023b8                EXTI15_10_IRQHandler
                0x080023b8                BDMA_Channel0_IRQHandler
                0x080023b8                ADC_IRQHandler
                0x080023b8                DMA1_Stream7_IRQHandler
                0x080023b8                HRTIM1_TIMA_IRQHandler
                0x080023b8                SPI5_IRQHandler
                0x080023b8                TIM7_IRQHandler
                0x080023b8                SDMMC1_IRQHandler
                0x080023b8                DMA2_Stream7_IRQHandler
                0x080023b8                TIM15_IRQHandler
                0x080023b8                PVD_AVD_IRQHandler
                0x080023b8                I2C3_EV_IRQHandler
                0x080023b8                EXTI9_5_IRQHandler
                0x080023b8                RTC_WKUP_IRQHandler
                0x080023b8                LTDC_IRQHandler
                0x080023b8                SAI3_IRQHandler
                0x080023b8                ETH_WKUP_IRQHandler
                0x080023b8                SPDIF_RX_IRQHandler
                0x080023b8                SPI2_IRQHandler
                0x080023b8                OTG_HS_EP1_IN_IRQHandler
                0x080023b8                CRS_IRQHandler
                0x080023b8                EXTI4_IRQHandler
                0x080023b8                RNG_IRQHandler
                0x080023b8                HRTIM1_TIMB_IRQHandler
                0x080023b8                FDCAN2_IT1_IRQHandler
                0x080023b8                ETH_IRQHandler
                0x080023b8                TIM1_UP_IRQHandler
                0x080023b8                BDMA_Channel4_IRQHandler
                0x080023b8                OTG_HS_EP1_OUT_IRQHandler
                0x080023b8                WWDG_IRQHandler
                0x080023b8                SPI6_IRQHandler
                0x080023b8                MDIOS_IRQHandler
                0x080023b8                I2C4_EV_IRQHandler
                0x080023b8                FDCAN2_IT0_IRQHandler
                0x080023b8                LPUART1_IRQHandler
                0x080023b8                FDCAN1_IT0_IRQHandler
                0x080023b8                TIM2_IRQHandler
                0x080023b8                OTG_FS_WKUP_IRQHandler
                0x080023b8                OTG_HS_IRQHandler
                0x080023b8                DMA2D_IRQHandler
                0x080023b8                TIM1_BRK_IRQHandler
                0x080023b8                EXTI1_IRQHandler
                0x080023b8                SDMMC2_IRQHandler
                0x080023b8                OTG_FS_EP1_OUT_IRQHandler
                0x080023b8                BDMA_Channel3_IRQHandler
                0x080023b8                UART7_IRQHandler
                0x080023b8                MDIOS_WKUP_IRQHandler
                0x080023b8                USART2_IRQHandler
                0x080023b8                DFSDM1_FLT0_IRQHandler
                0x080023b8                SAI4_IRQHandler
                0x080023b8                DMA2_Stream1_IRQHandler
                0x080023b8                FLASH_IRQHandler
                0x080023b8                DMA2_Stream4_IRQHandler
                0x080023b8                SPI3_IRQHandler
                0x080023b8                WAKEUP_PIN_IRQHandler
                0x080023b8                DMA1_Stream4_IRQHandler
                0x080023b8                OTG_FS_EP1_IN_IRQHandler
                0x080023b8                I2C1_ER_IRQHandler
                0x080023b8                FMC_IRQHandler
                0x080023b8                FDCAN_CAL_IRQHandler
                0x080023b8                SWPMI1_IRQHandler
                0x080023b8                COMP1_IRQHandler
                0x080023b8                LPTIM1_IRQHandler
                0x080023b8                I2C4_ER_IRQHandler
                0x080023b8                DMA2_Stream6_IRQHandler
                0x080023b8                SAI1_IRQHandler
                0x080023b8                DMA1_Stream3_IRQHandler
 .text.INA229_ReadRegister
                0x080023ba       0xb6 ./Drivers/INA229_Driver/Src/INA229.o
                0x080023ba                INA229_ReadRegister
 .text.INA229_Init
                0x08002470       0x20 ./Drivers/INA229_Driver/Src/INA229.o
                0x08002470                INA229_Init
 .text.HAL_Init
                0x08002490       0x78 ./Drivers/STM32H7xx_HAL_Driver/Src/stm32h7xx_hal.o
                0x08002490                HAL_Init
 .text.HAL_InitTick
                0x08002508       0x6c ./Drivers/STM32H7xx_HAL_Driver/Src/stm32h7xx_hal.o
                0x08002508                HAL_InitTick
 .text.HAL_IncTick
                0x08002574       0x28 ./Drivers/STM32H7xx_HAL_Driver/Src/stm32h7xx_hal.o
                0x08002574                HAL_IncTick
 .text.HAL_GetTick
                0x0800259c       0x18 ./Drivers/STM32H7xx_HAL_Driver/Src/stm32h7xx_hal.o
                0x0800259c                HAL_GetTick
 .text.HAL_Delay
                0x080025b4       0x48 ./Drivers/STM32H7xx_HAL_Driver/Src/stm32h7xx_hal.o
                0x080025b4                HAL_Delay
 .text.HAL_GetREVID
                0x080025fc       0x18 ./Drivers/STM32H7xx_HAL_Driver/Src/stm32h7xx_hal.o
                0x080025fc                HAL_GetREVID
 .text.__NVIC_SetPriorityGrouping
                0x08002614       0x48 ./Drivers/STM32H7xx_HAL_Driver/Src/stm32h7xx_hal_cortex.o
 .text.__NVIC_GetPriorityGrouping
                0x0800265c       0x1c ./Drivers/STM32H7xx_HAL_Driver/Src/stm32h7xx_hal_cortex.o
 .text.__NVIC_EnableIRQ
                0x08002678       0x3c ./Drivers/STM32H7xx_HAL_Driver/Src/stm32h7xx_hal_cortex.o
 .text.__NVIC_SetPriority
                0x080026b4       0x54 ./Drivers/STM32H7xx_HAL_Driver/Src/stm32h7xx_hal_cortex.o
 .text.NVIC_EncodePriority
                0x08002708       0x66 ./Drivers/STM32H7xx_HAL_Driver/Src/stm32h7xx_hal_cortex.o
 *fill*         0x0800276e        0x2 
 .text.SysTick_Config
                0x08002770       0x44 ./Drivers/STM32H7xx_HAL_Driver/Src/stm32h7xx_hal_cortex.o
 .text.HAL_NVIC_SetPriorityGrouping
                0x080027b4       0x16 ./Drivers/STM32H7xx_HAL_Driver/Src/stm32h7xx_hal_cortex.o
                0x080027b4                HAL_NVIC_SetPriorityGrouping
 .text.HAL_NVIC_SetPriority
                0x080027ca       0x34 ./Drivers/STM32H7xx_HAL_Driver/Src/stm32h7xx_hal_cortex.o
                0x080027ca                HAL_NVIC_SetPriority
 .text.HAL_NVIC_EnableIRQ
                0x080027fe       0x1c ./Drivers/STM32H7xx_HAL_Driver/Src/stm32h7xx_hal_cortex.o
                0x080027fe                HAL_NVIC_EnableIRQ
 .text.HAL_SYSTICK_Config
                0x0800281a       0x18 ./Drivers/STM32H7xx_HAL_Driver/Src/stm32h7xx_hal_cortex.o
                0x0800281a                HAL_SYSTICK_Config
 *fill*         0x08002832        0x2 
 .text.HAL_MPU_Disable
                0x08002834       0x30 ./Drivers/STM32H7xx_HAL_Driver/Src/stm32h7xx_hal_cortex.o
                0x08002834                HAL_MPU_Disable
 .text.HAL_MPU_Enable
                0x08002864       0x40 ./Drivers/STM32H7xx_HAL_Driver/Src/stm32h7xx_hal_cortex.o
                0x08002864                HAL_MPU_Enable
 .text.HAL_MPU_ConfigRegion
                0x080028a4       0x80 ./Drivers/STM32H7xx_HAL_Driver/Src/stm32h7xx_hal_cortex.o
                0x080028a4                HAL_MPU_ConfigRegion
 .text.HAL_DCMI_Init
                0x08002924       0xf4 ./Drivers/STM32H7xx_HAL_Driver/Src/stm32h7xx_hal_dcmi.o
                0x08002924                HAL_DCMI_Init
 .text.HAL_DCMI_Stop
                0x08002a18       0xc0 ./Drivers/STM32H7xx_HAL_Driver/Src/stm32h7xx_hal_dcmi.o
                0x08002a18                HAL_DCMI_Stop
 .text.HAL_DCMI_IRQHandler
                0x08002ad8      0x104 ./Drivers/STM32H7xx_HAL_Driver/Src/stm32h7xx_hal_dcmi.o
                0x08002ad8                HAL_DCMI_IRQHandler
 .text.HAL_DCMI_ErrorCallback
                0x08002bdc       0x14 ./Drivers/STM32H7xx_HAL_Driver/Src/stm32h7xx_hal_dcmi.o
                0x08002bdc                HAL_DCMI_ErrorCallback
 .text.HAL_DCMI_LineEventCallback
                0x08002bf0       0x14 ./Drivers/STM32H7xx_HAL_Driver/Src/stm32h7xx_hal_dcmi.o
                0x08002bf0                HAL_DCMI_LineEventCallback
 .text.HAL_DCMI_FrameEventCallback
                0x08002c04       0x14 ./Drivers/STM32H7xx_HAL_Driver/Src/stm32h7xx_hal_dcmi.o
                0x08002c04                HAL_DCMI_FrameEventCallback
 .text.DCMI_DMAError
                0x08002c18       0x3a ./Drivers/STM32H7xx_HAL_Driver/Src/stm32h7xx_hal_dcmi.o
 *fill*         0x08002c52        0x2 
 .text.HAL_DMA_Init
                0x08002c54      0x6b8 ./Drivers/STM32H7xx_HAL_Driver/Src/stm32h7xx_hal_dma.o
                0x08002c54                HAL_DMA_Init
 .text.HAL_DMA_Abort
                0x0800330c      0x63c ./Drivers/STM32H7xx_HAL_Driver/Src/stm32h7xx_hal_dma.o
                0x0800330c                HAL_DMA_Abort
 .text.HAL_DMA_Abort_IT
                0x08003948      0x48c ./Drivers/STM32H7xx_HAL_Driver/Src/stm32h7xx_hal_dma.o
                0x08003948                HAL_DMA_Abort_IT
 .text.HAL_DMA_IRQHandler
                0x08003dd4      0xe54 ./Drivers/STM32H7xx_HAL_Driver/Src/stm32h7xx_hal_dma.o
                0x08003dd4                HAL_DMA_IRQHandler
 .text.HAL_DMA_GetState
                0x08004c28       0x1c ./Drivers/STM32H7xx_HAL_Driver/Src/stm32h7xx_hal_dma.o
                0x08004c28                HAL_DMA_GetState
 .text.DMA_CalcBaseAndBitshift
                0x08004c44      0x164 ./Drivers/STM32H7xx_HAL_Driver/Src/stm32h7xx_hal_dma.o
 .text.DMA_CheckFifoParam
                0x08004da8       0xf8 ./Drivers/STM32H7xx_HAL_Driver/Src/stm32h7xx_hal_dma.o
 .text.DMA_CalcDMAMUXChannelBaseAndMask
                0x08004ea0      0x134 ./Drivers/STM32H7xx_HAL_Driver/Src/stm32h7xx_hal_dma.o
 .text.DMA_CalcDMAMUXRequestGenBaseAndMask
                0x08004fd4       0xe8 ./Drivers/STM32H7xx_HAL_Driver/Src/stm32h7xx_hal_dma.o
 .text.HAL_GPIO_Init
                0x080050bc      0x360 ./Drivers/STM32H7xx_HAL_Driver/Src/stm32h7xx_hal_gpio.o
                0x080050bc                HAL_GPIO_Init
 .text.HAL_GPIO_WritePin
                0x0800541c       0x32 ./Drivers/STM32H7xx_HAL_Driver/Src/stm32h7xx_hal_gpio.o
                0x0800541c                HAL_GPIO_WritePin
 *fill*         0x0800544e        0x2 
 .text.HAL_I2C_Init
                0x08005450      0x138 ./Drivers/STM32H7xx_HAL_Driver/Src/stm32h7xx_hal_i2c.o
                0x08005450                HAL_I2C_Init
 .text.HAL_I2C_EV_IRQHandler
                0x08005588       0x34 ./Drivers/STM32H7xx_HAL_Driver/Src/stm32h7xx_hal_i2c.o
                0x08005588                HAL_I2C_EV_IRQHandler
 .text.HAL_I2C_ER_IRQHandler
                0x080055bc       0xc2 ./Drivers/STM32H7xx_HAL_Driver/Src/stm32h7xx_hal_i2c.o
                0x080055bc                HAL_I2C_ER_IRQHandler
 .text.HAL_I2C_SlaveTxCpltCallback
                0x0800567e       0x14 ./Drivers/STM32H7xx_HAL_Driver/Src/stm32h7xx_hal_i2c.o
                0x0800567e                HAL_I2C_SlaveTxCpltCallback
 .text.HAL_I2C_SlaveRxCpltCallback
                0x08005692       0x14 ./Drivers/STM32H7xx_HAL_Driver/Src/stm32h7xx_hal_i2c.o
                0x08005692                HAL_I2C_SlaveRxCpltCallback
 .text.HAL_I2C_AddrCallback
                0x080056a6       0x1c ./Drivers/STM32H7xx_HAL_Driver/Src/stm32h7xx_hal_i2c.o
                0x080056a6                HAL_I2C_AddrCallback
 .text.HAL_I2C_ListenCpltCallback
                0x080056c2       0x14 ./Drivers/STM32H7xx_HAL_Driver/Src/stm32h7xx_hal_i2c.o
                0x080056c2                HAL_I2C_ListenCpltCallback
 .text.HAL_I2C_ErrorCallback
                0x080056d6       0x14 ./Drivers/STM32H7xx_HAL_Driver/Src/stm32h7xx_hal_i2c.o
                0x080056d6                HAL_I2C_ErrorCallback
 .text.HAL_I2C_AbortCpltCallback
                0x080056ea       0x14 ./Drivers/STM32H7xx_HAL_Driver/Src/stm32h7xx_hal_i2c.o
                0x080056ea                HAL_I2C_AbortCpltCallback
 .text.I2C_Slave_ISR_IT
                0x080056fe      0x208 ./Drivers/STM32H7xx_HAL_Driver/Src/stm32h7xx_hal_i2c.o
 .text.I2C_ITAddrCplt
                0x08005906      0x108 ./Drivers/STM32H7xx_HAL_Driver/Src/stm32h7xx_hal_i2c.o
 .text.I2C_ITSlaveSeqCplt
                0x08005a0e       0xbc ./Drivers/STM32H7xx_HAL_Driver/Src/stm32h7xx_hal_i2c.o
 *fill*         0x08005aca        0x2 
 .text.I2C_ITSlaveCplt
                0x08005acc      0x4b4 ./Drivers/STM32H7xx_HAL_Driver/Src/stm32h7xx_hal_i2c.o
 .text.I2C_ITListenCplt
                0x08005f80       0xac ./Drivers/STM32H7xx_HAL_Driver/Src/stm32h7xx_hal_i2c.o
 .text.I2C_ITError
                0x0800602c      0x1e0 ./Drivers/STM32H7xx_HAL_Driver/Src/stm32h7xx_hal_i2c.o
 .text.I2C_TreatErrorCallback
                0x0800620c       0x4e ./Drivers/STM32H7xx_HAL_Driver/Src/stm32h7xx_hal_i2c.o
 .text.I2C_Flush_TXDR
                0x0800625a       0x48 ./Drivers/STM32H7xx_HAL_Driver/Src/stm32h7xx_hal_i2c.o
 .text.I2C_DMAAbort
                0x080062a2       0x3c ./Drivers/STM32H7xx_HAL_Driver/Src/stm32h7xx_hal_i2c.o
 .text.I2C_Disable_IRQ
                0x080062de       0xbc ./Drivers/STM32H7xx_HAL_Driver/Src/stm32h7xx_hal_i2c.o
 .text.HAL_I2CEx_ConfigAnalogFilter
                0x0800639a       0x96 ./Drivers/STM32H7xx_HAL_Driver/Src/stm32h7xx_hal_i2c_ex.o
                0x0800639a                HAL_I2CEx_ConfigAnalogFilter
 .text.HAL_I2CEx_ConfigDigitalFilter
                0x08006430       0x98 ./Drivers/STM32H7xx_HAL_Driver/Src/stm32h7xx_hal_i2c_ex.o
                0x08006430                HAL_I2CEx_ConfigDigitalFilter
 .text.HAL_JPEG_Init
                0x080064c8      0x104 ./Drivers/STM32H7xx_HAL_Driver/Src/stm32h7xx_hal_jpeg.o
                0x080064c8                HAL_JPEG_Init
 .text.HAL_JPEG_GetInfo
                0x080065cc      0x12a ./Drivers/STM32H7xx_HAL_Driver/Src/stm32h7xx_hal_jpeg.o
                0x080065cc                HAL_JPEG_GetInfo
 .text.HAL_JPEG_Pause
                0x080066f6       0xb0 ./Drivers/STM32H7xx_HAL_Driver/Src/stm32h7xx_hal_jpeg.o
                0x080066f6                HAL_JPEG_Pause
 .text.HAL_JPEG_ConfigInputBuffer
                0x080067a6       0x24 ./Drivers/STM32H7xx_HAL_Driver/Src/stm32h7xx_hal_jpeg.o
                0x080067a6                HAL_JPEG_ConfigInputBuffer
 .text.HAL_JPEG_ConfigOutputBuffer
                0x080067ca       0x24 ./Drivers/STM32H7xx_HAL_Driver/Src/stm32h7xx_hal_jpeg.o
                0x080067ca                HAL_JPEG_ConfigOutputBuffer
 .text.HAL_JPEG_InfoReadyCallback
                0x080067ee       0x16 ./Drivers/STM32H7xx_HAL_Driver/Src/stm32h7xx_hal_jpeg.o
                0x080067ee                HAL_JPEG_InfoReadyCallback
 .text.HAL_JPEG_DecodeCpltCallback
                0x08006804       0x14 ./Drivers/STM32H7xx_HAL_Driver/Src/stm32h7xx_hal_jpeg.o
                0x08006804                HAL_JPEG_DecodeCpltCallback
 .text.HAL_JPEG_IRQHandler
                0x08006818       0x4c ./Drivers/STM32H7xx_HAL_Driver/Src/stm32h7xx_hal_jpeg.o
                0x08006818                HAL_JPEG_IRQHandler
 .text.JPEG_Bits_To_SizeCodes
                0x08006864       0xea ./Drivers/STM32H7xx_HAL_Driver/Src/stm32h7xx_hal_jpeg.o
 .text.JPEG_ACHuff_BitsVals_To_SizeCodes
                0x0800694e      0x140 ./Drivers/STM32H7xx_HAL_Driver/Src/stm32h7xx_hal_jpeg.o
 .text.JPEG_DCHuff_BitsVals_To_SizeCodes
                0x08006a8e       0xe6 ./Drivers/STM32H7xx_HAL_Driver/Src/stm32h7xx_hal_jpeg.o
 .text.JPEG_Set_HuffDC_Mem
                0x08006b74      0x104 ./Drivers/STM32H7xx_HAL_Driver/Src/stm32h7xx_hal_jpeg.o
 .text.JPEG_Set_HuffAC_Mem
                0x08006c78      0x208 ./Drivers/STM32H7xx_HAL_Driver/Src/stm32h7xx_hal_jpeg.o
 .text.JPEG_Set_HuffEnc_Mem
                0x08006e80       0xa8 ./Drivers/STM32H7xx_HAL_Driver/Src/stm32h7xx_hal_jpeg.o
 .text.JPEG_Set_Huff_DHTMem
                0x08006f28      0x45c ./Drivers/STM32H7xx_HAL_Driver/Src/stm32h7xx_hal_jpeg.o
 .text.JPEG_Process
                0x08007384      0x184 ./Drivers/STM32H7xx_HAL_Driver/Src/stm32h7xx_hal_jpeg.o
 .text.JPEG_StoreOutputData
                0x08007508      0x20e ./Drivers/STM32H7xx_HAL_Driver/Src/stm32h7xx_hal_jpeg.o
 .text.JPEG_ReadInputData
                0x08007716      0x1cc ./Drivers/STM32H7xx_HAL_Driver/Src/stm32h7xx_hal_jpeg.o
 .text.JPEG_DMA_ContinueProcess
                0x080078e2       0xea ./Drivers/STM32H7xx_HAL_Driver/Src/stm32h7xx_hal_jpeg.o
 .text.JPEG_DMA_EndProcess
                0x080079cc       0xd2 ./Drivers/STM32H7xx_HAL_Driver/Src/stm32h7xx_hal_jpeg.o
 .text.JPEG_DMA_PollResidualData
                0x08007a9e      0x142 ./Drivers/STM32H7xx_HAL_Driver/Src/stm32h7xx_hal_jpeg.o
 .text.JPEG_GetQuality
                0x08007be0       0xbc ./Drivers/STM32H7xx_HAL_Driver/Src/stm32h7xx_hal_jpeg.o
 .text.HAL_MDMA_Init
                0x08007c9c       0x98 ./Drivers/STM32H7xx_HAL_Driver/Src/stm32h7xx_hal_mdma.o
                0x08007c9c                HAL_MDMA_Init
 .text.HAL_MDMA_ConfigPostRequestMask
                0x08007d34       0xa4 ./Drivers/STM32H7xx_HAL_Driver/Src/stm32h7xx_hal_mdma.o
                0x08007d34                HAL_MDMA_ConfigPostRequestMask
 .text.HAL_MDMA_Abort_IT
                0x08007dd8       0x4e ./Drivers/STM32H7xx_HAL_Driver/Src/stm32h7xx_hal_mdma.o
                0x08007dd8                HAL_MDMA_Abort_IT
 *fill*         0x08007e26        0x2 
 .text.HAL_MDMA_IRQHandler
                0x08007e28      0x2a8 ./Drivers/STM32H7xx_HAL_Driver/Src/stm32h7xx_hal_mdma.o
                0x08007e28                HAL_MDMA_IRQHandler
 .text.MDMA_Init
                0x080080d0      0x130 ./Drivers/STM32H7xx_HAL_Driver/Src/stm32h7xx_hal_mdma.o
 .text.HAL_PCD_Init
                0x08008200      0x218 ./Drivers/STM32H7xx_HAL_Driver/Src/stm32h7xx_hal_pcd.o
                0x08008200                HAL_PCD_Init
 .text.HAL_PCD_Start
                0x08008418       0x6a ./Drivers/STM32H7xx_HAL_Driver/Src/stm32h7xx_hal_pcd.o
                0x08008418                HAL_PCD_Start
 .text.HAL_PCD_IRQHandler
                0x08008482      0x99c ./Drivers/STM32H7xx_HAL_Driver/Src/stm32h7xx_hal_pcd.o
                0x08008482                HAL_PCD_IRQHandler
 .text.HAL_PCD_SetAddress
                0x08008e1e       0x48 ./Drivers/STM32H7xx_HAL_Driver/Src/stm32h7xx_hal_pcd.o
                0x08008e1e                HAL_PCD_SetAddress
 .text.HAL_PCD_EP_Open
                0x08008e66       0xd4 ./Drivers/STM32H7xx_HAL_Driver/Src/stm32h7xx_hal_pcd.o
                0x08008e66                HAL_PCD_EP_Open
 .text.HAL_PCD_EP_Close
                0x08008f3a       0x94 ./Drivers/STM32H7xx_HAL_Driver/Src/stm32h7xx_hal_pcd.o
                0x08008f3a                HAL_PCD_EP_Close
 .text.HAL_PCD_EP_Receive
                0x08008fce       0x76 ./Drivers/STM32H7xx_HAL_Driver/Src/stm32h7xx_hal_pcd.o
                0x08008fce                HAL_PCD_EP_Receive
 .text.HAL_PCD_EP_GetRxCount
                0x08009044       0x30 ./Drivers/STM32H7xx_HAL_Driver/Src/stm32h7xx_hal_pcd.o
                0x08009044                HAL_PCD_EP_GetRxCount
 .text.HAL_PCD_EP_Transmit
                0x08009074       0x74 ./Drivers/STM32H7xx_HAL_Driver/Src/stm32h7xx_hal_pcd.o
                0x08009074                HAL_PCD_EP_Transmit
 .text.HAL_PCD_EP_SetStall
                0x080090e8       0xc6 ./Drivers/STM32H7xx_HAL_Driver/Src/stm32h7xx_hal_pcd.o
                0x080090e8                HAL_PCD_EP_SetStall
 .text.HAL_PCD_EP_ClrStall
                0x080091ae       0xac ./Drivers/STM32H7xx_HAL_Driver/Src/stm32h7xx_hal_pcd.o
                0x080091ae                HAL_PCD_EP_ClrStall
 .text.HAL_PCD_EP_Abort
                0x0800925a       0x62 ./Drivers/STM32H7xx_HAL_Driver/Src/stm32h7xx_hal_pcd.o
                0x0800925a                HAL_PCD_EP_Abort
 .text.PCD_WriteEmptyTxFifo
                0x080092bc      0x118 ./Drivers/STM32H7xx_HAL_Driver/Src/stm32h7xx_hal_pcd.o
 .text.PCD_EP_OutXfrComplete_int
                0x080093d4      0x1d0 ./Drivers/STM32H7xx_HAL_Driver/Src/stm32h7xx_hal_pcd.o
 .text.PCD_EP_OutSetupPacket_int
                0x080095a4       0x8c ./Drivers/STM32H7xx_HAL_Driver/Src/stm32h7xx_hal_pcd.o
 .text.HAL_PCDEx_SetTxFiFo
                0x08009630       0x8e ./Drivers/STM32H7xx_HAL_Driver/Src/stm32h7xx_hal_pcd_ex.o
                0x08009630                HAL_PCDEx_SetTxFiFo
 .text.HAL_PCDEx_SetRxFiFo
                0x080096be       0x22 ./Drivers/STM32H7xx_HAL_Driver/Src/stm32h7xx_hal_pcd_ex.o
                0x080096be                HAL_PCDEx_SetRxFiFo
 .text.HAL_PCDEx_ActivateLPM
                0x080096e0       0x48 ./Drivers/STM32H7xx_HAL_Driver/Src/stm32h7xx_hal_pcd_ex.o
                0x080096e0                HAL_PCDEx_ActivateLPM
 .text.HAL_PCDEx_LPM_Callback
                0x08009728       0x18 ./Drivers/STM32H7xx_HAL_Driver/Src/stm32h7xx_hal_pcd_ex.o
                0x08009728                HAL_PCDEx_LPM_Callback
 .text.HAL_PWREx_ConfigSupply
                0x08009740       0x74 ./Drivers/STM32H7xx_HAL_Driver/Src/stm32h7xx_hal_pwr_ex.o
                0x08009740                HAL_PWREx_ConfigSupply
 .text.HAL_PWREx_EnableUSBVoltageDetector
                0x080097b4       0x20 ./Drivers/STM32H7xx_HAL_Driver/Src/stm32h7xx_hal_pwr_ex.o
                0x080097b4                HAL_PWREx_EnableUSBVoltageDetector
 .text.HAL_RCC_OscConfig
                0x080097d4      0x8b4 ./Drivers/STM32H7xx_HAL_Driver/Src/stm32h7xx_hal_rcc.o
                0x080097d4                HAL_RCC_OscConfig
 .text.HAL_RCC_ClockConfig
                0x0800a088      0x36c ./Drivers/STM32H7xx_HAL_Driver/Src/stm32h7xx_hal_rcc.o
                0x0800a088                HAL_RCC_ClockConfig
 .text.HAL_RCC_GetSysClockFreq
                0x0800a3f4      0x2f4 ./Drivers/STM32H7xx_HAL_Driver/Src/stm32h7xx_hal_rcc.o
                0x0800a3f4                HAL_RCC_GetSysClockFreq
 .text.HAL_RCC_GetHCLKFreq
                0x0800a6e8       0x60 ./Drivers/STM32H7xx_HAL_Driver/Src/stm32h7xx_hal_rcc.o
                0x0800a6e8                HAL_RCC_GetHCLKFreq
 .text.HAL_RCC_GetPCLK1Freq
                0x0800a748       0x2c ./Drivers/STM32H7xx_HAL_Driver/Src/stm32h7xx_hal_rcc.o
                0x0800a748                HAL_RCC_GetPCLK1Freq
 .text.HAL_RCC_GetPCLK2Freq
                0x0800a774       0x2c ./Drivers/STM32H7xx_HAL_Driver/Src/stm32h7xx_hal_rcc.o
                0x0800a774                HAL_RCC_GetPCLK2Freq
 .text.HAL_RCCEx_PeriphCLKConfig
                0x0800a7a0     0x1414 ./Drivers/STM32H7xx_HAL_Driver/Src/stm32h7xx_hal_rcc_ex.o
                0x0800a7a0                HAL_RCCEx_PeriphCLKConfig
 .text.HAL_RCCEx_GetD3PCLK1Freq
                0x0800bbb4       0x2c ./Drivers/STM32H7xx_HAL_Driver/Src/stm32h7xx_hal_rcc_ex.o
                0x0800bbb4                HAL_RCCEx_GetD3PCLK1Freq
 .text.HAL_RCCEx_GetPLL2ClockFreq
                0x0800bbe0      0x2a8 ./Drivers/STM32H7xx_HAL_Driver/Src/stm32h7xx_hal_rcc_ex.o
                0x0800bbe0                HAL_RCCEx_GetPLL2ClockFreq
 .text.HAL_RCCEx_GetPLL3ClockFreq
                0x0800be88      0x2a8 ./Drivers/STM32H7xx_HAL_Driver/Src/stm32h7xx_hal_rcc_ex.o
                0x0800be88                HAL_RCCEx_GetPLL3ClockFreq
 .text.RCCEx_PLL2_Config
                0x0800c130      0x164 ./Drivers/STM32H7xx_HAL_Driver/Src/stm32h7xx_hal_rcc_ex.o
 .text.RCCEx_PLL3_Config
                0x0800c294      0x164 ./Drivers/STM32H7xx_HAL_Driver/Src/stm32h7xx_hal_rcc_ex.o
 .text.HAL_SPI_Init
                0x0800c3f8      0x248 ./Drivers/STM32H7xx_HAL_Driver/Src/stm32h7xx_hal_spi.o
                0x0800c3f8                HAL_SPI_Init
 .text.HAL_SPI_Transmit
                0x0800c640      0x3dc ./Drivers/STM32H7xx_HAL_Driver/Src/stm32h7xx_hal_spi.o
                0x0800c640                HAL_SPI_Transmit
 .text.HAL_SPI_Receive
                0x0800ca1c      0x4e4 ./Drivers/STM32H7xx_HAL_Driver/Src/stm32h7xx_hal_spi.o
                0x0800ca1c                HAL_SPI_Receive
 .text.SPI_CloseTransfer
                0x0800cf00      0x140 ./Drivers/STM32H7xx_HAL_Driver/Src/stm32h7xx_hal_spi.o
 .text.SPI_WaitOnFlagUntilTimeout
                0x0800d040       0x5c ./Drivers/STM32H7xx_HAL_Driver/Src/stm32h7xx_hal_spi.o
 .text.SPI_GetPacketSize
                0x0800d09c       0x36 ./Drivers/STM32H7xx_HAL_Driver/Src/stm32h7xx_hal_spi.o
 .text.HAL_TIM_Base_Init
                0x0800d0d2       0xae ./Drivers/STM32H7xx_HAL_Driver/Src/stm32h7xx_hal_tim.o
                0x0800d0d2                HAL_TIM_Base_Init
 .text.HAL_TIM_PWM_Init
                0x0800d180       0xae ./Drivers/STM32H7xx_HAL_Driver/Src/stm32h7xx_hal_tim.o
                0x0800d180                HAL_TIM_PWM_Init
 .text.HAL_TIM_IRQHandler
                0x0800d22e      0x20e ./Drivers/STM32H7xx_HAL_Driver/Src/stm32h7xx_hal_tim.o
                0x0800d22e                HAL_TIM_IRQHandler
 .text.HAL_TIM_PWM_ConfigChannel
                0x0800d43c      0x228 ./Drivers/STM32H7xx_HAL_Driver/Src/stm32h7xx_hal_tim.o
                0x0800d43c                HAL_TIM_PWM_ConfigChannel
 .text.HAL_TIM_ConfigClockSource
                0x0800d664      0x1f0 ./Drivers/STM32H7xx_HAL_Driver/Src/stm32h7xx_hal_tim.o
                0x0800d664                HAL_TIM_ConfigClockSource
 .text.HAL_TIM_PeriodElapsedCallback
                0x0800d854       0x14 ./Drivers/STM32H7xx_HAL_Driver/Src/stm32h7xx_hal_tim.o
                0x0800d854                HAL_TIM_PeriodElapsedCallback
 .text.HAL_TIM_OC_DelayElapsedCallback
                0x0800d868       0x14 ./Drivers/STM32H7xx_HAL_Driver/Src/stm32h7xx_hal_tim.o
                0x0800d868                HAL_TIM_OC_DelayElapsedCallback
 .text.HAL_TIM_IC_CaptureCallback
                0x0800d87c       0x14 ./Drivers/STM32H7xx_HAL_Driver/Src/stm32h7xx_hal_tim.o
                0x0800d87c                HAL_TIM_IC_CaptureCallback
 .text.HAL_TIM_PWM_PulseFinishedCallback
                0x0800d890       0x14 ./Drivers/STM32H7xx_HAL_Driver/Src/stm32h7xx_hal_tim.o
                0x0800d890                HAL_TIM_PWM_PulseFinishedCallback
 .text.HAL_TIM_TriggerCallback
                0x0800d8a4       0x14 ./Drivers/STM32H7xx_HAL_Driver/Src/stm32h7xx_hal_tim.o
                0x0800d8a4                HAL_TIM_TriggerCallback
 .text.TIM_Base_SetConfig
                0x0800d8b8      0x140 ./Drivers/STM32H7xx_HAL_Driver/Src/stm32h7xx_hal_tim.o
                0x0800d8b8                TIM_Base_SetConfig
 .text.TIM_OC1_SetConfig
                0x0800d9f8      0x120 ./Drivers/STM32H7xx_HAL_Driver/Src/stm32h7xx_hal_tim.o
 .text.TIM_OC2_SetConfig
                0x0800db18      0x114 ./Drivers/STM32H7xx_HAL_Driver/Src/stm32h7xx_hal_tim.o
                0x0800db18                TIM_OC2_SetConfig
 .text.TIM_OC3_SetConfig
                0x0800dc2c      0x110 ./Drivers/STM32H7xx_HAL_Driver/Src/stm32h7xx_hal_tim.o
 .text.TIM_OC4_SetConfig
                0x0800dd3c       0xd4 ./Drivers/STM32H7xx_HAL_Driver/Src/stm32h7xx_hal_tim.o
 .text.TIM_OC5_SetConfig
                0x0800de10       0xc8 ./Drivers/STM32H7xx_HAL_Driver/Src/stm32h7xx_hal_tim.o
 .text.TIM_OC6_SetConfig
                0x0800ded8       0xcc ./Drivers/STM32H7xx_HAL_Driver/Src/stm32h7xx_hal_tim.o
 .text.TIM_TI1_ConfigInputStage
                0x0800dfa4       0x5e ./Drivers/STM32H7xx_HAL_Driver/Src/stm32h7xx_hal_tim.o
 .text.TIM_TI2_ConfigInputStage
                0x0800e002       0x60 ./Drivers/STM32H7xx_HAL_Driver/Src/stm32h7xx_hal_tim.o
 *fill*         0x0800e062        0x2 
 .text.TIM_ITRx_SetConfig
                0x0800e064       0x3c ./Drivers/STM32H7xx_HAL_Driver/Src/stm32h7xx_hal_tim.o
 .text.TIM_ETR_SetConfig
                0x0800e0a0       0x40 ./Drivers/STM32H7xx_HAL_Driver/Src/stm32h7xx_hal_tim.o
                0x0800e0a0                TIM_ETR_SetConfig
 .text.HAL_TIMEx_MasterConfigSynchronization
                0x0800e0e0      0x11c ./Drivers/STM32H7xx_HAL_Driver/Src/stm32h7xx_hal_tim_ex.o
                0x0800e0e0                HAL_TIMEx_MasterConfigSynchronization
 .text.HAL_TIMEx_ConfigBreakDeadTime
                0x0800e1fc       0xfc ./Drivers/STM32H7xx_HAL_Driver/Src/stm32h7xx_hal_tim_ex.o
                0x0800e1fc                HAL_TIMEx_ConfigBreakDeadTime
 .text.HAL_TIMEx_CommutCallback
                0x0800e2f8       0x14 ./Drivers/STM32H7xx_HAL_Driver/Src/stm32h7xx_hal_tim_ex.o
                0x0800e2f8                HAL_TIMEx_CommutCallback
 .text.HAL_TIMEx_BreakCallback
                0x0800e30c       0x14 ./Drivers/STM32H7xx_HAL_Driver/Src/stm32h7xx_hal_tim_ex.o
                0x0800e30c                HAL_TIMEx_BreakCallback
 .text.HAL_TIMEx_Break2Callback
                0x0800e320       0x14 ./Drivers/STM32H7xx_HAL_Driver/Src/stm32h7xx_hal_tim_ex.o
                0x0800e320                HAL_TIMEx_Break2Callback
 .text.HAL_UART_Init
                0x0800e334       0xa0 ./Drivers/STM32H7xx_HAL_Driver/Src/stm32h7xx_hal_uart.o
                0x0800e334                HAL_UART_Init
 .text.HAL_UART_Transmit
                0x0800e3d4      0x11c ./Drivers/STM32H7xx_HAL_Driver/Src/stm32h7xx_hal_uart.o
                0x0800e3d4                HAL_UART_Transmit
 .text.HAL_UART_IRQHandler
                0x0800e4f0      0x7ac ./Drivers/STM32H7xx_HAL_Driver/Src/stm32h7xx_hal_uart.o
                0x0800e4f0                HAL_UART_IRQHandler
 .text.HAL_UART_TxCpltCallback
                0x0800ec9c       0x14 ./Drivers/STM32H7xx_HAL_Driver/Src/stm32h7xx_hal_uart.o
                0x0800ec9c                HAL_UART_TxCpltCallback
 .text.HAL_UART_ErrorCallback
                0x0800ecb0       0x14 ./Drivers/STM32H7xx_HAL_Driver/Src/stm32h7xx_hal_uart.o
                0x0800ecb0                HAL_UART_ErrorCallback
 .text.HAL_UARTEx_RxEventCallback
                0x0800ecc4       0x18 ./Drivers/STM32H7xx_HAL_Driver/Src/stm32h7xx_hal_uart.o
                0x0800ecc4                HAL_UARTEx_RxEventCallback
 .text.UART_SetConfig
                0x0800ecdc      0xad0 ./Drivers/STM32H7xx_HAL_Driver/Src/stm32h7xx_hal_uart.o
                0x0800ecdc                UART_SetConfig
 .text.UART_AdvFeatureConfig
                0x0800f7ac      0x144 ./Drivers/STM32H7xx_HAL_Driver/Src/stm32h7xx_hal_uart.o
                0x0800f7ac                UART_AdvFeatureConfig
 .text.UART_CheckIdleState
                0x0800f8f0      0x154 ./Drivers/STM32H7xx_HAL_Driver/Src/stm32h7xx_hal_uart.o
                0x0800f8f0                UART_CheckIdleState
 .text.UART_WaitOnFlagUntilTimeout
                0x0800fa44       0xda ./Drivers/STM32H7xx_HAL_Driver/Src/stm32h7xx_hal_uart.o
                0x0800fa44                UART_WaitOnFlagUntilTimeout
 *fill*         0x0800fb1e        0x2 
 .text.UART_EndRxTransfer
                0x0800fb20       0xcc ./Drivers/STM32H7xx_HAL_Driver/Src/stm32h7xx_hal_uart.o
 .text.UART_DMAAbortOnError
                0x0800fbec       0x24 ./Drivers/STM32H7xx_HAL_Driver/Src/stm32h7xx_hal_uart.o
 .text.UART_EndTransmit_IT
                0x0800fc10       0x56 ./Drivers/STM32H7xx_HAL_Driver/Src/stm32h7xx_hal_uart.o
 .text.HAL_UARTEx_WakeupCallback
                0x0800fc66       0x14 ./Drivers/STM32H7xx_HAL_Driver/Src/stm32h7xx_hal_uart_ex.o
                0x0800fc66                HAL_UARTEx_WakeupCallback
 .text.HAL_UARTEx_RxFifoFullCallback
                0x0800fc7a       0x14 ./Drivers/STM32H7xx_HAL_Driver/Src/stm32h7xx_hal_uart_ex.o
                0x0800fc7a                HAL_UARTEx_RxFifoFullCallback
 .text.HAL_UARTEx_TxFifoEmptyCallback
                0x0800fc8e       0x14 ./Drivers/STM32H7xx_HAL_Driver/Src/stm32h7xx_hal_uart_ex.o
                0x0800fc8e                HAL_UARTEx_TxFifoEmptyCallback
 .text.HAL_UARTEx_EnableFifoMode
                0x0800fca2       0x76 ./Drivers/STM32H7xx_HAL_Driver/Src/stm32h7xx_hal_uart_ex.o
                0x0800fca2                HAL_UARTEx_EnableFifoMode
 .text.HAL_UARTEx_SetTxFifoThreshold
                0x0800fd18       0x7c ./Drivers/STM32H7xx_HAL_Driver/Src/stm32h7xx_hal_uart_ex.o
                0x0800fd18                HAL_UARTEx_SetTxFifoThreshold
 .text.HAL_UARTEx_SetRxFifoThreshold
                0x0800fd94       0x7c ./Drivers/STM32H7xx_HAL_Driver/Src/stm32h7xx_hal_uart_ex.o
                0x0800fd94                HAL_UARTEx_SetRxFifoThreshold
 .text.UARTEx_SetNbDataToProcess
                0x0800fe10       0x9c ./Drivers/STM32H7xx_HAL_Driver/Src/stm32h7xx_hal_uart_ex.o
 .text.USB_CoreInit
                0x0800feac       0xe4 ./Drivers/STM32H7xx_HAL_Driver/Src/stm32h7xx_ll_usb.o
                0x0800feac                USB_CoreInit
 .text.USB_SetTurnaroundTime
                0x0800ff90      0x144 ./Drivers/STM32H7xx_HAL_Driver/Src/stm32h7xx_ll_usb.o
                0x0800ff90                USB_SetTurnaroundTime
 .text.USB_EnableGlobalInt
                0x080100d4       0x22 ./Drivers/STM32H7xx_HAL_Driver/Src/stm32h7xx_ll_usb.o
                0x080100d4                USB_EnableGlobalInt
 .text.USB_DisableGlobalInt
                0x080100f6       0x22 ./Drivers/STM32H7xx_HAL_Driver/Src/stm32h7xx_ll_usb.o
                0x080100f6                USB_DisableGlobalInt
 .text.USB_SetCurrentMode
                0x08010118       0x98 ./Drivers/STM32H7xx_HAL_Driver/Src/stm32h7xx_ll_usb.o
                0x08010118                USB_SetCurrentMode
 .text.USB_DevInit
                0x080101b0      0x2bc ./Drivers/STM32H7xx_HAL_Driver/Src/stm32h7xx_ll_usb.o
                0x080101b0                USB_DevInit
 .text.USB_FlushTxFifo
                0x0801046c       0x64 ./Drivers/STM32H7xx_HAL_Driver/Src/stm32h7xx_ll_usb.o
                0x0801046c                USB_FlushTxFifo
 .text.USB_FlushRxFifo
                0x080104d0       0x5c ./Drivers/STM32H7xx_HAL_Driver/Src/stm32h7xx_ll_usb.o
                0x080104d0                USB_FlushRxFifo
 .text.USB_SetDevSpeed
                0x0801052c       0x32 ./Drivers/STM32H7xx_HAL_Driver/Src/stm32h7xx_ll_usb.o
                0x0801052c                USB_SetDevSpeed
 .text.USB_GetDevSpeed
                0x0801055e       0x4a ./Drivers/STM32H7xx_HAL_Driver/Src/stm32h7xx_ll_usb.o
                0x0801055e                USB_GetDevSpeed
 .text.USB_ActivateEndpoint
                0x080105a8      0x110 ./Drivers/STM32H7xx_HAL_Driver/Src/stm32h7xx_ll_usb.o
                0x080105a8                USB_ActivateEndpoint
 .text.USB_DeactivateEndpoint
                0x080106b8      0x1b8 ./Drivers/STM32H7xx_HAL_Driver/Src/stm32h7xx_ll_usb.o
                0x080106b8                USB_DeactivateEndpoint
 .text.USB_EPStartXfer
                0x08010870      0x548 ./Drivers/STM32H7xx_HAL_Driver/Src/stm32h7xx_ll_usb.o
                0x08010870                USB_EPStartXfer
 .text.USB_EPStopXfer
                0x08010db8      0x154 ./Drivers/STM32H7xx_HAL_Driver/Src/stm32h7xx_ll_usb.o
                0x08010db8                USB_EPStopXfer
 .text.USB_WritePacket
                0x08010f0c       0x7c ./Drivers/STM32H7xx_HAL_Driver/Src/stm32h7xx_ll_usb.o
                0x08010f0c                USB_WritePacket
 .text.USB_ReadPacket
                0x08010f88       0xb0 ./Drivers/STM32H7xx_HAL_Driver/Src/stm32h7xx_ll_usb.o
                0x08010f88                USB_ReadPacket
 .text.USB_EPSetStall
                0x08011038       0xdc ./Drivers/STM32H7xx_HAL_Driver/Src/stm32h7xx_ll_usb.o
                0x08011038                USB_EPSetStall
 .text.USB_EPClearStall
                0x08011114       0xcc ./Drivers/STM32H7xx_HAL_Driver/Src/stm32h7xx_ll_usb.o
                0x08011114                USB_EPClearStall
 .text.USB_SetDevAddress
                0x080111e0       0x4c ./Drivers/STM32H7xx_HAL_Driver/Src/stm32h7xx_ll_usb.o
                0x080111e0                USB_SetDevAddress
 .text.USB_DevConnect
                0x0801122c       0x42 ./Drivers/STM32H7xx_HAL_Driver/Src/stm32h7xx_ll_usb.o
                0x0801122c                USB_DevConnect
 .text.USB_DevDisconnect
                0x0801126e       0x42 ./Drivers/STM32H7xx_HAL_Driver/Src/stm32h7xx_ll_usb.o
                0x0801126e                USB_DevDisconnect
 .text.USB_ReadInterrupts
                0x080112b0       0x26 ./Drivers/STM32H7xx_HAL_Driver/Src/stm32h7xx_ll_usb.o
                0x080112b0                USB_ReadInterrupts
 .text.USB_ReadDevAllOutEpInterrupt
                0x080112d6       0x34 ./Drivers/STM32H7xx_HAL_Driver/Src/stm32h7xx_ll_usb.o
                0x080112d6                USB_ReadDevAllOutEpInterrupt
 .text.USB_ReadDevAllInEpInterrupt
                0x0801130a       0x34 ./Drivers/STM32H7xx_HAL_Driver/Src/stm32h7xx_ll_usb.o
                0x0801130a                USB_ReadDevAllInEpInterrupt
 .text.USB_ReadDevOutEPInterrupt
                0x0801133e       0x3c ./Drivers/STM32H7xx_HAL_Driver/Src/stm32h7xx_ll_usb.o
                0x0801133e                USB_ReadDevOutEPInterrupt
 .text.USB_ReadDevInEPInterrupt
                0x0801137a       0x5c ./Drivers/STM32H7xx_HAL_Driver/Src/stm32h7xx_ll_usb.o
                0x0801137a                USB_ReadDevInEPInterrupt
 .text.USB_GetMode
                0x080113d6       0x1c ./Drivers/STM32H7xx_HAL_Driver/Src/stm32h7xx_ll_usb.o
                0x080113d6                USB_GetMode
 *fill*         0x080113f2        0x2 
 .text.USB_ActivateSetup
                0x080113f4       0x48 ./Drivers/STM32H7xx_HAL_Driver/Src/stm32h7xx_ll_usb.o
                0x080113f4                USB_ActivateSetup
 .text.USB_EP0_OutStart
                0x0801143c       0xbc ./Drivers/STM32H7xx_HAL_Driver/Src/stm32h7xx_ll_usb.o
                0x0801143c                USB_EP0_OutStart
 .text.USB_CoreReset
                0x080114f8       0x62 ./Drivers/STM32H7xx_HAL_Driver/Src/stm32h7xx_ll_usb.o
 *fill*         0x0801155a        0x2 
 .text.USBD_CDC_Init
                0x0801155c      0x1f0 ./Middlewares/ST/STM32_USB_Device_Library/Class/CDC/Src/usbd_cdc.o
 .text.USBD_CDC_DeInit
                0x0801174c      0x104 ./Middlewares/ST/STM32_USB_Device_Library/Class/CDC/Src/usbd_cdc.o
 .text.USBD_CDC_Setup
                0x08011850      0x1b8 ./Middlewares/ST/STM32_USB_Device_Library/Class/CDC/Src/usbd_cdc.o
 .text.USBD_CDC_DataIn
                0x08011a08       0xfe ./Middlewares/ST/STM32_USB_Device_Library/Class/CDC/Src/usbd_cdc.o
 .text.USBD_CDC_DataOut
                0x08011b06       0x70 ./Middlewares/ST/STM32_USB_Device_Library/Class/CDC/Src/usbd_cdc.o
 .text.USBD_CDC_EP0_RxReady
                0x08011b76       0x74 ./Middlewares/ST/STM32_USB_Device_Library/Class/CDC/Src/usbd_cdc.o
 *fill*         0x08011bea        0x2 
 .text.USBD_CDC_GetFSCfgDesc
                0x08011bec       0x70 ./Middlewares/ST/STM32_USB_Device_Library/Class/CDC/Src/usbd_cdc.o
 .text.USBD_CDC_GetHSCfgDesc
                0x08011c5c       0x70 ./Middlewares/ST/STM32_USB_Device_Library/Class/CDC/Src/usbd_cdc.o
 .text.USBD_CDC_GetOtherSpeedCfgDesc
                0x08011ccc       0x70 ./Middlewares/ST/STM32_USB_Device_Library/Class/CDC/Src/usbd_cdc.o
 .text.USBD_CDC_GetDeviceQualifierDescriptor
                0x08011d3c       0x20 ./Middlewares/ST/STM32_USB_Device_Library/Class/CDC/Src/usbd_cdc.o
                0x08011d3c                USBD_CDC_GetDeviceQualifierDescriptor
 .text.USBD_CDC_RegisterInterface
                0x08011d5c       0x34 ./Middlewares/ST/STM32_USB_Device_Library/Class/CDC/Src/usbd_cdc.o
                0x08011d5c                USBD_CDC_RegisterInterface
 .text.USBD_CDC_SetTxBuffer
                0x08011d90       0x44 ./Middlewares/ST/STM32_USB_Device_Library/Class/CDC/Src/usbd_cdc.o
                0x08011d90                USBD_CDC_SetTxBuffer
 .text.USBD_CDC_SetRxBuffer
                0x08011dd4       0x3a ./Middlewares/ST/STM32_USB_Device_Library/Class/CDC/Src/usbd_cdc.o
                0x08011dd4                USBD_CDC_SetRxBuffer
 *fill*         0x08011e0e        0x2 
 .text.USBD_CDC_TransmitPacket
                0x08011e10       0x80 ./Middlewares/ST/STM32_USB_Device_Library/Class/CDC/Src/usbd_cdc.o
                0x08011e10                USBD_CDC_TransmitPacket
 .text.USBD_CDC_ReceivePacket
                0x08011e90       0x6c ./Middlewares/ST/STM32_USB_Device_Library/Class/CDC/Src/usbd_cdc.o
                0x08011e90                USBD_CDC_ReceivePacket
 .text.USBD_Init
                0x08011efc       0x60 ./Middlewares/ST/STM32_USB_Device_Library/Core/Src/usbd_core.o
                0x08011efc                USBD_Init
 .text.USBD_RegisterClass
                0x08011f5c       0x6c ./Middlewares/ST/STM32_USB_Device_Library/Core/Src/usbd_core.o
                0x08011f5c                USBD_RegisterClass
 .text.USBD_Start
                0x08011fc8       0x18 ./Middlewares/ST/STM32_USB_Device_Library/Core/Src/usbd_core.o
                0x08011fc8                USBD_Start
 .text.USBD_RunTestMode
                0x08011fe0       0x16 ./Middlewares/ST/STM32_USB_Device_Library/Core/Src/usbd_core.o
                0x08011fe0                USBD_RunTestMode
 .text.USBD_SetClassConfig
                0x08011ff6       0x38 ./Middlewares/ST/STM32_USB_Device_Library/Core/Src/usbd_core.o
                0x08011ff6                USBD_SetClassConfig
 .text.USBD_ClrClassConfig
                0x0801202e       0x34 ./Middlewares/ST/STM32_USB_Device_Library/Core/Src/usbd_core.o
                0x0801202e                USBD_ClrClassConfig
 .text.USBD_LL_SetupStage
                0x08012062       0xaa ./Middlewares/ST/STM32_USB_Device_Library/Core/Src/usbd_core.o
                0x08012062                USBD_LL_SetupStage
 .text.USBD_LL_DataOutStage
                0x0801210c      0x166 ./Middlewares/ST/STM32_USB_Device_Library/Core/Src/usbd_core.o
                0x0801210c                USBD_LL_DataOutStage
 .text.USBD_LL_DataInStage
                0x08012272      0x164 ./Middlewares/ST/STM32_USB_Device_Library/Core/Src/usbd_core.o
                0x08012272                USBD_LL_DataInStage
 .text.USBD_LL_Reset
                0x080123d6       0xa4 ./Middlewares/ST/STM32_USB_Device_Library/Core/Src/usbd_core.o
                0x080123d6                USBD_LL_Reset
 .text.USBD_LL_SetSpeed
                0x0801247a       0x20 ./Middlewares/ST/STM32_USB_Device_Library/Core/Src/usbd_core.o
                0x0801247a                USBD_LL_SetSpeed
 .text.USBD_LL_Suspend
                0x0801249a       0x38 ./Middlewares/ST/STM32_USB_Device_Library/Core/Src/usbd_core.o
                0x0801249a                USBD_LL_Suspend
 .text.USBD_LL_Resume
                0x080124d2       0x30 ./Middlewares/ST/STM32_USB_Device_Library/Core/Src/usbd_core.o
                0x080124d2                USBD_LL_Resume
 .text.USBD_LL_SOF
                0x08012502       0x40 ./Middlewares/ST/STM32_USB_Device_Library/Core/Src/usbd_core.o
                0x08012502                USBD_LL_SOF
 .text.USBD_LL_IsoINIncomplete
                0x08012542       0x64 ./Middlewares/ST/STM32_USB_Device_Library/Core/Src/usbd_core.o
                0x08012542                USBD_LL_IsoINIncomplete
 .text.USBD_LL_IsoOUTIncomplete
                0x080125a6       0x64 ./Middlewares/ST/STM32_USB_Device_Library/Core/Src/usbd_core.o
                0x080125a6                USBD_LL_IsoOUTIncomplete
 .text.USBD_LL_DevConnected
                0x0801260a       0x16 ./Middlewares/ST/STM32_USB_Device_Library/Core/Src/usbd_core.o
                0x0801260a                USBD_LL_DevConnected
 .text.USBD_LL_DevDisconnected
                0x08012620       0x46 ./Middlewares/ST/STM32_USB_Device_Library/Core/Src/usbd_core.o
                0x08012620                USBD_LL_DevDisconnected
 .text.USBD_CoreFindIF
                0x08012666       0x1a ./Middlewares/ST/STM32_USB_Device_Library/Core/Src/usbd_core.o
                0x08012666                USBD_CoreFindIF
 .text.USBD_CoreFindEP
                0x08012680       0x1a ./Middlewares/ST/STM32_USB_Device_Library/Core/Src/usbd_core.o
                0x08012680                USBD_CoreFindEP
 .text.USBD_GetEpDesc
                0x0801269a       0x70 ./Middlewares/ST/STM32_USB_Device_Library/Core/Src/usbd_core.o
                0x0801269a                USBD_GetEpDesc
 .text.USBD_GetNextDesc
                0x0801270a       0x38 ./Middlewares/ST/STM32_USB_Device_Library/Core/Src/usbd_core.o
                0x0801270a                USBD_GetNextDesc
 .text.SWAPBYTE
                0x08012742       0x3e ./Middlewares/ST/STM32_USB_Device_Library/Core/Src/usbd_ctlreq.o
 .text.USBD_StdDevReq
                0x08012780       0xe4 ./Middlewares/ST/STM32_USB_Device_Library/Core/Src/usbd_ctlreq.o
                0x08012780                USBD_StdDevReq
 .text.USBD_StdItfReq
                0x08012864       0xd8 ./Middlewares/ST/STM32_USB_Device_Library/Core/Src/usbd_ctlreq.o
                0x08012864                USBD_StdItfReq
 .text.USBD_StdEPReq
                0x0801293c      0x33a ./Middlewares/ST/STM32_USB_Device_Library/Core/Src/usbd_ctlreq.o
                0x0801293c                USBD_StdEPReq
 *fill*         0x08012c76        0x2 
 .text.USBD_GetDescriptor
                0x08012c78      0x328 ./Middlewares/ST/STM32_USB_Device_Library/Core/Src/usbd_ctlreq.o
 .text.USBD_SetAddress
                0x08012fa0       0x88 ./Middlewares/ST/STM32_USB_Device_Library/Core/Src/usbd_ctlreq.o
 .text.USBD_SetConfig
                0x08013028      0x154 ./Middlewares/ST/STM32_USB_Device_Library/Core/Src/usbd_ctlreq.o
 .text.USBD_GetConfig
                0x0801317c       0x6c ./Middlewares/ST/STM32_USB_Device_Library/Core/Src/usbd_ctlreq.o
 .text.USBD_GetStatus
                0x080131e8       0x68 ./Middlewares/ST/STM32_USB_Device_Library/Core/Src/usbd_ctlreq.o
 .text.USBD_SetFeature
                0x08013250       0x52 ./Middlewares/ST/STM32_USB_Device_Library/Core/Src/usbd_ctlreq.o
 .text.USBD_ClrFeature
                0x080132a2       0x44 ./Middlewares/ST/STM32_USB_Device_Library/Core/Src/usbd_ctlreq.o
 .text.USBD_ParseSetupRequest
                0x080132e6       0x74 ./Middlewares/ST/STM32_USB_Device_Library/Core/Src/usbd_ctlreq.o
                0x080132e6                USBD_ParseSetupRequest
 .text.USBD_CtlError
                0x0801335a       0x22 ./Middlewares/ST/STM32_USB_Device_Library/Core/Src/usbd_ctlreq.o
                0x0801335a                USBD_CtlError
 .text.USBD_GetString
                0x0801337c       0xa4 ./Middlewares/ST/STM32_USB_Device_Library/Core/Src/usbd_ctlreq.o
                0x0801337c                USBD_GetString
 .text.USBD_GetLen
                0x08013420       0x34 ./Middlewares/ST/STM32_USB_Device_Library/Core/Src/usbd_ctlreq.o
 .text.USBD_CtlSendData
                0x08013454       0x36 ./Middlewares/ST/STM32_USB_Device_Library/Core/Src/usbd_ioreq.o
                0x08013454                USBD_CtlSendData
 .text.USBD_CtlContinueSendData
                0x0801348a       0x22 ./Middlewares/ST/STM32_USB_Device_Library/Core/Src/usbd_ioreq.o
                0x0801348a                USBD_CtlContinueSendData
 .text.USBD_CtlPrepareRx
                0x080134ac       0x3a ./Middlewares/ST/STM32_USB_Device_Library/Core/Src/usbd_ioreq.o
                0x080134ac                USBD_CtlPrepareRx
 .text.USBD_CtlContinueRx
                0x080134e6       0x22 ./Middlewares/ST/STM32_USB_Device_Library/Core/Src/usbd_ioreq.o
                0x080134e6                USBD_CtlContinueRx
 .text.USBD_CtlSendStatus
                0x08013508       0x26 ./Middlewares/ST/STM32_USB_Device_Library/Core/Src/usbd_ioreq.o
                0x08013508                USBD_CtlSendStatus
 .text.USBD_CtlReceiveStatus
                0x0801352e       0x26 ./Middlewares/ST/STM32_USB_Device_Library/Core/Src/usbd_ioreq.o
                0x0801352e                USBD_CtlReceiveStatus
 .text.MX_USB_DEVICE_Init
                0x08013554       0x7c ./USB_DEVICE/App/usb_device.o
                0x08013554                MX_USB_DEVICE_Init
 .text.CDC_Init_FS
                0x080135d0       0x28 ./USB_DEVICE/App/usbd_cdc_if.o
 .text.CDC_DeInit_FS
                0x080135f8       0x10 ./USB_DEVICE/App/usbd_cdc_if.o
 .text.CDC_Control_FS
                0x08013608       0xbc ./USB_DEVICE/App/usbd_cdc_if.o
 .text.CDC_Receive_FS
                0x080136c4       0x64 ./USB_DEVICE/App/usbd_cdc_if.o
 .text.CDC_Transmit_FS
                0x08013728       0x4c ./USB_DEVICE/App/usbd_cdc_if.o
                0x08013728                CDC_Transmit_FS
 .text.CDC_TransmitCplt_FS
                0x08013774       0x22 ./USB_DEVICE/App/usbd_cdc_if.o
 *fill*         0x08013796        0x2 
 .text.USBD_FS_DeviceDescriptor
                0x08013798       0x24 ./USB_DEVICE/App/usbd_desc.o
                0x08013798                USBD_FS_DeviceDescriptor
 .text.USBD_FS_LangIDStrDescriptor
                0x080137bc       0x24 ./USB_DEVICE/App/usbd_desc.o
                0x080137bc                USBD_FS_LangIDStrDescriptor
 .text.USBD_FS_ProductStrDescriptor
                0x080137e0       0x3c ./USB_DEVICE/App/usbd_desc.o
                0x080137e0                USBD_FS_ProductStrDescriptor
 .text.USBD_FS_ManufacturerStrDescriptor
                0x0801381c       0x28 ./USB_DEVICE/App/usbd_desc.o
                0x0801381c                USBD_FS_ManufacturerStrDescriptor
 .text.USBD_FS_SerialStrDescriptor
                0x08013844       0x24 ./USB_DEVICE/App/usbd_desc.o
                0x08013844                USBD_FS_SerialStrDescriptor
 .text.USBD_FS_ConfigStrDescriptor
                0x08013868       0x3c ./USB_DEVICE/App/usbd_desc.o
                0x08013868                USBD_FS_ConfigStrDescriptor
 .text.USBD_FS_InterfaceStrDescriptor
                0x080138a4       0x3c ./USB_DEVICE/App/usbd_desc.o
                0x080138a4                USBD_FS_InterfaceStrDescriptor
 .text.Get_SerialNum
                0x080138e0       0x58 ./USB_DEVICE/App/usbd_desc.o
 .text.IntToUnicode
                0x08013938       0x7e ./USB_DEVICE/App/usbd_desc.o
 *fill*         0x080139b6        0x2 
 .text.HAL_PCD_MspInit
                0x080139b8       0xe8 ./USB_DEVICE/Target/usbd_conf.o
                0x080139b8                HAL_PCD_MspInit
 .text.HAL_PCD_SetupStageCallback
                0x08013aa0       0x24 ./USB_DEVICE/Target/usbd_conf.o
                0x08013aa0                HAL_PCD_SetupStageCallback
 .text.HAL_PCD_DataOutStageCallback
                0x08013ac4       0x36 ./USB_DEVICE/Target/usbd_conf.o
                0x08013ac4                HAL_PCD_DataOutStageCallback
 .text.HAL_PCD_DataInStageCallback
                0x08013afa       0x34 ./USB_DEVICE/Target/usbd_conf.o
                0x08013afa                HAL_PCD_DataInStageCallback
 .text.HAL_PCD_SOFCallback
                0x08013b2e       0x1c ./USB_DEVICE/Target/usbd_conf.o
                0x08013b2e                HAL_PCD_SOFCallback
 .text.HAL_PCD_ResetCallback
                0x08013b4a       0x50 ./USB_DEVICE/Target/usbd_conf.o
                0x08013b4a                HAL_PCD_ResetCallback
 *fill*         0x08013b9a        0x2 
 .text.HAL_PCD_SuspendCallback
                0x08013b9c       0x4c ./USB_DEVICE/Target/usbd_conf.o
                0x08013b9c                HAL_PCD_SuspendCallback
 .text.HAL_PCD_ResumeCallback
                0x08013be8       0x1c ./USB_DEVICE/Target/usbd_conf.o
                0x08013be8                HAL_PCD_ResumeCallback
 .text.HAL_PCD_ISOOUTIncompleteCallback
                0x08013c04       0x24 ./USB_DEVICE/Target/usbd_conf.o
                0x08013c04                HAL_PCD_ISOOUTIncompleteCallback
 .text.HAL_PCD_ISOINIncompleteCallback
                0x08013c28       0x24 ./USB_DEVICE/Target/usbd_conf.o
                0x08013c28                HAL_PCD_ISOINIncompleteCallback
 .text.HAL_PCD_ConnectCallback
                0x08013c4c       0x1c ./USB_DEVICE/Target/usbd_conf.o
                0x08013c4c                HAL_PCD_ConnectCallback
 .text.HAL_PCD_DisconnectCallback
                0x08013c68       0x1c ./USB_DEVICE/Target/usbd_conf.o
                0x08013c68                HAL_PCD_DisconnectCallback
 .text.USBD_LL_Init
                0x08013c84       0xa0 ./USB_DEVICE/Target/usbd_conf.o
                0x08013c84                USBD_LL_Init
 .text.USBD_LL_Start
                0x08013d24       0x36 ./USB_DEVICE/Target/usbd_conf.o
                0x08013d24                USBD_LL_Start
 .text.USBD_LL_OpenEP
                0x08013d5a       0x4c ./USB_DEVICE/Target/usbd_conf.o
                0x08013d5a                USBD_LL_OpenEP
 .text.USBD_LL_CloseEP
                0x08013da6       0x3e ./USB_DEVICE/Target/usbd_conf.o
                0x08013da6                USBD_LL_CloseEP
 .text.USBD_LL_StallEP
                0x08013de4       0x3e ./USB_DEVICE/Target/usbd_conf.o
                0x08013de4                USBD_LL_StallEP
 .text.USBD_LL_ClearStallEP
                0x08013e22       0x3e ./USB_DEVICE/Target/usbd_conf.o
                0x08013e22                USBD_LL_ClearStallEP
 .text.USBD_LL_IsStallEP
                0x08013e60       0x58 ./USB_DEVICE/Target/usbd_conf.o
                0x08013e60                USBD_LL_IsStallEP
 .text.USBD_LL_SetUSBAddress
                0x08013eb8       0x3e ./USB_DEVICE/Target/usbd_conf.o
                0x08013eb8                USBD_LL_SetUSBAddress
 .text.USBD_LL_Transmit
                0x08013ef6       0x42 ./USB_DEVICE/Target/usbd_conf.o
                0x08013ef6                USBD_LL_Transmit
 .text.USBD_LL_PrepareReceive
                0x08013f38       0x42 ./USB_DEVICE/Target/usbd_conf.o
                0x08013f38                USBD_LL_PrepareReceive
 .text.USBD_LL_GetRxDataSize
                0x08013f7a       0x26 ./USB_DEVICE/Target/usbd_conf.o
                0x08013f7a                USBD_LL_GetRxDataSize
 .text.USBD_static_malloc
                0x08013fa0       0x1c ./USB_DEVICE/Target/usbd_conf.o
                0x08013fa0                USBD_static_malloc
 .text.USBD_static_free
                0x08013fbc       0x14 ./USB_DEVICE/Target/usbd_conf.o
                0x08013fbc                USBD_static_free
 .text.USBD_Get_USB_Status
                0x08013fd0       0x58 ./USB_DEVICE/Target/usbd_conf.o
                0x08013fd0                USBD_Get_USB_Status
 .text.malloc   0x08014028       0x10 C:/ST/STM32CubeIDE_1.18.0/STM32CubeIDE/plugins/com.st.stm32cube.ide.mcu.externaltools.gnu-tools-for-stm32.13.3.rel1.win32_1.0.0.202411081344/tools/bin/../lib/gcc/arm-none-eabi/13.3.1/../../../../arm-none-eabi/lib/thumb/v7e-m+dp/hard\libc_nano.a(libc_a-malloc.o)
                0x08014028                malloc
 .text.sbrk_aligned
                0x08014038       0x44 C:/ST/STM32CubeIDE_1.18.0/STM32CubeIDE/plugins/com.st.stm32cube.ide.mcu.externaltools.gnu-tools-for-stm32.13.3.rel1.win32_1.0.0.202411081344/tools/bin/../lib/gcc/arm-none-eabi/13.3.1/../../../../arm-none-eabi/lib/thumb/v7e-m+dp/hard\libc_nano.a(libc_a-mallocr.o)
 .text._malloc_r
                0x0801407c      0x100 C:/ST/STM32CubeIDE_1.18.0/STM32CubeIDE/plugins/com.st.stm32cube.ide.mcu.externaltools.gnu-tools-for-stm32.13.3.rel1.win32_1.0.0.202411081344/tools/bin/../lib/gcc/arm-none-eabi/13.3.1/../../../../arm-none-eabi/lib/thumb/v7e-m+dp/hard\libc_nano.a(libc_a-mallocr.o)
                0x0801407c                _malloc_r
 .text.__malloc_lock
                0x0801417c        0xc C:/ST/STM32CubeIDE_1.18.0/STM32CubeIDE/plugins/com.st.stm32cube.ide.mcu.externaltools.gnu-tools-for-stm32.13.3.rel1.win32_1.0.0.202411081344/tools/bin/../lib/gcc/arm-none-eabi/13.3.1/../../../../arm-none-eabi/lib/thumb/v7e-m+dp/hard\libc_nano.a(libc_a-mlock.o)
                0x0801417c                __malloc_lock
 .text.__malloc_unlock
                0x08014188        0xc C:/ST/STM32CubeIDE_1.18.0/STM32CubeIDE/plugins/com.st.stm32cube.ide.mcu.externaltools.gnu-tools-for-stm32.13.3.rel1.win32_1.0.0.202411081344/tools/bin/../lib/gcc/arm-none-eabi/13.3.1/../../../../arm-none-eabi/lib/thumb/v7e-m+dp/hard\libc_nano.a(libc_a-mlock.o)
                0x08014188                __malloc_unlock
 .text.__cvt    0x08014194       0xa8 C:/ST/STM32CubeIDE_1.18.0/STM32CubeIDE/plugins/com.st.stm32cube.ide.mcu.externaltools.gnu-tools-for-stm32.13.3.rel1.win32_1.0.0.202411081344/tools/bin/../lib/gcc/arm-none-eabi/13.3.1/../../../../arm-none-eabi/lib/thumb/v7e-m+dp/hard\libc_nano.a(libc_a-nano-vfprintf_float.o)
                0x08014194                __cvt
 .text.__exponent
                0x0801423c       0x74 C:/ST/STM32CubeIDE_1.18.0/STM32CubeIDE/plugins/com.st.stm32cube.ide.mcu.externaltools.gnu-tools-for-stm32.13.3.rel1.win32_1.0.0.202411081344/tools/bin/../lib/gcc/arm-none-eabi/13.3.1/../../../../arm-none-eabi/lib/thumb/v7e-m+dp/hard\libc_nano.a(libc_a-nano-vfprintf_float.o)
                0x0801423c                __exponent
 .text._printf_float
                0x080142b0      0x434 C:/ST/STM32CubeIDE_1.18.0/STM32CubeIDE/plugins/com.st.stm32cube.ide.mcu.externaltools.gnu-tools-for-stm32.13.3.rel1.win32_1.0.0.202411081344/tools/bin/../lib/gcc/arm-none-eabi/13.3.1/../../../../arm-none-eabi/lib/thumb/v7e-m+dp/hard\libc_nano.a(libc_a-nano-vfprintf_float.o)
                0x080142b0                _printf_float
 .text._printf_common
                0x080146e4       0xda C:/ST/STM32CubeIDE_1.18.0/STM32CubeIDE/plugins/com.st.stm32cube.ide.mcu.externaltools.gnu-tools-for-stm32.13.3.rel1.win32_1.0.0.202411081344/tools/bin/../lib/gcc/arm-none-eabi/13.3.1/../../../../arm-none-eabi/lib/thumb/v7e-m+dp/hard\libc_nano.a(libc_a-nano-vfprintf_i.o)
                0x080146e4                _printf_common
 *fill*         0x080147be        0x2 
 .text._printf_i
                0x080147c0      0x23c C:/ST/STM32CubeIDE_1.18.0/STM32CubeIDE/plugins/com.st.stm32cube.ide.mcu.externaltools.gnu-tools-for-stm32.13.3.rel1.win32_1.0.0.202411081344/tools/bin/../lib/gcc/arm-none-eabi/13.3.1/../../../../arm-none-eabi/lib/thumb/v7e-m+dp/hard\libc_nano.a(libc_a-nano-vfprintf_i.o)
                0x080147c0                _printf_i
 .text.std      0x080149fc       0x6c C:/ST/STM32CubeIDE_1.18.0/STM32CubeIDE/plugins/com.st.stm32cube.ide.mcu.externaltools.gnu-tools-for-stm32.13.3.rel1.win32_1.0.0.202411081344/tools/bin/../lib/gcc/arm-none-eabi/13.3.1/../../../../arm-none-eabi/lib/thumb/v7e-m+dp/hard\libc_nano.a(libc_a-findfp.o)
 .text.stdio_exit_handler
                0x08014a68       0x18 C:/ST/STM32CubeIDE_1.18.0/STM32CubeIDE/plugins/com.st.stm32cube.ide.mcu.externaltools.gnu-tools-for-stm32.13.3.rel1.win32_1.0.0.202411081344/tools/bin/../lib/gcc/arm-none-eabi/13.3.1/../../../../arm-none-eabi/lib/thumb/v7e-m+dp/hard\libc_nano.a(libc_a-findfp.o)
 .text.cleanup_stdio
                0x08014a80       0x40 C:/ST/STM32CubeIDE_1.18.0/STM32CubeIDE/plugins/com.st.stm32cube.ide.mcu.externaltools.gnu-tools-for-stm32.13.3.rel1.win32_1.0.0.202411081344/tools/bin/../lib/gcc/arm-none-eabi/13.3.1/../../../../arm-none-eabi/lib/thumb/v7e-m+dp/hard\libc_nano.a(libc_a-findfp.o)
 .text.global_stdio_init.part.0
                0x08014ac0       0x3c C:/ST/STM32CubeIDE_1.18.0/STM32CubeIDE/plugins/com.st.stm32cube.ide.mcu.externaltools.gnu-tools-for-stm32.13.3.rel1.win32_1.0.0.202411081344/tools/bin/../lib/gcc/arm-none-eabi/13.3.1/../../../../arm-none-eabi/lib/thumb/v7e-m+dp/hard\libc_nano.a(libc_a-findfp.o)
 .text.__sfp_lock_acquire
                0x08014afc        0xc C:/ST/STM32CubeIDE_1.18.0/STM32CubeIDE/plugins/com.st.stm32cube.ide.mcu.externaltools.gnu-tools-for-stm32.13.3.rel1.win32_1.0.0.202411081344/tools/bin/../lib/gcc/arm-none-eabi/13.3.1/../../../../arm-none-eabi/lib/thumb/v7e-m+dp/hard\libc_nano.a(libc_a-findfp.o)
                0x08014afc                __sfp_lock_acquire
 .text.__sfp_lock_release
                0x08014b08        0xc C:/ST/STM32CubeIDE_1.18.0/STM32CubeIDE/plugins/com.st.stm32cube.ide.mcu.externaltools.gnu-tools-for-stm32.13.3.rel1.win32_1.0.0.202411081344/tools/bin/../lib/gcc/arm-none-eabi/13.3.1/../../../../arm-none-eabi/lib/thumb/v7e-m+dp/hard\libc_nano.a(libc_a-findfp.o)
                0x08014b08                __sfp_lock_release
 .text.__sinit  0x08014b14       0x30 C:/ST/STM32CubeIDE_1.18.0/STM32CubeIDE/plugins/com.st.stm32cube.ide.mcu.externaltools.gnu-tools-for-stm32.13.3.rel1.win32_1.0.0.202411081344/tools/bin/../lib/gcc/arm-none-eabi/13.3.1/../../../../arm-none-eabi/lib/thumb/v7e-m+dp/hard\libc_nano.a(libc_a-findfp.o)
                0x08014b14                __sinit
 .text._fwalk_sglue
                0x08014b44       0x3c C:/ST/STM32CubeIDE_1.18.0/STM32CubeIDE/plugins/com.st.stm32cube.ide.mcu.externaltools.gnu-tools-for-stm32.13.3.rel1.win32_1.0.0.202411081344/tools/bin/../lib/gcc/arm-none-eabi/13.3.1/../../../../arm-none-eabi/lib/thumb/v7e-m+dp/hard\libc_nano.a(libc_a-fwalk.o)
                0x08014b44                _fwalk_sglue
 .text.sprintf  0x08014b80       0x44 C:/ST/STM32CubeIDE_1.18.0/STM32CubeIDE/plugins/com.st.stm32cube.ide.mcu.externaltools.gnu-tools-for-stm32.13.3.rel1.win32_1.0.0.202411081344/tools/bin/../lib/gcc/arm-none-eabi/13.3.1/../../../../arm-none-eabi/lib/thumb/v7e-m+dp/hard\libc_nano.a(libc_a-sprintf.o)
                0x08014b80                siprintf
                0x08014b80                sprintf
 .text.__sread  0x08014bc4       0x22 C:/ST/STM32CubeIDE_1.18.0/STM32CubeIDE/plugins/com.st.stm32cube.ide.mcu.externaltools.gnu-tools-for-stm32.13.3.rel1.win32_1.0.0.202411081344/tools/bin/../lib/gcc/arm-none-eabi/13.3.1/../../../../arm-none-eabi/lib/thumb/v7e-m+dp/hard\libc_nano.a(libc_a-stdio.o)
                0x08014bc4                __sread
 .text.__swrite
                0x08014be6       0x38 C:/ST/STM32CubeIDE_1.18.0/STM32CubeIDE/plugins/com.st.stm32cube.ide.mcu.externaltools.gnu-tools-for-stm32.13.3.rel1.win32_1.0.0.202411081344/tools/bin/../lib/gcc/arm-none-eabi/13.3.1/../../../../arm-none-eabi/lib/thumb/v7e-m+dp/hard\libc_nano.a(libc_a-stdio.o)
                0x08014be6                __swrite
 .text.__sseek  0x08014c1e       0x24 C:/ST/STM32CubeIDE_1.18.0/STM32CubeIDE/plugins/com.st.stm32cube.ide.mcu.externaltools.gnu-tools-for-stm32.13.3.rel1.win32_1.0.0.202411081344/tools/bin/../lib/gcc/arm-none-eabi/13.3.1/../../../../arm-none-eabi/lib/thumb/v7e-m+dp/hard\libc_nano.a(libc_a-stdio.o)
                0x08014c1e                __sseek
 .text.__sclose
                0x08014c42        0x8 C:/ST/STM32CubeIDE_1.18.0/STM32CubeIDE/plugins/com.st.stm32cube.ide.mcu.externaltools.gnu-tools-for-stm32.13.3.rel1.win32_1.0.0.202411081344/tools/bin/../lib/gcc/arm-none-eabi/13.3.1/../../../../arm-none-eabi/lib/thumb/v7e-m+dp/hard\libc_nano.a(libc_a-stdio.o)
                0x08014c42                __sclose
 .text.memset   0x08014c4a       0x10 C:/ST/STM32CubeIDE_1.18.0/STM32CubeIDE/plugins/com.st.stm32cube.ide.mcu.externaltools.gnu-tools-for-stm32.13.3.rel1.win32_1.0.0.202411081344/tools/bin/../lib/gcc/arm-none-eabi/13.3.1/../../../../arm-none-eabi/lib/thumb/v7e-m+dp/hard\libc_nano.a(libc_a-memset.o)
                0x08014c4a                memset
 *fill*         0x08014c5a        0x2 
 .text._localeconv_r
                0x08014c5c        0x8 C:/ST/STM32CubeIDE_1.18.0/STM32CubeIDE/plugins/com.st.stm32cube.ide.mcu.externaltools.gnu-tools-for-stm32.13.3.rel1.win32_1.0.0.202411081344/tools/bin/../lib/gcc/arm-none-eabi/13.3.1/../../../../arm-none-eabi/lib/thumb/v7e-m+dp/hard\libc_nano.a(libc_a-localeconv.o)
                0x08014c5c                _localeconv_r
 .text._close_r
                0x08014c64       0x20 C:/ST/STM32CubeIDE_1.18.0/STM32CubeIDE/plugins/com.st.stm32cube.ide.mcu.externaltools.gnu-tools-for-stm32.13.3.rel1.win32_1.0.0.202411081344/tools/bin/../lib/gcc/arm-none-eabi/13.3.1/../../../../arm-none-eabi/lib/thumb/v7e-m+dp/hard\libc_nano.a(libc_a-closer.o)
                0x08014c64                _close_r
 .text._lseek_r
                0x08014c84       0x24 C:/ST/STM32CubeIDE_1.18.0/STM32CubeIDE/plugins/com.st.stm32cube.ide.mcu.externaltools.gnu-tools-for-stm32.13.3.rel1.win32_1.0.0.202411081344/tools/bin/../lib/gcc/arm-none-eabi/13.3.1/../../../../arm-none-eabi/lib/thumb/v7e-m+dp/hard\libc_nano.a(libc_a-lseekr.o)
                0x08014c84                _lseek_r
 .text._read_r  0x08014ca8       0x24 C:/ST/STM32CubeIDE_1.18.0/STM32CubeIDE/plugins/com.st.stm32cube.ide.mcu.externaltools.gnu-tools-for-stm32.13.3.rel1.win32_1.0.0.202411081344/tools/bin/../lib/gcc/arm-none-eabi/13.3.1/../../../../arm-none-eabi/lib/thumb/v7e-m+dp/hard\libc_nano.a(libc_a-readr.o)
                0x08014ca8                _read_r
 .text._sbrk_r  0x08014ccc       0x20 C:/ST/STM32CubeIDE_1.18.0/STM32CubeIDE/plugins/com.st.stm32cube.ide.mcu.externaltools.gnu-tools-for-stm32.13.3.rel1.win32_1.0.0.202411081344/tools/bin/../lib/gcc/arm-none-eabi/13.3.1/../../../../arm-none-eabi/lib/thumb/v7e-m+dp/hard\libc_nano.a(libc_a-sbrkr.o)
                0x08014ccc                _sbrk_r
 .text._write_r
                0x08014cec       0x24 C:/ST/STM32CubeIDE_1.18.0/STM32CubeIDE/plugins/com.st.stm32cube.ide.mcu.externaltools.gnu-tools-for-stm32.13.3.rel1.win32_1.0.0.202411081344/tools/bin/../lib/gcc/arm-none-eabi/13.3.1/../../../../arm-none-eabi/lib/thumb/v7e-m+dp/hard\libc_nano.a(libc_a-writer.o)
                0x08014cec                _write_r
 .text.__errno  0x08014d10        0xc C:/ST/STM32CubeIDE_1.18.0/STM32CubeIDE/plugins/com.st.stm32cube.ide.mcu.externaltools.gnu-tools-for-stm32.13.3.rel1.win32_1.0.0.202411081344/tools/bin/../lib/gcc/arm-none-eabi/13.3.1/../../../../arm-none-eabi/lib/thumb/v7e-m+dp/hard\libc_nano.a(libc_a-errno.o)
                0x08014d10                __errno
 .text.__libc_init_array
                0x08014d1c       0x48 C:/ST/STM32CubeIDE_1.18.0/STM32CubeIDE/plugins/com.st.stm32cube.ide.mcu.externaltools.gnu-tools-for-stm32.13.3.rel1.win32_1.0.0.202411081344/tools/bin/../lib/gcc/arm-none-eabi/13.3.1/../../../../arm-none-eabi/lib/thumb/v7e-m+dp/hard\libc_nano.a(libc_a-init.o)
                0x08014d1c                __libc_init_array
 .text.__retarget_lock_init_recursive
                0x08014d64        0x2 C:/ST/STM32CubeIDE_1.18.0/STM32CubeIDE/plugins/com.st.stm32cube.ide.mcu.externaltools.gnu-tools-for-stm32.13.3.rel1.win32_1.0.0.202411081344/tools/bin/../lib/gcc/arm-none-eabi/13.3.1/../../../../arm-none-eabi/lib/thumb/v7e-m+dp/hard\libc_nano.a(libc_a-lock.o)
                0x08014d64                __retarget_lock_init_recursive
 .text.__retarget_lock_acquire_recursive
                0x08014d66        0x2 C:/ST/STM32CubeIDE_1.18.0/STM32CubeIDE/plugins/com.st.stm32cube.ide.mcu.externaltools.gnu-tools-for-stm32.13.3.rel1.win32_1.0.0.202411081344/tools/bin/../lib/gcc/arm-none-eabi/13.3.1/../../../../arm-none-eabi/lib/thumb/v7e-m+dp/hard\libc_nano.a(libc_a-lock.o)
                0x08014d66                __retarget_lock_acquire_recursive
 .text.__retarget_lock_release_recursive
                0x08014d68        0x2 C:/ST/STM32CubeIDE_1.18.0/STM32CubeIDE/plugins/com.st.stm32cube.ide.mcu.externaltools.gnu-tools-for-stm32.13.3.rel1.win32_1.0.0.202411081344/tools/bin/../lib/gcc/arm-none-eabi/13.3.1/../../../../arm-none-eabi/lib/thumb/v7e-m+dp/hard\libc_nano.a(libc_a-lock.o)
                0x08014d68                __retarget_lock_release_recursive
 .text.memcpy   0x08014d6a       0x1c C:/ST/STM32CubeIDE_1.18.0/STM32CubeIDE/plugins/com.st.stm32cube.ide.mcu.externaltools.gnu-tools-for-stm32.13.3.rel1.win32_1.0.0.202411081344/tools/bin/../lib/gcc/arm-none-eabi/13.3.1/../../../../arm-none-eabi/lib/thumb/v7e-m+dp/hard\libc_nano.a(libc_a-memcpy-stub.o)
                0x08014d6a                memcpy
 *fill*         0x08014d86        0x2 
 .text.__assert_func
                0x08014d88       0x3c C:/ST/STM32CubeIDE_1.18.0/STM32CubeIDE/plugins/com.st.stm32cube.ide.mcu.externaltools.gnu-tools-for-stm32.13.3.rel1.win32_1.0.0.202411081344/tools/bin/../lib/gcc/arm-none-eabi/13.3.1/../../../../arm-none-eabi/lib/thumb/v7e-m+dp/hard\libc_nano.a(libc_a-assert.o)
                0x08014d88                __assert_func
 .text.quorem   0x08014dc4      0x110 C:/ST/STM32CubeIDE_1.18.0/STM32CubeIDE/plugins/com.st.stm32cube.ide.mcu.externaltools.gnu-tools-for-stm32.13.3.rel1.win32_1.0.0.202411081344/tools/bin/../lib/gcc/arm-none-eabi/13.3.1/../../../../arm-none-eabi/lib/thumb/v7e-m+dp/hard\libc_nano.a(libc_a-dtoa.o)
 *fill*         0x08014ed4        0x4 
 .text._dtoa_r  0x08014ed8      0xabc C:/ST/STM32CubeIDE_1.18.0/STM32CubeIDE/plugins/com.st.stm32cube.ide.mcu.externaltools.gnu-tools-for-stm32.13.3.rel1.win32_1.0.0.202411081344/tools/bin/../lib/gcc/arm-none-eabi/13.3.1/../../../../arm-none-eabi/lib/thumb/v7e-m+dp/hard\libc_nano.a(libc_a-dtoa.o)
                0x08014ed8                _dtoa_r
 .text._free_r  0x08015994       0x94 C:/ST/STM32CubeIDE_1.18.0/STM32CubeIDE/plugins/com.st.stm32cube.ide.mcu.externaltools.gnu-tools-for-stm32.13.3.rel1.win32_1.0.0.202411081344/tools/bin/../lib/gcc/arm-none-eabi/13.3.1/../../../../arm-none-eabi/lib/thumb/v7e-m+dp/hard\libc_nano.a(libc_a-freer.o)
                0x08015994                _free_r
 .text._Balloc  0x08015a28       0x80 C:/ST/STM32CubeIDE_1.18.0/STM32CubeIDE/plugins/com.st.stm32cube.ide.mcu.externaltools.gnu-tools-for-stm32.13.3.rel1.win32_1.0.0.202411081344/tools/bin/../lib/gcc/arm-none-eabi/13.3.1/../../../../arm-none-eabi/lib/thumb/v7e-m+dp/hard\libc_nano.a(libc_a-mprec.o)
                0x08015a28                _Balloc
 .text._Bfree   0x08015aa8       0x44 C:/ST/STM32CubeIDE_1.18.0/STM32CubeIDE/plugins/com.st.stm32cube.ide.mcu.externaltools.gnu-tools-for-stm32.13.3.rel1.win32_1.0.0.202411081344/tools/bin/../lib/gcc/arm-none-eabi/13.3.1/../../../../arm-none-eabi/lib/thumb/v7e-m+dp/hard\libc_nano.a(libc_a-mprec.o)
                0x08015aa8                _Bfree
 .text.__multadd
                0x08015aec       0x8c C:/ST/STM32CubeIDE_1.18.0/STM32CubeIDE/plugins/com.st.stm32cube.ide.mcu.externaltools.gnu-tools-for-stm32.13.3.rel1.win32_1.0.0.202411081344/tools/bin/../lib/gcc/arm-none-eabi/13.3.1/../../../../arm-none-eabi/lib/thumb/v7e-m+dp/hard\libc_nano.a(libc_a-mprec.o)
                0x08015aec                __multadd
 .text.__hi0bits
                0x08015b78       0x3e C:/ST/STM32CubeIDE_1.18.0/STM32CubeIDE/plugins/com.st.stm32cube.ide.mcu.externaltools.gnu-tools-for-stm32.13.3.rel1.win32_1.0.0.202411081344/tools/bin/../lib/gcc/arm-none-eabi/13.3.1/../../../../arm-none-eabi/lib/thumb/v7e-m+dp/hard\libc_nano.a(libc_a-mprec.o)
                0x08015b78                __hi0bits
 .text.__lo0bits
                0x08015bb6       0x5a C:/ST/STM32CubeIDE_1.18.0/STM32CubeIDE/plugins/com.st.stm32cube.ide.mcu.externaltools.gnu-tools-for-stm32.13.3.rel1.win32_1.0.0.202411081344/tools/bin/../lib/gcc/arm-none-eabi/13.3.1/../../../../arm-none-eabi/lib/thumb/v7e-m+dp/hard\libc_nano.a(libc_a-mprec.o)
                0x08015bb6                __lo0bits
 .text.__i2b    0x08015c10       0x2c C:/ST/STM32CubeIDE_1.18.0/STM32CubeIDE/plugins/com.st.stm32cube.ide.mcu.externaltools.gnu-tools-for-stm32.13.3.rel1.win32_1.0.0.202411081344/tools/bin/../lib/gcc/arm-none-eabi/13.3.1/../../../../arm-none-eabi/lib/thumb/v7e-m+dp/hard\libc_nano.a(libc_a-mprec.o)
                0x08015c10                __i2b
 .text.__multiply
                0x08015c3c      0x144 C:/ST/STM32CubeIDE_1.18.0/STM32CubeIDE/plugins/com.st.stm32cube.ide.mcu.externaltools.gnu-tools-for-stm32.13.3.rel1.win32_1.0.0.202411081344/tools/bin/../lib/gcc/arm-none-eabi/13.3.1/../../../../arm-none-eabi/lib/thumb/v7e-m+dp/hard\libc_nano.a(libc_a-mprec.o)
                0x08015c3c                __multiply
 .text.__pow5mult
                0x08015d80       0xb4 C:/ST/STM32CubeIDE_1.18.0/STM32CubeIDE/plugins/com.st.stm32cube.ide.mcu.externaltools.gnu-tools-for-stm32.13.3.rel1.win32_1.0.0.202411081344/tools/bin/../lib/gcc/arm-none-eabi/13.3.1/../../../../arm-none-eabi/lib/thumb/v7e-m+dp/hard\libc_nano.a(libc_a-mprec.o)
                0x08015d80                __pow5mult
 .text.__lshift
                0x08015e34       0xd8 C:/ST/STM32CubeIDE_1.18.0/STM32CubeIDE/plugins/com.st.stm32cube.ide.mcu.externaltools.gnu-tools-for-stm32.13.3.rel1.win32_1.0.0.202411081344/tools/bin/../lib/gcc/arm-none-eabi/13.3.1/../../../../arm-none-eabi/lib/thumb/v7e-m+dp/hard\libc_nano.a(libc_a-mprec.o)
                0x08015e34                __lshift
 .text.__mcmp   0x08015f0c       0x36 C:/ST/STM32CubeIDE_1.18.0/STM32CubeIDE/plugins/com.st.stm32cube.ide.mcu.externaltools.gnu-tools-for-stm32.13.3.rel1.win32_1.0.0.202411081344/tools/bin/../lib/gcc/arm-none-eabi/13.3.1/../../../../arm-none-eabi/lib/thumb/v7e-m+dp/hard\libc_nano.a(libc_a-mprec.o)
                0x08015f0c                __mcmp
 *fill*         0x08015f42        0x2 